05-20 10:12:59.029  3423  4485 E ActivityManagerWrapper: getRecentTasks: mainTaskId=1538   userId=0   baseIntent=Intent { act=android.intent.action.SEARCH flag=268468224 cmp=ComponentInfo{com.android.quicksearchbox/com.android.quicksearchbox.SearchActivityTransparent} }
05-20 10:12:59.030  5778 28787 I GameBoosterService: onForegroundInfoChanged: Cur=com.yp2048.repositories.test	 last=com.yp2048.repositories
05-20 10:12:59.030  6805  6910 D MyLog   : -->log(1): [Tid:394] [ActivationManager_ac] -->onPackageGoForeground(): packageName=com.yp2048.repositories.test, uid10336, myUid=0, pkgUserId=0
05-20 10:12:59.030  3423  4485 E ActivityManagerWrapper: getRecentTasks: mainTaskId=1526   userId=0   baseIntent=Intent { act=android.intent.action.MAIN flag=270532608 cmp=ComponentInfo{com.android.settings/com.android.settings.MainSettings} }
05-20 10:12:59.031  5778 28787 D GameBoosterService: onGameStatusChange foreground:ForegroundInfo{mForegroundPackageName='com.yp2048.repositories.test', mForegroundUid=10336, mForegroundPid=22843, mLastForegroundPackageName='com.yp2048.repositories', mLastForegroundUid=10335, mLastForegroundPid=1336, mMultiWindowForegroundPackageName='com.yp2048.repositories.test', mMultiWindowForegroundUid=10336, mFlags=1}
05-20 10:12:59.032  5778 28787 I VideoBoxUtils: isSupportVideoBox: true
05-20 10:12:59.032  1084  1084 E vendor.qti.hardware.perf@2.2-service: Unknown params
05-20 10:12:59.032  1084  1084 E vendor.qti.hardware.perf@2.2-service: Unknown params
05-20 10:12:59.032  1084  1084 E vendor.qti.hardware.perf@2.2-service: Unknown params
05-20 10:12:59.032 22843 22843 I ActivityThread: Relaunch all activities: onCoreSettingsChange
05-20 10:12:59.033  2140  2898 I MiuiNetworkPolicyTrafficLimit: updateWhiteListUidForMobileTraffic uid=10336,add=true
05-20 10:12:59.033  2140  2898 D MiuiNetworkPolicyTrafficLimit: updateWhiteListUidForMobileTraffic rst=true
05-20 10:12:59.033 22843 22843 D CompatibilityChangeReporter: Compat change id reported: 171979766; UID 10336; state: ENABLED
05-20 10:12:59.035  6805  6910 D MyLog   : -->log(1): [Tid:394] [ActivationDAO_ac] -->insertRecord(): result=true, record=ActivationRecord{id=0, packageName='com.yp2048.repositories.test', pageName='null', activeTime=1716171179030, caller='com.yp2048.repositories', activationSource='com.yp2048.repositories', installer='null', firstInstallTime=1716171176722, lastUpdateTime=1716171176722, versionName='null', versionCode=0, spaceId=0, traceId='null', activeId='null', uploadFlag=0, syncOneTrackFlag=0, isCachedItem=false}
05-20 10:12:59.035  6805  6910 D MyLog   : -->log(1): [Tid:394] [OneTrackWrapper] -->appActiveBroadcast(): activationIntent=Intent { (has extras) }
05-20 10:12:59.036  2140  2468 I libprocessgroup: Successfully killed process cgroup uid 99910276 pid 32652 in 5ms
05-20 10:12:59.037 22843  2043 D AppScoutStateMachine: 22843-ScoutStateMachinecreated
05-20 10:12:59.039 22843 22843 D ApplicationLoaders: Returning zygote-cached class loader: /system/framework/android.test.base.jar
05-20 10:12:59.039 11000 11000 I Market-ServiceUtils: startForeground: AppActiveStatService
05-20 10:12:59.039  5778 28787 I VideoToolBoxService: splitMode: onfalse
05-20 10:12:59.041 22843 22843 D ApplicationLoaders: Returning zygote-cached class loader: /system/framework/android.test.base.jar
05-20 10:12:59.041  5778 28787 D FreeformUtil: retrieveFirstNoFreeformRootTaskInfo: windowMode = 1
05-20 10:12:59.041  5778 28787 I VideoToolBoxService: onForegroundInfoChanged: Exit Vtb
05-20 10:12:59.041  5778  7079 E SuggestManager: openApp name = com.yp2048.repositories.test
05-20 10:12:59.041  5778  7079 I NewAutoTaskManager: app use - delay = 9223372036854775807, doRemove = false, doPost = false
05-20 10:12:59.041  5778 28787 I AppPredictService: difTIme = 758
05-20 10:12:59.041 22843 22843 W positories.test: ClassLoaderContext shared library size mismatch. Expected=0, found=2 (PCL[] | PCL[]{PCL[/system/framework/android.test.base.jar*1628045882]#PCL[/system/framework/android.test.mock.jar*849501951]})
05-20 10:12:59.042 22843 22843 W ziparchive: Unable to open '/data/app/~~LiX8OQ_xNPCWptlxhSzWEg==/com.yp2048.repositories.test-q1rRMOPuhkFsjfNx8_F0aQ==/base.dm': No such file or directory
05-20 10:12:59.042 22843 22843 W ziparchive: Unable to open '/data/app/~~LiX8OQ_xNPCWptlxhSzWEg==/com.yp2048.repositories.test-q1rRMOPuhkFsjfNx8_F0aQ==/base.dm': No such file or directory
05-20 10:12:59.043  2140  2411 D MediaProjectionManagerServiceStubImpl: handleForegroundServicesChanged
05-20 10:12:59.043  6805 22786 D MyLog   : -->log(1): [Tid:434] [KeepAliveManager] -->onProcessDied(), pid=11000, uid=10138
05-20 10:12:59.044  5778 15683 E AppPredict: insert result = 9811
05-20 10:12:59.044  2140  2898 I MiuiNetworkPolicy: updateUidState uid = 10138, uidState = 4
05-20 10:12:59.045  2140  2898 I MiuiNetworkPolicyTrafficLimit: updateWhiteListUidForMobileTraffic uid=10138,add=true
05-20 10:12:59.045  2140  2898 I MiuiNetworkPolicy: updateUidState uid = 10133, uidState = 4
05-20 10:12:59.045  2140  2898 I MiuiNetworkPolicy: updateUidState uid = 10088, uidState = 4
05-20 10:12:59.047  2140  2898 I MiuiNetworkPolicyTrafficLimit: updateWhiteListUidForMobileTraffic uid=10088,add=true
05-20 10:12:59.047  6805  6910 D MyLog   : -->log(1): [Tid:394] [ActivationManager_ac] -->onSyncToOneTrackDone(): traceId=com.yp2048.repositories.test-2b4e43fb4ef91f52-1716171176797
05-20 10:12:59.047  2140  2898 D MiuiNetworkPolicyTrafficLimit: updateWhiteListUidForMobileTraffic rst=true
05-20 10:12:59.048  2140  2898 D MiuiNetworkPolicyTrafficLimit: updateWhiteListUidForMobileTraffic rst=true
05-20 10:12:59.050  6805  6910 D MyLog   : -->log(1): [Tid:394] [ActivationManager_ac] -->uploadEventToServer():
05-20 10:12:59.053  5778 28787 I BeautyService: onForegroundInfoChanged: Cur=com.yp2048.repositories.test	 last=com.yp2048.repositories
05-20 10:12:59.054  2140  2898 I MiuiNetworkPolicy: updateUidState uid = 99910276, uidState = 19
05-20 10:12:59.059  7192  7952 D ThermalIECHandler: storeDataStyle: thermal_iec_monitor_persistence_data_style_iec_state; startIECTime: -1; IECScreenOffOverPeriodTime: 4915456
05-20 10:12:59.059  7192  7952 D ThermalScenarioManager: handleMessage -9
05-20 10:12:59.059  7192  7952 D ThermalScenarioManager: current: ScenarioName: 0
05-20 10:12:59.059  7192  7952 D ThermalScenarioManager: Element list : 97	97	98	98	99	99	99	99	99	99	99	99	99	99	99	99	99	99
05-20 10:12:59.059  7192  7952 D ThermalScenarioManager: match scenario 0
05-20 10:12:59.060  7192  7952 D ThermalIECHandler: storeDataStyle: thermal_iec_monitor_persistence_data_style_iec_state; startIECTime: -1; IECScreenOffOverPeriodTime: 4915456
05-20 10:12:59.061 11000  2063 I Market-Coder: expandMd5Buffer: false
05-20 10:12:59.061 22843 22843 I Perf    : Connecting to perf service.
05-20 10:12:59.064 22843 22843 V GraphicsEnvironment: ANGLE Developer option for 'com.yp2048.repositories.test' set to: 'default'
05-20 10:12:59.064 22843 22843 V GraphicsEnvironment: ANGLE GameManagerService for com.yp2048.repositories.test: false
05-20 10:12:59.064 22843 22843 V GraphicsEnvironment: Updatable production driver is not supported on the device.
05-20 10:12:59.067 22843 22843 I ForceDarkHelperStubImpl: initialize for com.yp2048.repositories.test , ForceDarkOrigin
05-20 10:12:59.068  2140  2411 D MediaProjectionManagerServiceStubImpl: handleForegroundServicesChanged
05-20 10:12:59.068  6805 22786 D MyLog   : -->log(1): [Tid:434] [KeepAliveManager] -->onProcessDied(), pid=11000, uid=10138
05-20 10:12:59.068 22843 22843 D positories.test: JNI_OnLoad success
05-20 10:12:59.068 22843 22843 I MiuiForceDarkConfig: setConfig density:3.500000, mainRule:0, secondaryRule:0, tertiaryRule:0
05-20 10:12:59.069 11000 11000 I Market-ServiceUtils: stop foreground service: AppActiveStatService
05-20 10:12:59.069 22843 22843 D NetworkSecurityConfig: No Network Security Config specified, using platform default
05-20 10:12:59.070 22843 22843 D NetworkSecurityConfig: No Network Security Config specified, using platform default
05-20 10:12:59.070  2140  2898 I MiuiNetworkPolicy: updateUidState uid = 10138, uidState = 10
05-20 10:12:59.073  2140  7330 D MiuiMultiWindowAdapter: MiuiMultiWindowAdapter::getFreeformVideoWhiteList::sSmallWindowWhiteList = [com.hunantv.imgo.activity, com.tencent.qqlive, com.qiyi.video, com.hunantv.imgo.activity.inter, com.tencent.qqlivei18n, com.iqiyi.i18n, tv.danmaku.bili]
05-20 10:12:59.073 22843 22843 D MiuiMultiWindowAdapter: MiuiMultiWindowAdapter::getFreeformVideoWhiteListInSystem::LIST_ABOUT_SUPPORT_LANDSCAPE_VIDEO = [com.hunantv.imgo.activity, com.tencent.qqlive, com.qiyi.video, com.hunantv.imgo.activity.inter, com.tencent.qqlivei18n, com.iqiyi.i18n, tv.danmaku.bili]
05-20 10:12:59.073  5916  6047 D IdProviderImpl: getOAID from com.miui.analytics
05-20 10:12:59.073  2140  2898 I MiuiNetworkPolicyTrafficLimit: updateWhiteListUidForMobileTraffic uid=10138,add=false
05-20 10:12:59.073  2140  2898 I MiuiNetworkPolicy: updateUidState uid = 10133, uidState = 6
05-20 10:12:59.073  2140  2898 I MiuiNetworkPolicy: updateUidState uid = 10088, uidState = 10
05-20 10:12:59.073 11000 21314 I Market-RetrofitRequest: callStart : https://app.market.xiaomi.com/apm/statistics/appactive
05-20 10:12:59.074  2140  2898 I MiuiNetworkPolicyTrafficLimit: updateWhiteListUidForMobileTraffic uid=10088,add=false
05-20 10:12:59.075  2140  2898 I MiuiNetworkPolicy: updateUidState uid = 10138, uidState = 19
05-20 10:12:59.075  2140  2898 I MiuiNetworkPolicy: updateUidState uid = 10088, uidState = 19
05-20 10:12:59.076  2140  2898 D MiuiNetworkPolicyTrafficLimit: updateWhiteListUidForMobileTraffic rst=true
05-20 10:12:59.076  2140  2898 D MiuiNetworkPolicyTrafficLimit: updateWhiteListUidForMobileTraffic rst=true
05-20 10:12:59.076 11000 21314 I Market-RetrofitRequest: HeaderInterceptor : https://app.market.xiaomi.com/apm/statistics/appactive
05-20 10:12:59.077   875   875 I Zygote  : Process 32652 exited due to signal 9 (Killed)
05-20 10:12:59.077  1084  1084 E vendor.qti.hardware.perf@2.2-service: Unknown params
05-20 10:12:59.077  1084  1084 E vendor.qti.hardware.perf@2.2-service: Unknown params
05-20 10:12:59.077  1084  1084 E vendor.qti.hardware.perf@2.2-service: Unknown params
05-20 10:12:59.078  6364 22027 I com.xiaomi.xmsf: oneway function results for code 3 on binder at 0xb4000077b73470c0 will be dropped but finished with status UNKNOWN_TRANSACTION
05-20 10:12:59.079  5551  5572 I NetworkBoostStatusManager: onUidGone uid: 99910276
05-20 10:12:59.080  7192  7226 D UidObserver: onUidGone entry uid = 99910276
05-20 10:12:59.080  3423  3902 D TaskStackChangeListeners: onTaskDescriptionChanged =  taskId = 1569
05-20 10:12:59.080  6805 22786 I i.xmsf:services: oneway function results for code 3 on binder at 0xb4000077b8455d80 will be dropped but finished with status UNKNOWN_TRANSACTION
05-20 10:12:59.081  2140  2898 I MiuiNetworkPolicy: removeUidState uid = 99910276
05-20 10:12:59.083 22843 22843 W libc    : Access denied finding property "ro.vendor.df.effect.conflict"
05-20 10:12:59.084  3423  3902 D RecentsModel: onTaskStackChangedBackground
05-20 10:12:59.084  3423  4485 D RecentsModel: onTaskStackChangedBackground    MSG_TASK_STACK_CHANGE
05-20 10:12:59.084  3423  4485 D RecentsModel: preloadRecents
05-20 10:12:59.084  3423  4485 W RecentsModel: getRunningTask
05-20 10:12:59.085  5778  6131 I SCTaskStackListener: onTaskStackChanged! inSplit = false
05-20 10:12:59.085  7192  7226 I MultiScreenObserver: onTaskStackChanged, splitScreenMode: false isCameraFloat: true isSmallScreen: false
05-20 10:12:59.085  3423 15538 D RecentsModel: onTaskStackChangedBackground
05-20 10:12:59.085  3423  3902 D RecentsModel: onTaskStackChangedBackground
05-20 10:12:59.085  3423  3902 D EventBus: No subscribers registered for event class com.miui.home.recents.messages.RecentTasksChangedEvent
05-20 10:12:59.085  3423 15538 D EventBus: No subscribers registered for event class com.miui.home.recents.messages.RecentTasksChangedEvent
05-20 10:12:59.085  3423 15538 D EventBus: No subscribers registered for event class org.greenrobot.eventbus.NoSubscriberEvent
05-20 10:12:59.085  3423  3902 D EventBus: No subscribers registered for event class org.greenrobot.eventbus.NoSubscriberEvent
05-20 10:12:59.086  3423  4135 D RecentsModel: onTaskStackChangedBackground
05-20 10:12:59.086  3423  4135 D EventBus: No subscribers registered for event class com.miui.home.recents.messages.RecentTasksChangedEvent
05-20 10:12:59.086  3423  4135 D EventBus: No subscribers registered for event class org.greenrobot.eventbus.NoSubscriberEvent
05-20 10:12:59.086  3423  4485 W RecentsModel: getRunningTask   taskInfo=TaskInfo{userId=0 taskId=1569 displayId=0 isRunning=true baseIntent=Intent { act=android.intent.action.MAIN cat=[android.intent.category.LAUNCHER] flg=0x10000000 cmp=com.yp2048.repositories.test/androidx.test.core.app.InstrumentationActivityInvoker$EmptyActivity } baseActivity=ComponentInfo{com.yp2048.repositories.test/androidx.test.core.app.InstrumentationActivityInvoker$EmptyActivity} topActivity=ComponentInfo{com.yp2048.repositories.test/androidx.test.core.app.InstrumentationActivityInvoker$EmptyActivity} origActivity=null realActivity=ComponentInfo{com.yp2048.repositories.test/androidx.test.core.app.InstrumentationActivityInvoker$EmptyActivity} numActivities=1 lastActiveTime=9153818 supportsSplitScreenMultiWindow=true supportsMultiWindow=true resizeMode=1 isResizeable=true minWidth=-1 minHeight=-1 defaultMinSize=200 token=WCT{android.window.IWindowContainerToken$Stub$Proxy@d1cd477} topActivityType=1 pictureInPictureParams=null shouldDockBigOverlays=false launchIntoPipHostTaskId=0 displayCutoutSafeInsets=Rect(0, 137 - 0, 0) topActivityInfo=ActivityInfo{90ce8e4 androidx.test.core.app.InstrumentationActivityInvoker$EmptyActivity} launchCookies=[] positionInParent=Point(0, 0) parentTaskId=-1 isFocused=true isVisible=true isSleeping=false topActivityInSizeCompat=false topActivityInMiuiSizeCompat=false topActivityEligibleForLetterboxEducation= false locusId=null displayAreaFeatureId=1 cameraCompatControlState=hidden mIsCastMode=false}
05-20 10:12:59.086  3423  4485 W RecentsModel: getTaskInfoIgnoreHomeAndFreeform   taskInfo=ComponentInfo{com.yp2048.repositories.test/androidx.test.core.app.InstrumentationActivityInvoker$EmptyActivity}
05-20 10:12:59.086  3423  4485 E ActivityManagerWrapper: get all recent tasks force including 1569
05-20 10:12:59.088 22843 22843 E positories.test: Invalid ID 0x00000000.
05-20 10:12:59.090 22843 22843 D IS_CTS_MODE: true
05-20 10:12:59.090 22843 22843 D MULTI_WINDOW_ENABLED: false
05-20 10:12:59.090  3423  4485 E ActivityManagerWrapper: getRecentTasks: size=5
05-20 10:12:59.090  3423  4485 E ActivityManagerWrapper: getRecentTasks: mainTaskId=1569   userId=0   baseIntent=Intent { act=android.intent.action.MAIN flag=268435456 cmp=ComponentInfo{com.yp2048.repositories.test/androidx.test.core.app.InstrumentationActivityInvoker$EmptyActivity} }
05-20 10:12:59.090  3423  4485 E ActivityManagerWrapper: getRecentTasks: mainTaskId=1568   userId=0   baseIntent=Intent { act=android.intent.action.MAIN flag=268468224 cmp=ComponentInfo{com.yp2048.repositories/androidx.activity.ComponentActivity} }
05-20 10:12:59.090  5778 28787 I SCTaskStackListener: onTaskStackChanged! inSplit = false
05-20 10:12:59.090  3423  4485 E ActivityManagerWrapper: getRecentTasks: mainTaskId=1539   userId=0   baseIntent=Intent { act=android.settings.WIFI_SETTINGS flag=335544320 cmp=ComponentInfo{com.android.settings/com.android.settings.Settings$WifiSettingsActivity} }
05-20 10:12:59.090  3423  4485 E ActivityManagerWrapper: getRecentTasks: mainTaskId=1538   userId=0   baseIntent=Intent { act=android.intent.action.SEARCH flag=268468224 cmp=ComponentInfo{com.android.quicksearchbox/com.android.quicksearchbox.SearchActivityTransparent} }
05-20 10:12:59.091  3423  4485 E ActivityManagerWrapper: getRecentTasks: mainTaskId=1526   userId=0   baseIntent=Intent { act=android.intent.action.MAIN flag=270532608 cmp=ComponentInfo{com.android.settings/com.android.settings.MainSettings} }
05-20 10:12:59.092  3423  4485 D RecentsModel: onTaskStackChangedBackground    MSG_TASK_STACK_CHANGE
05-20 10:12:59.092  3423  4485 D RecentsModel: preloadRecents
05-20 10:12:59.092  3423  4485 W RecentsModel: getRunningTask
05-20 10:12:59.093 22843 22843 D DecorView[]: getWindowModeFromSystem  windowmode is 1
05-20 10:12:59.093  3423  4485 W RecentsModel: getRunningTask   taskInfo=TaskInfo{userId=0 taskId=1569 displayId=0 isRunning=true baseIntent=Intent { act=android.intent.action.MAIN cat=[android.intent.category.LAUNCHER] flg=0x10000000 cmp=com.yp2048.repositories.test/androidx.test.core.app.InstrumentationActivityInvoker$EmptyActivity } baseActivity=ComponentInfo{com.yp2048.repositories.test/androidx.test.core.app.InstrumentationActivityInvoker$EmptyActivity} topActivity=ComponentInfo{com.yp2048.repositories.test/androidx.test.core.app.InstrumentationActivityInvoker$EmptyActivity} origActivity=null realActivity=ComponentInfo{com.yp2048.repositories.test/androidx.test.core.app.InstrumentationActivityInvoker$EmptyActivity} numActivities=1 lastActiveTime=9153825 supportsSplitScreenMultiWindow=true supportsMultiWindow=true resizeMode=1 isResizeable=true minWidth=-1 minHeight=-1 defaultMinSize=200 token=WCT{android.window.IWindowContainerToken$Stub$Proxy@dccd14d} topActivityType=1 pictureInPictureParams=null shouldDockBigOverlays=false launchIntoPipHostTaskId=0 displayCutoutSafeInsets=Rect(0, 137 - 0, 0) topActivityInfo=ActivityInfo{688c402 androidx.test.core.app.InstrumentationActivityInvoker$EmptyActivity} launchCookies=[] positionInParent=Point(0, 0) parentTaskId=-1 isFocused=true isVisible=true isSleeping=false topActivityInSizeCompat=false topActivityInMiuiSizeCompat=false topActivityEligibleForLetterboxEducation= false locusId=null displayAreaFeatureId=1 cameraCompatControlState=hidden mIsCastMode=false}
05-20 10:12:59.093  3423  4485 W RecentsModel: getTaskInfoIgnoreHomeAndFreeform   taskInfo=ComponentInfo{com.yp2048.repositories.test/androidx.test.core.app.InstrumentationActivityInvoker$EmptyActivity}
05-20 10:12:59.095   875   875 D Zygote  : Forked child process 2135
05-20 10:12:59.097  3423  4485 E ActivityManagerWrapper: get all recent tasks force including 1569
05-20 10:12:59.099  3423  4485 E ActivityManagerWrapper: getRecentTasks: size=5
05-20 10:12:59.099  3423  4485 E ActivityManagerWrapper: getRecentTasks: mainTaskId=1569   userId=0   baseIntent=Intent { act=android.intent.action.MAIN flag=268435456 cmp=ComponentInfo{com.yp2048.repositories.test/androidx.test.core.app.InstrumentationActivityInvoker$EmptyActivity} }
05-20 10:12:59.099  3423  4485 E ActivityManagerWrapper: getRecentTasks: mainTaskId=1568   userId=0   baseIntent=Intent { act=android.intent.action.MAIN flag=268468224 cmp=ComponentInfo{com.yp2048.repositories/androidx.activity.ComponentActivity} }
05-20 10:12:59.099  3423  4485 E ActivityManagerWrapper: getRecentTasks: mainTaskId=1539   userId=0   baseIntent=Intent { act=android.settings.WIFI_SETTINGS flag=335544320 cmp=ComponentInfo{com.android.settings/com.android.settings.Settings$WifiSettingsActivity} }
05-20 10:12:59.099  3423  4485 E ActivityManagerWrapper: getRecentTasks: mainTaskId=1538   userId=0   baseIntent=Intent { act=android.intent.action.SEARCH flag=268468224 cmp=ComponentInfo{com.android.quicksearchbox/com.android.quicksearchbox.SearchActivityTransparent} }
05-20 10:12:59.099  3423  4485 E ActivityManagerWrapper: getRecentTasks: mainTaskId=1526   userId=0   baseIntent=Intent { act=android.intent.action.MAIN flag=270532608 cmp=ComponentInfo{com.android.settings/com.android.settings.MainSettings} }
05-20 10:12:59.100 22843  2128 D ViewContentFactory: initViewContentFetcherClass
05-20 10:12:59.100 22843  2128 D ViewContentFactory: getInterceptorPackageInfo
05-20 10:12:59.101 22843  2128 D ViewContentFactory: getInitialApplication took 0ms
05-20 10:12:59.101 22843  2128 D ViewContentFactory: packageInfo.packageName: com.miui.catcherpatch
05-20 10:12:59.105  2140  2898 I MiuiNetworkPolicy: updateUidState uid = 99910276, uidState = 19
05-20 10:12:59.105  2140  2898 I MiuiNetworkPolicy: updateUidState uid = 10335, uidState = 4
05-20 10:12:59.105  2140  2898 I MiuiNetworkPolicy: updateUidState uid = 10153, uidState = 4
05-20 10:12:59.105  2140  2898 I MiuiNetworkPolicy: updateUidState uid = 10074, uidState = 5
05-20 10:12:59.107 11000 21314 I Market-LimitSpeedManager: startLimitSpeedNow() ====== speed = 32768
05-20 10:12:59.108  2140  2898 I MiuiNetworkPolicyTrafficLimit: updateWhiteListUidForMobileTraffic uid=10074,add=false
05-20 10:12:59.108  2140  2898 D MiuiNetworkPolicyTrafficLimit: updateWhiteListUidForMobileTraffic rst=true
05-20 10:12:59.111 21407 23765 D DMS_LimitSpeedService: limit speed(32.00KB/s) success
05-20 10:12:59.111 11000 21314 I Market-DownloadLimitSpeedManager: startLimitSpeed success. Total count 1
05-20 10:12:59.112 11000 21314 I Market-RetrofitRequest: HeaderInterceptor : https://app.market.xiaomi.com/apm/statistics/appactive
05-20 10:12:59.114 22843  2128 D ViewContentFactory: initViewContentFetcherClass took 14ms
05-20 10:12:59.114 22843  2128 I ContentCatcher: ViewContentFetcher : ViewContentFetcher
05-20 10:12:59.115 22843  2128 D ViewContentFactory: createInterceptor took 14ms
05-20 10:12:59.115  2135  2135 E ter.soterserver: Not starting debugger since process cannot load the jdwp agent.
05-20 10:12:59.119  2135  2135 I MessageMonitor: Load libmiui_runtime
05-20 10:12:59.121  6805  8703 D AppUpdateXmsfLauncher: activityResumed intent : Intent { cmp=com.yp2048.repositories.test/androidx.test.core.app.InstrumentationActivityInvoker$EmptyActivity (has extras) }
05-20 10:12:59.121  3423  3423 D RecentsImpl: mActivityStateObserver androidx.test.core.app.InstrumentationActivityInvoker$EmptyActivity
05-20 10:12:59.122  3423  3423 W RecentsImpl: onResumed className=androidx.test.core.app.InstrumentationActivityInvoker$EmptyActivity   mIsInAnotherPro=false   isKeyguardLocked=false   mSecuritySpaceGuideShown=false
05-20 10:12:59.122  3423  3423 D RecentsImpl: showNavStubView
05-20 10:12:59.122  3423  3423 D NavStubView_Touch: setKeepHidden    old=false   new=false
05-20 10:12:59.122  3423  4039 W RecentsImpl: disableTouchBySwipeStatusBar    disable=false
05-20 10:12:59.122  3423  4039 D GestureStubView_Touch: disableTouchBySwipeStatusBar    old=false   new=false
05-20 10:12:59.122  3423  4039 D GestureStubView_Touch: disableTouchBySwipeStatusBar    old=false   new=false
05-20 10:12:59.122  3423  4039 W RecentsImpl: disableBackStubWindow    disableTouch=false
05-20 10:12:59.122  3423  4039 D GestureStubView_Touch: disableTouch    old=false   new=false
05-20 10:12:59.122  3423  4039 D GestureStubView_Touch: disableTouch    old=false   new=false
05-20 10:12:59.122  3423  4039 D RecentsImpl: showBackStubWindow  hasNavigationBar=true
05-20 10:12:59.122  3423  4039 D GestureStubView_Touch: setKeepHidden    old=false   new=false
05-20 10:12:59.122  3423  4039 W GestureStubView: adaptRotation   currentRotation=0   mRotation=0
05-20 10:12:59.122  3423  4039 D GestureStubView: resetRenderProperty: showGestureStub   isLayoutParamChanged=false
05-20 10:12:59.123  2140  2227 D SymlinkUtils: attachApplication file op go pass: 1 ms
05-20 10:12:59.123  3423  4039 D GestureStubView_Touch: disableTouch    old=false   new=false
05-20 10:12:59.123  3423  4039 D GestureStubView: showGestureStub
05-20 10:12:59.123  3423  4039 D GestureStubView_Touch: setKeepHidden    old=false   new=false
05-20 10:12:59.123  3423  4039 W GestureStubView: adaptRotation   currentRotation=0   mRotation=0
05-20 10:12:59.123  3423  4039 D GestureStubView: resetRenderProperty: showGestureStub   isLayoutParamChanged=false
05-20 10:12:59.123  3423  4039 D GestureStubView_Touch: disableTouch    old=false   new=false
05-20 10:12:59.123  3423  4039 D GestureStubView: showGestureStub
05-20 10:12:59.126  3423  4039 D GestureStubView: gatherTransparentRegion: need render w:72  h:1920
05-20 10:12:59.126  3423  4039 D GestureStubView: gatherTransparentRegion: need render w:72  h:1920
05-20 10:12:59.130  2140  3528 D ActivityTrigger: ActivityTrigger activityPauseTrigger
05-20 10:12:59.130  1084  1084 E vendor.qti.hardware.perf@2.2-service: Unknown params
05-20 10:12:59.132  2140  2227 D CompatibilityInfo: mCompatibilityFlags - 0
05-20 10:12:59.132  2140  2227 D CompatibilityInfo: applicationDensity - 560
05-20 10:12:59.132  2140  2227 D CompatibilityInfo: applicationScale - 1.0
05-20 10:12:59.136  6805  8703 D MyLog   : -->log(1): [Tid:405] [KeepAliveBindBridge] -->bindTargetService(): triggerPkg=com.miui.home
05-20 10:12:59.136  3635  3684 D A2dpLatencyMode: onForegroundActivitiesChanged, pid: 3423 uid: 10106 foregroundActivities: true
05-20 10:12:59.137  2140  2227 D CompatibilityInfo: mCompatibilityFlags - 0
05-20 10:12:59.137  2140  2227 D CompatibilityInfo: applicationDensity - 560
05-20 10:12:59.137  2140  2227 D CompatibilityInfo: applicationScale - 1.0
05-20 10:12:59.139  2140  2898 I MiuiNetworkPolicy: updateUidState uid = 99910276, uidState = 10
05-20 10:12:59.139  1271  4388 D MI-SF   : [FpsStat] construct...
05-20 10:12:59.139  2140  2898 I MiuiNetworkPolicy: updateUidState uid = 99000, uidState = 3
05-20 10:12:59.139  2140  2898 I MiuiNetworkPolicy: updateUidState uid = 10235, uidState = 3
05-20 10:12:59.140  2140  3528 D SurfaceControl: nativeSetScreenProjection ===> setScreenProjection
05-20 10:12:59.140  2140  3528 D SurfaceControl: nativeSetScreenProjection ===> setScreenProjection
05-20 10:12:59.140  3423  3423 D EventBus: No subscribers registered for event class com.miui.home.recents.messages.TaskSnapshotChangedEvent
05-20 10:12:59.140  3423  3423 D EventBus: No subscribers registered for event class org.greenrobot.eventbus.NoSubscriberEvent
05-20 10:12:59.142  2135  2135 I ActivityThread: Relaunch all activities: onCoreSettingsChange
05-20 10:12:59.143  1271  4388 D MI-SF   : [FpsStat] construct...
05-20 10:12:59.143  5239 22028 W MQSService: CallerName:com.tencent.soter.soterserver,calling Uid:99910276
05-20 10:12:59.143  5239 22028 D MQSService: registerApplicationScoutThread pid = 2135, packageName = com.tencent.soter.soterserver
05-20 10:12:59.143  2135  2135 D CompatibilityChangeReporter: Compat change id reported: 171979766; UID 99910276; state: ENABLED
05-20 10:12:59.144  2140  3528 D SurfaceControl: nativeSetScreenProjection ===> setScreenProjection
05-20 10:12:59.144  2140  3528 D SurfaceControl: nativeSetScreenProjection ===> setScreenProjection
05-20 10:12:59.147  1271  2575 W ServiceManager: Permission failure: android.permission.ACCESS_SURFACE_FLINGER from uid=10336 pid=22843
05-20 10:12:59.147  1271  1487 W ServiceManager: Permission failure: android.permission.ACCESS_SURFACE_FLINGER from uid=10336 pid=0
05-20 10:12:59.147  1271  1487 D PermissionCache: checking android.permission.ACCESS_SURFACE_FLINGER for uid=10336 => denied (556 us)
05-20 10:12:59.147  1271  2575 D PermissionCache: checking android.permission.ACCESS_SURFACE_FLINGER for uid=10336 => denied (158 us)
05-20 10:12:59.147  1271  1487 W ServiceManager: Permission failure: android.permission.ROTATE_SURFACE_FLINGER from uid=10336 pid=0
05-20 10:12:59.147  1271  1487 D PermissionCache: checking android.permission.ROTATE_SURFACE_FLINGER for uid=10336 => denied (80 us)
05-20 10:12:59.147  1271  1487 W ServiceManager: Permission failure: android.permission.INTERNAL_SYSTEM_WINDOW from uid=10336 pid=0
05-20 10:12:59.147  1271  1487 D PermissionCache: checking android.permission.INTERNAL_SYSTEM_WINDOW for uid=10336 => denied (45 us)
05-20 10:12:59.147  1271  2575 W ServiceManager: Permission failure: android.permission.ROTATE_SURFACE_FLINGER from uid=10336 pid=22843
05-20 10:12:59.147  1271  2575 D PermissionCache: checking android.permission.ROTATE_SURFACE_FLINGER for uid=10336 => denied (232 us)
05-20 10:12:59.148 22843  2118 I AdrenoGLES-0: QUALCOMM build                   : 329cf4c2a7, I63533b1e29
05-20 10:12:59.148 22843  2118 I AdrenoGLES-0: Build Date                       : 01/31/23
05-20 10:12:59.148 22843  2118 I AdrenoGLES-0: OpenGL ES Shader Compiler Version: EV031.35.01.12
05-20 10:12:59.148 22843  2118 I AdrenoGLES-0: Local Branch                     :
05-20 10:12:59.148 22843  2118 I AdrenoGLES-0: Remote Branch                    : refs/tags/AU_LINUX_ANDROID_LA.UM.9.14.11.00.00.571.148
05-20 10:12:59.148 22843  2118 I AdrenoGLES-0: Remote Branch                    : NONE
05-20 10:12:59.148 22843  2118 I AdrenoGLES-0: Reconstruct Branch               : NOTHING
05-20 10:12:59.148 22843  2118 I AdrenoGLES-0: Build Config                     : S P 10.0.7 AArch64
05-20 10:12:59.148 22843  2118 I AdrenoGLES-0: Driver Path                      : /vendor/lib64/egl/libGLESv2_adreno.so
05-20 10:12:59.148  2140  2898 I MiuiNetworkPolicyTrafficLimit: updateWhiteListUidForMobileTraffic uid=10235,add=true
05-20 10:12:59.148  2140  2898 I MiuiNetworkPolicy: updateUidState uid = 10153, uidState = 3
05-20 10:12:59.148  2140  2898 I MiuiNetworkPolicy: updateUidState uid = 10143, uidState = 3
05-20 10:12:59.148  2140  2898 I MiuiNetworkPolicy: updateUidState uid = 10137, uidState = 3
05-20 10:12:59.148  2140  2898 I MiuiNetworkPolicy: updateUidState uid = 10106, uidState = 2
05-20 10:12:59.151 22843  2118 I AdrenoGLES-0: PFP: 0x016dc094, ME: 0x00000000
05-20 10:12:59.157  2140  2898 I MiuiNetworkPolicyTrafficLimit: updateWhiteListUidForMobileTraffic uid=10106,add=true
05-20 10:12:59.157  2140  2898 I MiuiNetworkPolicy: updateUidState uid = 10101, uidState = 3
05-20 10:12:59.159  2140  2898 I MiuiNetworkPolicyTrafficLimit: updateWhiteListUidForMobileTraffic uid=10101,add=true
05-20 10:12:59.159  2140  2898 I MiuiNetworkPolicy: updateUidState uid = 10083, uidState = 3
05-20 10:12:59.160  2140  2898 I MiuiNetworkPolicyTrafficLimit: updateWhiteListUidForMobileTraffic uid=10083,add=true
05-20 10:12:59.160  2140  2898 D MiuiNetworkPolicyTrafficLimit: updateWhiteListUidForMobileTraffic rst=true
05-20 10:12:59.160  2140  2898 D MiuiNetworkPolicyTrafficLimit: updateWhiteListUidForMobileTraffic rst=true
05-20 10:12:59.160  2140  2898 D MiuiNetworkPolicyTrafficLimit: updateWhiteListUidForMobileTraffic rst=true
05-20 10:12:59.160  2140  2898 D MiuiNetworkPolicyTrafficLimit: updateWhiteListUidForMobileTraffic rst=true
05-20 10:12:59.161 22843  2118 W libc    : Access denied finding property "vendor.migl.debug"
05-20 10:12:59.163  2135  2135 D nativeloader: classloader namespace configured for unbundled vendor apk. library_path=/vendor/app/SoterService/lib/arm64:/vendor/lib64
05-20 10:12:59.163 22843  2118 E libEGL  : pre_cache appList: ,,
05-20 10:12:59.165  1079  1481 I SDM     : HWCColorModeStc::GetColorModeCount: Supported color mode count = 3
05-20 10:12:59.165  1079  1481 I SDM     : HWCColorModeStc::GetColorModes: Color mode = 0 is supported
05-20 10:12:59.165  1079  1481 I SDM     : HWCColorModeStc::GetColorModes: Color mode = 7 is supported
05-20 10:12:59.165  1079  1481 I SDM     : HWCColorModeStc::GetColorModes: Color mode = 9 is supported
05-20 10:12:59.165  1271  4388 D MI-SF   : addDolbyVisionHdr enter hdrTypes 2
05-20 10:12:59.165  1271  4388 D MI-SF   : debug.config.media.video.dolby_vision_suports == false
05-20 10:12:59.167 11000 21314 I Market-DownloadLimitSpeedManager: stopLimitSpeed
05-20 10:12:59.167 11000 21314 I Market-LimitSpeedManager: stopLimitSpeedNow() ===========
05-20 10:12:59.168 22843  2118 D positories.test: MiuiProcessManagerServiceStub setSchedFifo
05-20 10:12:59.168 22843  2118 I MiuiProcessManagerImpl: setSchedFifo pid:22843, mode:3
05-20 10:12:59.170   639   639 I servicemanager: Could not find android.hardware.graphics.allocator.IAllocator/default in the VINTF manifest.
05-20 10:12:59.171 21407 23765 D DMS_LimitSpeedService: exit limit speed(-1.00B/s) success
05-20 10:12:59.172 11000 21314 I Market-RetrofitRequest: callEnd : https://app.market.xiaomi.com/apm/statistics/appactive
05-20 10:12:59.174  6805  6910 W PushService: [Tid:394] Http POST Response Code: 200
05-20 10:12:59.174  6805  6910 D MyLog   : -->log(1): [Tid:394] [ActivationUploadHelper_ac] -->uploadRecordSync(): respStr={"result":"ok","reason":"Success","trace_id":"Xcm624007161711800755t","code":0,"description":"成功"}
05-20 10:12:59.174 11000 21314 E Market-ReflectUtils: invokeObject com.android.org.bouncycastle.util.encoders.Base64.decode com.xiaomi.market.util.reflect.IllegalArgumentException
05-20 10:12:59.175 22843  2118 E libEGL  : pre_cache appList: ,,
05-20 10:12:59.176 11000 21314 E Market-ConnectionRSA: get key exception : java.lang.NullPointerException: decrypt data is null
05-20 10:12:59.176  2135  2135 I Perf    : Connecting to perf service.
05-20 10:12:59.180  6805  6910 D MyLog   : -->log(1): [Tid:394] [ActivationDAO_ac] -->updateUploadFlag(): result=true, packageName=com.yp2048.repositories.test
05-20 10:12:59.180  6805  6910 D MyLog   : -->log(1): [Tid:394] [ActivationManager_ac] <--uploadEventToServer(), request finished. result=RespInfo{reason='Success', code=0, description='成功'}
05-20 10:12:59.180  6805  6910 D MyLog   : -->log(1): [Tid:394] [ActivationDAO_ac] -->queryNotSyncedRecord(): cnt=0
05-20 10:12:59.181  2135  2135 V GraphicsEnvironment: ANGLE Developer option for 'com.tencent.soter.soterserver' set to: 'default'
05-20 10:12:59.182  2135  2135 V GraphicsEnvironment: ANGLE GameManagerService for com.tencent.soter.soterserver: false
05-20 10:12:59.184 22843  2118 W Parcel  : Expecting binder but got null!
05-20 10:12:59.187  2140  2227 D PerfStubImpl: perfWarmLaunchBoost: com.miui.home, -1, 1
05-20 10:12:59.187  1084  1084 E vendor.qti.hardware.perf@2.2-service: Unknown params
05-20 10:12:59.187  1084  1084 E vendor.qti.hardware.perf@2.2-service: Unknown params
05-20 10:12:59.188  2140  2227 D PerfStubImpl: perfAnimBoost: com.miui.home
05-20 10:12:59.188  1084  1165 E ANDR-PERF-OPTSHANDLER: Perflock resource /sys/class/devfreq/soc:qcom,cpubw/max_freq not supported
05-20 10:12:59.188  2135  2135 I ForceDarkHelperStubImpl: initialize for com.tencent.soter.soterserver , ForceDarkOrigin
05-20 10:12:59.188  1084  1165 E ANDR-PERF-RESOURCEQS: Failed to apply optimization [6, 6]
05-20 10:12:59.188  1084  1165 E ANDR-PERF-OPTSHANDLER: Perflock resource /sys/class/devfreq/soc:qcom,cpubw/min_freq not supported
05-20 10:12:59.188  1084  1165 E ANDR-PERF-RESOURCEQS: Failed to apply optimization [6, 0]
05-20 10:12:59.189  1084  1084 E vendor.qti.hardware.perf@2.2-service: Unknown params
05-20 10:12:59.189  3423  3898 I com.miui.home: This is non sticky GC, maxfree is 8388608 minfree is 2097152
05-20 10:12:59.191  2135  2135 D ter.soterserver: JNI_OnLoad success
05-20 10:12:59.192  2135  2135 I MiuiForceDarkConfig: setConfig density:3.500000, mainRule:0, secondaryRule:0, tertiaryRule:0
05-20 10:12:59.192  3423  3423 D Launcher.Lifecycle: onStart:UserHandle{0},c2c3c97,false
05-20 10:12:59.192  6023  7648 D LauncherOverlay: setActivityState:1
05-20 10:12:59.192 30574 30592 D LauncherOverlay: setActivityState:1
05-20 10:12:59.192  6023  6023 D LauncherOverlay.Window: onStart
05-20 10:12:59.192 30574 30574 D LauncherOverlay.Window: onStart
05-20 10:12:59.195  3423  3423 D Launcher.Lifecycle: onResume:UserHandle{0},c2c3c97,false
05-20 10:12:59.195  3423  3423 W Settings: Setting device_provisioned has moved from android.provider.Settings.Secure to android.provider.Settings.Global.
05-20 10:12:59.195  3423  4134 D MiBridge: requestCpuHighFreq---- uid: 10106 level: 1 timeoutms:500
05-20 10:12:59.195  1896  1915 W MiuiBooster: "MiuiBoosterService requestCpuHighFreq: 10106, 1, 500"
05-20 10:12:59.195  1896  1915 W MiuiBooster: "requestCpuHighFreq,final level:1,final timeoutms:500"
05-20 10:12:59.195  1896  1915 W MiuiBooster: "perf_hint_hc start"
05-20 10:12:59.195  1896  1915 W MiuiBooster: "big_core_value[level-1]:4095"
05-20 10:12:59.195  1896  1915 W MiuiBooster: "little_core_value[level-1]:4095"
05-20 10:12:59.195  1896  1915 W MiuiBooster: "prime_core_value[level - 1]:4095"
05-20 10:12:59.195  1896  1915 W MiuiBooster: "perf_handle:5637"
05-20 10:12:59.196  3423  4134 D MiBridge: requestCpuHighFreq handle: 1
05-20 10:12:59.196  3423  4134 D Launcher_CPUBooster: boostCpuToMax:0
05-20 10:12:59.196  3423  3423 D Launcher.FullbackHome: FallbackHomeCompat::needKillSelf::needKillSelf = false
05-20 10:12:59.196  2140  2898 I MiuiNetworkPolicy: updateUidState uid = 10336, uidState = 18
05-20 10:12:59.196  3423  3423 I Launcher.widget: onVisible null
05-20 10:12:59.196  3423  3423 D MamlView: onResume
05-20 10:12:59.197  2135  2135 D NetworkSecurityConfig: No Network Security Config specified, using platform default
05-20 10:12:59.197  3423  3423 D MaMlHostView: onResume
05-20 10:12:59.197  3423  3423 I Launcher.widget: onVisible null
05-20 10:12:59.197  3423  3423 D MamlView: onResume
05-20 10:12:59.197  3423  3423 D MaMlHostView: onResume
05-20 10:12:59.197  3423  3423 I Launcher.widget: onInvisible 步数
05-20 10:12:59.197  2135  2135 D NetworkSecurityConfig: No Network Security Config specified, using platform default
05-20 10:12:59.197  3423  3423 D Launcher_UnlockAnimationStateMachine: onResume = IDLE
05-20 10:12:59.197 30574 30592 D LauncherOverlay: setActivityState:3
05-20 10:12:59.197  6023  7648 D LauncherOverlay: setActivityState:3
05-20 10:12:59.197  3423  3423 I Launcher: changeMIUIWidgetEditMode false
05-20 10:12:59.197  3423  3423 D NavStubView: setAssistantInEditMode: false
05-20 10:12:59.197  6023  6023 D LauncherOverlay.Window: onResume
05-20 10:12:59.197 30574 30574 D LauncherOverlay.Window: onResume
05-20 10:12:59.197 30574 30574 V Launch:NewHomeSlidingPanelWind: onResume() called
05-20 10:12:59.197  5778  5820 I ProcessMonitor: onForegroundInfoChanged: ForegroundInfo{mForegroundPackageName='com.miui.home', mForegroundUid=10106, mForegroundPid=3423, mLastForegroundPackageName='com.yp2048.repositories.test', mLastForegroundUid=10336, mLastForegroundPid=22843, mMultiWindowForegroundPackageName='com.miui.home', mMultiWindowForegroundUid=10106, mFlags=0}
05-20 10:12:59.197 30574 30574 V Launch:NewHomeRootView: onResume() called
05-20 10:12:59.197 29239 29263 I AICall_MemoryTrim: binder:29239_3 onAppBackground()
05-20 10:12:59.197 30574 30574 V Launch:NewHomeRootView: checkLauncherType() called, launcher type = 1
05-20 10:12:59.197  3635  9944 D A2dpLatencyMode: ForegroundInfo{mForegroundPackageName='com.miui.home', mForegroundUid=10106, mForegroundPid=3423, mLastForegroundPackageName='com.yp2048.repositories.test', mLastForegroundUid=10336, mLastForegroundPid=22843, mMultiWindowForegroundPackageName='com.miui.home', mMultiWindowForegroundUid=10106, mFlags=0}
05-20 10:12:59.198  7192  7682 D PerfEngineController: ForegroundInfo{mForegroundPackageName='com.miui.home', mForegroundUid=10106, mForegroundPid=3423, mLastForegroundPackageName='com.yp2048.repositories.test', mLastForegroundUid=10336, mLastForegroundPid=22843, mMultiWindowForegroundPackageName='com.miui.home', mMultiWindowForegroundUid=10106, mFlags=0}
05-20 10:12:59.198  7227  7261 I GST     : forePkg: com.miui.home, preForePkg: com.yp2048.repositories.test
05-20 10:12:59.198  5551  5572 I NetworkBoostStatusManager: onForegroundInfoChanged uid:10106, isColdStart:false
05-20 10:12:59.198  5551  5572 I SLM-SRV-SLAToast: foreground uid:10106, isColdStart:false, isLinkTurboEnable:false
05-20 10:12:59.198  3423  3902 D AppObserver: ForegroundInfo{mForegroundPackageName='com.miui.home', mForegroundUid=10106, mForegroundPid=3423, mLastForegroundPackageName='com.yp2048.repositories.test', mLastForegroundUid=10336, mLastForegroundPid=22843, mMultiWindowForegroundPackageName='com.miui.home', mMultiWindowForegroundUid=10106, mFlags=0}
05-20 10:12:59.198  6805  8703 D AppUpdateXmsfLauncher: activityResumed intent : Intent { cmp=com.miui.home/.launcher.Launcher (has extras) }
05-20 10:12:59.198  7192  7598 I ThermalInfoCollector: collectForgroundAppsInfo: com.yp2048.repositories.test
05-20 10:12:59.198  7192  7892 D BL-BatteryLifeChecker:  onMessage. what = -10
05-20 10:12:59.198  7192  7892 D BL-BatteryLifeChecker:  onMessage. Foreground uid = 10106, isForeground = true
05-20 10:12:59.198  7192  7892 D BL-BatteryLifeChecker:  onMessage. what = -10
05-20 10:12:59.198  7192  7892 D BL-BatteryLifeChecker:  onMessage. Foreground uid = 10336, isForeground = false
05-20 10:12:59.198  5778 26286 D p1      : myUserId = 0	currentUserId0
05-20 10:12:59.201  1271  1487 D MI-SF   : [FpsStat] construct...
05-20 10:12:59.202  5778  5820 I GameBoosterService: onForegroundInfoChanged: Cur=com.miui.home	 last=com.yp2048.repositories.test
05-20 10:12:59.202  2140  4201 D SurfaceControl: nativeSetScreenProjection ===> setScreenProjection
05-20 10:12:59.202  2140  2898 I MiuiNetworkPolicyTrafficLimit: updateWhiteListUidForMobileTraffic uid=10336,add=false
05-20 10:12:59.202  2140  4201 D SurfaceControl: nativeSetScreenProjection ===> setScreenProjection
05-20 10:12:59.202  2140  2898 D MiuiNetworkPolicyTrafficLimit: updateWhiteListUidForMobileTraffic rst=true
05-20 10:12:59.203  5778  5820 D GameBoosterService: onGameStatusChange foreground:ForegroundInfo{mForegroundPackageName='com.miui.home', mForegroundUid=10106, mForegroundPid=3423, mLastForegroundPackageName='com.yp2048.repositories.test', mLastForegroundUid=10336, mLastForegroundPid=22843, mMultiWindowForegroundPackageName='com.miui.home', mMultiWindowForegroundUid=10106, mFlags=0}
05-20 10:12:59.203  5778  5820 I VideoBoxUtils: isSupportVideoBox: true
05-20 10:12:59.203  7192  7952 I DisplayFrameSetting: setScreenEffect pkg=com.miui.home fps=120 cookie=244
05-20 10:12:59.205  7192  7952 D ThermalIECHandler: IECAll48Allowed: false; IECMonitorAllowed: false; IECTestState: false
05-20 10:12:59.207  5778  5820 I VideoToolBoxService: splitMode: onfalse
05-20 10:12:59.207  2135  2135 V SoterService: SoterService
05-20 10:12:59.208  2135  2135 V SoterService: OnCreate
05-20 10:12:59.208  1271  1271 D MI-SF   : Launcher Changed hasLauncher=1
05-20 10:12:59.208  2135  2135 V SoterService: OnBind
05-20 10:12:59.209 11000 11014 I m.xiaomi.market: This is non sticky GC, maxfree is 8388608 minfree is 2097152
05-20 10:12:59.209  5778  5820 D FreeformUtil: retrieveFirstNoFreeformRootTaskInfo: windowMode = 1
05-20 10:12:59.209  5778  5820 I VideoToolBoxService: onForegroundInfoChanged: Exit Vtb
05-20 10:12:59.209  5778  5820 I AppPredictService: difTIme = 162
05-20 10:12:59.209  5778  7079 E SuggestManager: openApp name = com.miui.home
05-20 10:12:59.209  5778  7079 I NewAutoTaskManager: app use - delay = 9223372036854775807, doRemove = false, doPost = false
05-20 10:12:59.211  5778 15683 E AppPredict: insert result = 9812
05-20 10:12:59.213  1271  2574 I SurfaceFlinger: setTransactionState focusRequest transactionId:9191230024530 frontWin:aef61cc com.miui.home/com.miui.home.launcher.Launcher
05-20 10:12:59.213  5778  5820 I BeautyService: onForegroundInfoChanged: Cur=com.miui.home	 last=com.yp2048.repositories.test
05-20 10:12:59.215  3423  3423 D DragContainerLayout: dispatch draw with clip rect: null
05-20 10:12:59.218  7192  7952 D ThermalIECHandler: storeDataStyle: thermal_iec_monitor_persistence_data_style_iec_state; startIECTime: -1; IECScreenOffOverPeriodTime: 4915456
05-20 10:12:59.218  7192  7952 D ThermalScenarioManager: handleMessage -9
05-20 10:12:59.218  7192  7952 D ThermalScenarioManager: current: ScenarioName: 0
05-20 10:12:59.218  7192  7952 D ThermalScenarioManager: Element list : 97	97	98	98	99	99	99	99	99	99	99	99	99	99	99	99	99	99
05-20 10:12:59.218  7192  7952 D ThermalScenarioManager: match scenario 0
05-20 10:12:59.218  7192  7952 D ThermalIECHandler: storeDataStyle: thermal_iec_monitor_persistence_data_style_iec_state; startIECTime: -1; IECScreenOffOverPeriodTime: 4915456
05-20 10:12:59.220  3423  3423 D RecentsImpl: mActivityStateObserver com.miui.home.launcher.Launcher
05-20 10:12:59.220  1271  1271 I SurfaceFlinger: transactionIsReadyToBeApplied focusRequest transactionId:9191230024530
05-20 10:12:59.220  3423  3423 W RecentsImpl: onResumed className=com.miui.home.launcher.Launcher   mIsInAnotherPro=false   isKeyguardLocked=false   mSecuritySpaceGuideShown=false
05-20 10:12:59.220  3423  3423 D Launcher: notifyBackGestureStatus
05-20 10:12:59.221  3423  3999 E Launcher: notifyBackGestureStatus:run usingFsGesture=true   show=true   focus=false   pause=false
05-20 10:12:59.221  3423  3999 D Launcher: notifyFsGestureHomeStatus    enableBackGesture=false   isSupportRecentsAndFsGesture=true
05-20 10:12:59.221  3423  3423 D Launcher.ShortcutInfo: onAddToDatabase, this=ShortcutInfo, id=182, itemType=0, user=UserHandle{0}, mIconType=0, pkgName=com.yp2048.repositories, className=com.yp2048.repositories.MainActivity, screenId=2, container=-100, cellX=1, cellY=3, spanX=1, spanY=1
05-20 10:12:59.221  1271  1271 I SurfaceFlinger: addInputWindowCommands hasChanges
05-20 10:12:59.221  3423  3423 D Launcher.Model: Update item in database (1, 3) of screen 2 under container -100
05-20 10:12:59.221  3423  3423 D Launcher.Model: updateItemInDatabase, item=ShortcutInfo, id=182, itemType=0, user=UserHandle{0}, mIconType=0, pkgName=com.yp2048.repositories, className=com.yp2048.repositories.MainActivity, screenId=2, container=-100, cellX=1, cellY=3, spanX=1, spanY=1
05-20 10:12:59.221  3423  3423 D Launcher: com.yp2048.repositories, has been opened, remove its new installed indicator
05-20 10:12:59.224  2140  3040 D SchedBoost: startBoostInternal 500
05-20 10:12:59.224  2140  3040 D SchedBoost: ready to boost
05-20 10:12:59.225  3423  3999 W RecentsImpl: updateFsgWindowVisibilityState   isEnter=false   typeFrom=typefrom_home   isOpen=true   mIsInAnotherPro=false   mIsStatusBarExpansion=false
05-20 10:12:59.225  3423  3999 W RecentsImpl: getTopActivity from observer.   cn=ComponentInfo{com.miui.home/com.miui.home.launcher.Launcher}
05-20 10:12:59.225  3423  4039 D RecentsImpl: hideBackStubWindow
05-20 10:12:59.225  5916  6047 D IdProviderImpl: getOAID from com.miui.analytics
05-20 10:12:59.226  2140  3040 D SchedBoost: startBoostInternal 500
05-20 10:12:59.226  2140  3040 D SchedBoost: ready to boost
05-20 10:12:59.227  1084  1165 E ANDR-PERF-OPTSHANDLER: Cannot open/create foreground cgroup file
05-20 10:12:59.227  3423  4135 E LauncherAnimationRunner: onAnimationStart
05-20 10:12:59.227  3423  4135 E LauncherAnimationRunner: onAnimationStart:   mode=1   taskId=1569   isTranslucent=false
05-20 10:12:59.227  3423  4135 E LauncherAnimationRunner: onAnimationStart:   mode=0   taskId=2   isTranslucent=false
05-20 10:12:59.228  3423  3423 D BoostRtHelper: boostGesture main,mode=4
05-20 10:12:59.228  3423  3423 E QuickstepAppTransitionManagerImpl: startClosingWindowAnimators
05-20 10:12:59.228  3423  3423 D RecentsModel: getSmartRecentsTaskLoadPlan runningTaskId -1
05-20 10:12:59.228  2140  3040 D SchedBoost: startBoostInternal 2000
05-20 10:12:59.228  2140  3040 D SchedBoost: ready to boost
05-20 10:12:59.229  2140  3040 D SchedBoost: startBoostInternal 2000
05-20 10:12:59.229  2140  3040 D SchedBoost: ready to boost
05-20 10:12:59.229  1084  1165 E ANDR-PERF-OPTSHANDLER: Cannot open/create foreground cgroup file
05-20 10:12:59.229  2140  3040 D SchedBoost: startBoostInternal 2000
05-20 10:12:59.229  2140  3040 D SchedBoost: ready to boost
05-20 10:12:59.229  1084  1084 E ANDR-PERF-MPCTL:  return repeat opt = perf_lock_acq: client_pid=2140, client_tid=3040, inupt handle=5639, duration=2000 ms, num_args=6, list=0x40800000 0x5DC 0x42804000 0x0 0x42C20000 0x1
05-20 10:12:59.229  3423  3423 D RecentsModel: getSmartRecentsTaskLoadPlan cost 1
05-20 10:12:59.230  3423  3423 D QuickstepAppTransitionManagerImpl: getClosingShortcutIcon:CloseShortcutIconUtils.getCloseShortcutIcon  cn=ComponentInfo{com.yp2048.repositories.test/androidx.test.core.app.InstrumentationActivityInvoker$EmptyActivity}   userId=0
05-20 10:12:59.230  3423  3423 D LauncherFsGestureCompat: componentName is com.yp2048.repositories.test/androidx.test.core.app.InstrumentationActivityInvoker$EmptyActivity
05-20 10:12:59.230  3423  3423 D Launcher: getLastLaunchApp, pkg=null
05-20 10:12:59.230  3423  3423 D Launcher.DeviceConfig: getClosingAppDefaultDisappearRect, Rotation=0
05-20 10:12:59.230  3423  3423 E ClipAnimationHelper: updateSourceStack  mSourceInsets=Rect(0, 137 - 0, 56), mSourceStackBounds=Rect(0, 0 - 1440, 3200)
05-20 10:12:59.230  3423  3423 E ClipAnimationHelper: updateHomeStack  mSourceInsets=Rect(0, 137 - 0, 56), mHomeStackBounds=Rect(0, 0 - 1440, 3200)
05-20 10:12:59.230  3423  3423 E ClipAnimationHelper: updateTargetRect  mSourceRect=RectF(0.0, 137.0, 1440.0, 3337.0)   mTargetRect=RectF(0.0, 0.0, 1440.0, 3200.0)   mSourceWindowClipInsets=RectF(0.0, 137.0, 0.0, 0.0)   mHomeStackBounds=Rect(0, 0 - 1440, 3200)   targetRect=Rect(0, 0 - 1440, 3200)
05-20 10:12:59.230  3423  3423 I QuickstepAppTransitionManagerImpl: radiusScale = 15.0 , startRadius = 172.0 , endRadius = 300.0
05-20 10:12:59.230  3423  3423 I QuickstepAppTransitionManagerImpl: startClosingWindowAnimators:startRect=RectF(0.0, 0.0, 1440.0, 3200.0), targetRect=Rect(672, 1000 - 768, 1096), currentRotation=0, homeRotation=0, isUseSimpleAnim=false
05-20 10:12:59.230  3423  3423 E QuickstepAppTransitionManagerImpl: startLauncherContentAnimator:isAppOpening=false
05-20 10:12:59.231  5123  5123 I VA_AliveCore:MixMonitor: onReceive: action=com.miui.fullscreen_state_change
05-20 10:12:59.231  5123  5123 I VA_AliveCore:MixMonitor: onReceive: action=com.miui.fullscreen_state_change;stateName=closeWindow
05-20 10:12:59.231  3423  3999 E StateBroadcastUtils: sendFsStateBroadCast state=closeWindow   channel=navigation_bar   packageName=
05-20 10:12:59.235  5916  6047 D IdProviderImpl: getOAID from com.miui.analytics
05-20 10:12:59.235  3423  3423 D RecentsImpl: showNavStubView
05-20 10:12:59.235  3423  3423 D NavStubView_Touch: setKeepHidden    old=false   new=false
