05-20 10:12:58.500  1558  1558 I MiuiForceDarkConfig: setConfig density:3.500000, mainRule:0, secondaryRule:0, tertiaryRule:0
05-20 10:12:58.500  1084  1165 E ANDR-PERF-OPTSHANDLER: Cannot open/create foreground cgroup file
05-20 10:12:58.500  1558  1558 D NetworkSecurityConfig: No Network Security Config specified, using platform default
05-20 10:12:58.500  1558  1558 D NetworkSecurityConfig: No Network Security Config specified, using platform default
05-20 10:12:58.502  1558  1558 I MMKV    : <native-bridge.cpp:108::JNI_OnLoad> current API level = 33
05-20 10:12:58.502  1558  1558 I MMKV    : <native-bridge.cpp:125::JNI_OnLoad> armv8 AES instructions is supported
05-20 10:12:58.502  1558  1558 I MMKV    : <native-bridge.cpp:130::JNI_OnLoad> armv8 CRC32 instructions is supported
05-20 10:12:58.502  1558  1558 I MMKV    : <MMKV.cpp:144::initialize> version v1.2.1 page size:4096
05-20 10:12:58.502  1558  1558 I MMKV    : <MMKV.cpp:161::initializeMMKV> root dir: /data/user/0/com.android.quicksearchbox/files/mmkv
05-20 10:12:58.502  1558  1558 I MMKV    : <MMKV_IO.cpp:80::loadFromFile> loading [com.android.quicksearchbox_preferences] with 4807 actual size, file size 8192, InterProcess 1, meta info version:3
05-20 10:12:58.502  1558  1558 I MMKV    : <MMKV_IO.cpp:85::loadFromFile> loading [com.android.quicksearchbox_preferences] with crc 1855031871 sequence 4 version 3
05-20 10:12:58.502  1558  1558 I MMKV    : <MMKV_IO.cpp:131::loadFromFile> loaded [com.android.quicksearchbox_preferences] with 57 values
05-20 10:12:58.507  1079  1481 E SDM     : HWCSession::GetClientTargetProperty: GetClinetTargetProperty interface enter
05-20 10:12:58.508  1084  1165 E ANDR-PERF-OPTSHANDLER: Cannot open/create foreground cgroup file
05-20 10:12:58.508  1558  1558 W .quicksearchbox: ClassLoaderContext parent mismatch.  (PCL[] | PCL[];PCL[])
05-20 10:12:58.508  1558  1558 E .quicksearchbox: Dex checksum does not match for dex: /system/framework/MiuiBooster.jar.Expected: 3042460287, actual: 2799325692
05-20 10:12:58.508  1558  1558 E DeviceUtils: static init(): Load Class Exception:java.lang.NoSuchMethodException: com.miui.performance.DeviceLevelUtils.getMiuiLiteVersion []
05-20 10:12:58.508  1558  1558 E DeviceUtils: static init(): Load MiuiMiddle Class Exception:java.lang.NoSuchMethodException: com.miui.performance.DeviceLevelUtils.getMiuiMiddleVersion []
05-20 10:12:58.509  1558  1558 I DeviceLevelUtils: platform：lahaina
05-20 10:12:58.509  1558  1558 E DeviceUtils: getMiuiMiddleVersion failed , e:java.lang.NullPointerException: Attempt to invoke virtual method 'java.lang.Object java.lang.reflect.Method.invoke(java.lang.Object, java.lang.Object[])' on a null object reference
05-20 10:12:58.509  3423  4017 D Launcher.Transfer: transfer:onPause, extra:null
05-20 10:12:58.513  1558  1558 D AutoDensity: autodensity debugEnable =
05-20 10:12:58.516  1079  1481 E SDM     : HWCSession::GetClientTargetProperty: GetClinetTargetProperty interface enter
05-20 10:12:58.516  1084  1165 E ANDR-PERF-OPTSHANDLER: Cannot open/create foreground cgroup file
05-20 10:12:58.520  1558  1829 D OneTrackSdk: updateDebugSwitch sEnable: false sDebugMode：false sDebugProperty：false
05-20 10:12:58.520  1558  1829 D OneTrackSdk: updateTestSwitch sTestEnable: false sTestMode：false sTestProperty：false
05-20 10:12:58.520  1558  1829 D OneTrackSdk: log on: false, quick upload on: false
05-20 10:12:58.521  1558  1832 D CompatibilityChangeReporter: Compat change id reported: 183155436; UID 10083; state: ENABLED
05-20 10:12:58.522  1558  1829 D OneTrackImp: OneTrackImp init : Configuration{appId='31*******18', pluginId='null', channel='arm', international=false, region='null', overrideMiuiRegionSetting=false, mode=APP, GAIDEnable=true, IMSIEnable=true, IMEIEnable=true, ExceptionCatcherEnable=true, instanceId=null}
05-20 10:12:58.522  1558  1829 D OneTrackImp: OneTrackImp sdk ver : 2.1.2
05-20 10:12:58.524  1079  1481 E SDM     : HWCSession::GetClientTargetProperty: GetClinetTargetProperty interface enter
05-20 10:12:58.525  1084  1165 E ANDR-PERF-OPTSHANDLER: Cannot open/create foreground cgroup file
05-20 10:12:58.525  1558  1829 D OneTrackSdk: updateDebugSwitch sEnable: false sDebugMode：false sDebugProperty：false
05-20 10:12:58.525  1558  1829 D OneTrackSdk: updateTestSwitch sTestEnable: false sTestMode：false sTestProperty：false
05-20 10:12:58.528  1558  1881 I LOGZ_FILE_DEL: maxZipByte:5242880,maxLogByte:15728640
05-20 10:12:58.528  1558  1829 W System.err: java.lang.ArrayIndexOutOfBoundsException: length=7; index=7
05-20 10:12:58.528  1558  1829 W System.err: 	at l6.c.a(Unknown Source:54)
05-20 10:12:58.528  1558  1829 W System.err: 	at com.android.quicksearchbox.QsbApplicationWrapper$a.run(Unknown Source:313)
05-20 10:12:58.528  1558  1829 W System.err: 	at java.util.concurrent.ThreadPoolExecutor.runWorker(ThreadPoolExecutor.java:1137)
05-20 10:12:58.528  1558  1829 W System.err: 	at java.util.concurrent.ThreadPoolExecutor$Worker.run(ThreadPoolExecutor.java:637)
05-20 10:12:58.528  1558  1829 W System.err: 	at java.lang.Thread.run(Thread.java:1012)
05-20 10:12:58.528  1558  1829 D MiLogUploader: MiLogUploader init.
05-20 10:12:58.528  1558  1829 D OneTrackSdk: updateDebugSwitch sEnable: false sDebugMode：false sDebugProperty：false
05-20 10:12:58.528  1558  1829 D OneTrackSdk: updateTestSwitch sTestEnable: false sTestMode：false sTestProperty：false
05-20 10:12:58.528  1558  1829 D OneTrackSdk: log on: false, quick upload on: false
05-20 10:12:58.529  1558  1829 D OneTrackImp: OneTrackImp init : Configuration{appId='10***65', pluginId='null', channel='appstore', international=false, region='null', overrideMiuiRegionSetting=false, mode=SDK, GAIDEnable=true, IMSIEnable=true, IMEIEnable=true, ExceptionCatcherEnable=false, instanceId=null}
05-20 10:12:58.529  1558  1829 D OneTrackImp: OneTrackImp sdk ver : 2.1.2
05-20 10:12:58.529  1558  1854 D IdProviderImpl: getOAID from com.android.quicksearchbox
05-20 10:12:58.532  1079  1481 E SDM     : HWCSession::GetClientTargetProperty: GetClinetTargetProperty interface enter
05-20 10:12:58.533  1084  1165 E ANDR-PERF-OPTSHANDLER: Cannot open/create foreground cgroup file
05-20 10:12:58.540  1079  1481 E SDM     : HWCSession::GetClientTargetProperty: GetClinetTargetProperty interface enter
05-20 10:12:58.541  1084  1165 E ANDR-PERF-OPTSHANDLER: Cannot open/create foreground cgroup file
05-20 10:12:58.549  1079  1481 E SDM     : HWCSession::GetClientTargetProperty: GetClinetTargetProperty interface enter
05-20 10:12:58.549  1084  1165 E ANDR-PERF-OPTSHANDLER: Cannot open/create foreground cgroup file
05-20 10:12:58.557  1079  1481 E SDM     : HWCSession::GetClientTargetProperty: GetClinetTargetProperty interface enter
05-20 10:12:58.557  3479  3479 I MiuiWallpaper-ImageWallpaper: onVisibilityChanged, visible = false
05-20 10:12:58.559  1084  1165 E ANDR-PERF-OPTSHANDLER: Cannot open/create foreground cgroup file
05-20 10:12:58.564  2140  2898 I MiuiNetworkPolicy: updateUidState uid = 99000, uidState = 5
05-20 10:12:58.564  2140  2898 I MiuiNetworkPolicy: updateUidState uid = 10235, uidState = 5
05-20 10:12:58.568  2140  2898 I MiuiNetworkPolicyTrafficLimit: updateWhiteListUidForMobileTraffic uid=10235,add=false
05-20 10:12:58.568  2140  2898 I MiuiNetworkPolicy: updateUidState uid = 10153, uidState = 4
05-20 10:12:58.568  2140  2898 I MiuiNetworkPolicy: updateUidState uid = 10143, uidState = 4
05-20 10:12:58.568  2140  2898 I MiuiNetworkPolicy: updateUidState uid = 10137, uidState = 4
05-20 10:12:58.568  2140  2898 I MiuiNetworkPolicy: updateUidState uid = 10106, uidState = 5
05-20 10:12:58.569  1271  1271 I MI-SF   : surfaceflinger setAffinity mode=0
05-20 10:12:58.571  1084  1165 E ANDR-PERF-OPTSHANDLER: Cannot open/create system background cgroup file
05-20 10:12:58.572  2140  2898 I MiuiNetworkPolicyTrafficLimit: updateWhiteListUidForMobileTraffic uid=10106,add=false
05-20 10:12:58.572  2140  2898 I MiuiNetworkPolicy: updateUidState uid = 10101, uidState = 5
05-20 10:12:58.573  2140  2898 I MiuiNetworkPolicyTrafficLimit: updateWhiteListUidForMobileTraffic uid=10101,add=false
05-20 10:12:58.574  2140  2898 I MiuiNetworkPolicy: updateUidState uid = 10083, uidState = 5
05-20 10:12:58.574  2140  2898 I MiuiNetworkPolicyTrafficLimit: updateWhiteListUidForMobileTraffic uid=10083,add=false
05-20 10:12:58.575  2140  2898 D MiuiNetworkPolicyTrafficLimit: updateWhiteListUidForMobileTraffic rst=true
05-20 10:12:58.575  2140  2898 D MiuiNetworkPolicyTrafficLimit: updateWhiteListUidForMobileTraffic rst=true
05-20 10:12:58.575  2140  2898 D MiuiNetworkPolicyTrafficLimit: updateWhiteListUidForMobileTraffic rst=true
05-20 10:12:58.575  2140  2898 D MiuiNetworkPolicyTrafficLimit: updateWhiteListUidForMobileTraffic rst=true
05-20 10:12:58.577  3423  3423 D Launcher.Lifecycle: onStop:UserHandle{0},c2c3c97,false
05-20 10:12:58.577  3423  3423 D Launcher_UnlockAnimationStateMachine: onStop = PAUSE_WAIT
05-20 10:12:58.579  6023  7648 D LauncherOverlay: setActivityState:0
05-20 10:12:58.580  6023  6023 D LauncherOverlay.Window: onStop
05-20 10:12:58.580 30574 30594 D LauncherOverlay: setActivityState:0
05-20 10:12:58.580 30574 30574 D LauncherOverlay.Window: onStop
05-20 10:12:58.586  3635  3654 D A2dpLatencyMode: onForegroundActivitiesChanged, pid: 3423 uid: 10106 foregroundActivities: false
05-20 10:12:58.588  6805  8703 D MyLog   : -->log(1): [Tid:405] [KeepAliveBindBridge] -->unbindTargetService(): triggerPkg=com.miui.home
05-20 10:12:58.588  6805  8703 D MyLog   : -->log(1): [Tid:405] [KeepAliveBindBridge] -->unbindTargetService(): no existing binding, ignore
05-20 10:12:58.589  1271  1271 D MI-SF   : [FpsStat] distroy...
05-20 10:12:58.590  1271  1271 D MI-SF   : [FpsStat] distroy...
05-20 10:12:58.593  1271  1271 D MI-SF   : Launcher Changed hasLauncher=0
05-20 10:12:58.648  3423  3423 D Launcher_UnlockAnimationStateMachine: mResetIdleStateRunnable
05-20 10:12:58.666  2140  7367 W InputManager-JNI: Input channel object '8ec7894 Splash Screen com.yp2048.repositories (client)' was disposed without first being removed with the input manager!
05-20 10:12:58.701  1336  1916 I CameraManagerGlobal: Connecting to camera service
05-20 10:12:58.704  1336  1916 D CameraExtStub: init android.hardware.camera2.impl.CameraExtImplXiaoMi
05-20 10:12:58.705  1336  1929 D CameraInjector: updateCloudCameraControllerInfoAsync: E
05-20 10:12:58.707  2140  2898 I MiuiNetworkPolicy: updateUidState uid = 10074, uidState = 3
05-20 10:12:58.710  2140  2898 I MiuiNetworkPolicyTrafficLimit: updateWhiteListUidForMobileTraffic uid=10074,add=true
05-20 10:12:58.710  2140  2898 I MiuiNetworkPolicy: updateUidState uid = 10153, uidState = 3
05-20 10:12:58.710  2140  2898 D MiuiNetworkPolicyTrafficLimit: updateWhiteListUidForMobileTraffic rst=true
05-20 10:12:58.711 10933 10952 D CAM_MiviInfoContentProvider: METHOD_CAMERA_CONTROLLER_INFO: E
05-20 10:12:58.711 10933 10952 D CAM_MIVIHelper: getStringFromLocalFile E >> /data/user/0/com.android.camera/cache/mivi_info.json
05-20 10:12:58.712 10933 10952 D CAM_MIVIHelper: getStringFromLocalFile: X return null
05-20 10:12:58.712 10933 10952 D CAM_ConfMIVIRequest: getCloudDataObject: START >>
05-20 10:12:58.716 11074 11108 I htmlviewercloudcontrol: isStagingEnv:false param =  camera_framework  uriMatch = 1
05-20 10:12:58.716  1336  1336 D CamLifecycleController: Lifecycle is not set.
05-20 10:12:58.717  1336  1336 D CameraController: Use cases not attached to camera.
05-20 10:12:58.717 10933 10952 D CAM_ConfRequestUtil: getMatchedDataByKey: mLastVersion = 2.4.240329
05-20 10:12:58.718 10933 10952 D CAM_ConfMIVIRequest: getCloudDataObject: result = {"camera_controller_info":{"Version":"2.4.240329","camera_aux_package_list":"com.example.camera#com.ss.android.ugc.aweme#com.zhiliaoapp.musically#com.ss.android.ugc.trill#com.ss.android.ugc.aweme.lite#com.xhey.xcamera#com.snapchat.android#com.snapchat.android.master#com.snapchat.android.alpha#com.snapchat.android.dev#com.ss.android.ttve.vemo#my.maya.android#com.ai.marki","camera_exposed_role_id_list":"0#20#21#60#61"},"camera_extension":{"Version":"2.4.240329"}}
05-20 10:12:58.718 10933 10952 D CAM_MiviInfoContentProvider: getCameraControllerInfo: {"Version":"2.4.240329","camera_aux_package_list":"com.example.camera#com.ss.android.ugc.aweme#com.zhiliaoapp.musically#com.ss.android.ugc.trill#com.ss.android.ugc.aweme.lite#com.xhey.xcamera#com.snapchat.android#com.snapchat.android.master#com.snapchat.android.alpha#com.snapchat.android.dev#com.ss.android.ttve.vemo#my.maya.android#com.ai.marki","camera_exposed_role_id_list":"0#20#21#60#61"}
05-20 10:12:58.718 10933 10952 D CAM_MiviInfoContentProvider: METHOD_CAMERA_CONTROLLER_INFO: X
05-20 10:12:58.718  1336  1929 D CameraInjector: updateCloudCameraControllerInfoAsync: X
05-20 10:12:58.719  1336  1916 W libc    : Access denied finding property "vendor.camera.aux.packagelist"
05-20 10:12:58.719  1336  1916 W CameraManagerGlobal: [soar.cts] ignore the status update of camera: 2
05-20 10:12:58.719  1336  1916 W libc    : Access denied finding property "vendor.camera.aux.packagelist"
05-20 10:12:58.719  1336  1916 W CameraManagerGlobal: [soar.cts] ignore the status update of camera: 3
05-20 10:12:58.719  1336  1916 W libc    : Access denied finding property "vendor.camera.aux.packagelist"
05-20 10:12:58.719  1336  1916 W CameraManagerGlobal: [soar.cts] ignore the status update of camera: 4
05-20 10:12:58.719  1336  1916 W libc    : Access denied finding property "vendor.camera.aux.packagelist"
05-20 10:12:58.719  1336  1916 W CameraManagerGlobal: [soar.cts] ignore the status update of camera: 5
05-20 10:12:58.719  1336  1916 W libc    : Access denied finding property "vendor.camera.aux.packagelist"
05-20 10:12:58.719  1336  1916 W CameraManagerGlobal: [soar.cts] ignore the status update of camera: 6
05-20 10:12:58.719  1336  1916 W libc    : Access denied finding property "vendor.camera.aux.packagelist"
05-20 10:12:58.719  1336  1916 W CameraManagerGlobal: [soar.cts] ignore the status update of camera: 7
05-20 10:12:58.719  1336  1916 W libc    : Access denied finding property "vendor.camera.aux.packagelist"
05-20 10:12:58.719  1336  1916 W CameraManagerGlobal: [soar.cts] ignore the status update of camera: 8
05-20 10:12:58.719  1336  1916 W libc    : Access denied finding property "vendor.camera.aux.packagelist"
05-20 10:12:58.720  1336  1384 W libc    : Access denied finding property "vendor.camera.aux.packagelist"
05-20 10:12:58.720  1336  1384 W CameraManagerGlobal: ignore the torch status update of camera: 2
05-20 10:12:58.720  1336  1384 W libc    : Access denied finding property "vendor.camera.aux.packagelist"
05-20 10:12:58.720  1336  1384 W CameraManagerGlobal: ignore the torch status update of camera: 3
05-20 10:12:58.720  1336  1384 W libc    : Access denied finding property "vendor.camera.aux.packagelist"
05-20 10:12:58.720  1336  1384 W CameraManagerGlobal: ignore the torch status update of camera: 4
05-20 10:12:58.720  1336  1384 W libc    : Access denied finding property "vendor.camera.aux.packagelist"
05-20 10:12:58.720  1336  1384 W CameraManagerGlobal: ignore the torch status update of camera: 5
05-20 10:12:58.720  1336  1384 W libc    : Access denied finding property "vendor.camera.aux.packagelist"
05-20 10:12:58.720  1336  1384 W CameraManagerGlobal: ignore the torch status update of camera: 6
05-20 10:12:58.720  1336  1384 W libc    : Access denied finding property "vendor.camera.aux.packagelist"
05-20 10:12:58.720  1336  1384 W CameraManagerGlobal: ignore the torch status update of camera: 8
05-20 10:12:58.723  1879  9562 W ServiceManager: Permission failure: android.permission.CAMERA from uid=10335 pid=1336
05-20 10:12:58.727  1879  9562 W ServiceManager: Permission failure: android.permission.CAMERA from uid=10335 pid=1336
05-20 10:12:58.728  1336  1916 D CameraRepository: Added camera: 0
05-20 10:12:58.740  1336  1916 I Camera2CameraInfo: Device Level: INFO_SUPPORTED_HARDWARE_LEVEL_3
05-20 10:12:58.742  1336  1916 D CameraRepository: Added camera: 1
05-20 10:12:58.743  1336  1916 I Camera2CameraInfo: Device Level: INFO_SUPPORTED_HARDWARE_LEVEL_3
05-20 10:12:58.743  1336  1916 D CameraValidator: Verifying camera lens facing on venus, lensFacingInteger: null
05-20 10:12:58.747  1336  1336 W 48.repositories: Method boolean androidx.compose.runtime.snapshots.SnapshotStateList.conditionalUpdate(boolean, kotlin.jvm.functions.Function1) failed lock verification and will run slower.
05-20 10:12:58.747  1336  1336 W 48.repositories: Common causes for lock verification issues are non-optimized dex code
05-20 10:12:58.747  1336  1336 W 48.repositories: and incorrect proguard optimizations.
05-20 10:12:58.747  1336  1336 W 48.repositories: Method boolean androidx.compose.runtime.snapshots.SnapshotStateList.conditionalUpdate$default(androidx.compose.runtime.snapshots.SnapshotStateList, boolean, kotlin.jvm.functions.Function1, int, java.lang.Object) failed lock verification and will run slower.
05-20 10:12:58.747  1336  1336 W 48.repositories: Method java.lang.Object androidx.compose.runtime.snapshots.SnapshotStateList.mutate(kotlin.jvm.functions.Function1) failed lock verification and will run slower.
05-20 10:12:58.747  1336  1336 W 48.repositories: Method void androidx.compose.runtime.snapshots.SnapshotStateList.update(boolean, kotlin.jvm.functions.Function1) failed lock verification and will run slower.
05-20 10:12:58.747  1336  1336 W 48.repositories: Method void androidx.compose.runtime.snapshots.SnapshotStateList.update$default(androidx.compose.runtime.snapshots.SnapshotStateList, boolean, kotlin.jvm.functions.Function1, int, java.lang.Object) failed lock verification and will run slower.
05-20 10:12:58.759  1336  1336 D CamLifecycleController: CameraProvider is not ready.
05-20 10:12:58.759  1336  1336 D CameraController: Use cases not attached to camera.
05-20 10:12:58.771  3423 15538 D TaskStackChangeListeners: onTaskDescriptionChanged =  taskId = 1568
05-20 10:12:58.801  2140  5175 W ServiceManager: Permission failure:  from uid=10335 pid=1336
05-20 10:12:58.801  2140  5175 D PermissionCache: checking  for uid=10335 => denied (121 us)
05-20 10:12:58.802  1049  1049 I sensors-hal: batch:242, android.sensor.accelerometer/11, period=200000000, max_latency=0
05-20 10:12:58.802  1049  1049 I sensors-hal: set_config:63, sample_period_ns is adjusted to 200000000 based on min/max delay_ns
05-20 10:12:58.802  1049  1049 I sensors-hal: batch:251, android.sensor.accelerometer/11, period=200000000, max_latency=0 request completed
05-20 10:12:58.802  1049  1049 I sensors-hal: activate:209, android.sensor.accelerometer/11 en=1
05-20 10:12:58.802  1049  1049 I sensors-hal: get_qmi_debug_flag:282, support_qmi_debug : false
05-20 10:12:58.803  1004  1337 E minksocket: MinkIPC_QRTR_Service: client with node 1 port 5158 went down
05-20 10:12:58.803  1004  1337 E minksocket: MinkIPC_QRTR_Service: client with node 1 port 5159 went down
05-20 10:12:58.803  1004  1337 E minksocket: MinkIPC_QRTR_Service: client with node 1 port 515a went down
05-20 10:12:58.804  1004  1337 E minksocket: MinkIPC_QRTR_Service: client with node 1 port 515b went down
05-20 10:12:58.804  1049  1049 I sensors-hal: send_sync_sensor_request:364, send sync request
05-20 10:12:58.804  1049  1049 I sensors-hal: send_sync_sensor_request:390, wait for notification of response
05-20 10:12:58.805  1049  1938 I sensors-hal: ssc_conn_resp_cb:689, resp_value = 0
05-20 10:12:58.805  1049  1049 I sensors-hal: send_sync_sensor_request:396, takes 0 ms to receive the response with 0
05-20 10:12:58.805  1049  1049 I sensors-hal: activate:220, android.sensor.accelerometer/11 en=1 completed
05-20 10:12:58.805  1336  1336 D CamLifecycleController: CameraProvider is not ready.
05-20 10:12:58.805  1336  1336 D CameraController: Use cases not attached to camera.
05-20 10:12:58.805  1049  1938 I sensors-hal: handle_indication_realtime:471,  SCHED_FIFO(10) for qmi_cbk
05-20 10:12:58.819  1336  1336 D CameraOrientationUtil: getRelativeImageRotation: destRotationDegrees=0, sourceRotationDegrees=270, isOppositeFacing=false, result=270
05-20 10:12:58.819  1336  1336 D CameraOrientationUtil: getRelativeImageRotation: destRotationDegrees=0, sourceRotationDegrees=270, isOppositeFacing=false, result=270
05-20 10:12:58.823  1336  1336 D DynamicRangeResolver: Resolved dynamic range for use case androidx.camera.core.Preview-f56c369f-3ddb-4acb-b024-07efbf1b710e to no compatible HDR dynamic ranges.
05-20 10:12:58.823  1336  1336 D DynamicRangeResolver: DynamicRange@a216532{encoding=UNSPECIFIED, bitDepth=0}
05-20 10:12:58.823  1336  1336 D DynamicRangeResolver: ->
05-20 10:12:58.823  1336  1336 D DynamicRangeResolver: DynamicRange@ab793d{encoding=SDR, bitDepth=8}
05-20 10:12:58.824  1336  1336 D CameraOrientationUtil: getRelativeImageRotation: destRotationDegrees=0, sourceRotationDegrees=270, isOppositeFacing=false, result=270
05-20 10:12:58.825  1336  1336 D CameraOrientationUtil: getRelativeImageRotation: destRotationDegrees=0, sourceRotationDegrees=270, isOppositeFacing=false, result=270
05-20 10:12:58.826  1336  1336 D DeferrableSurface: Surface created[total_surfaces=1, used_surfaces=0](androidx.camera.core.processing.SurfaceEdge$SettableSurface@efca27e}
05-20 10:12:58.827  1336  1336 D DeferrableSurface: Surface created[total_surfaces=2, used_surfaces=0](androidx.camera.core.SurfaceRequest$2@cbc688a}
05-20 10:12:58.827  1336  1336 D DeferrableSurface: New surface in use[total_surfaces=2, used_surfaces=1](androidx.camera.core.SurfaceRequest$2@cbc688a}
05-20 10:12:58.827  1336  1336 D DeferrableSurface: use count+1, useCount=1 androidx.camera.core.SurfaceRequest$2@cbc688a
05-20 10:12:58.828  1336  1336 D CameraOrientationUtil: getRelativeImageRotation: destRotationDegrees=0, sourceRotationDegrees=270, isOppositeFacing=false, result=270
05-20 10:12:58.829  1336  1336 D ImageCapture: createPipeline(cameraId: 1, streamSpec: StreamSpec{resolution=2592x1940, dynamicRange=DynamicRange@ab793d{encoding=SDR, bitDepth=8}, expectedFrameRateRange=[0, 0], implementationOptions=androidx.camera.camera2.impl.Camera2ImplConfig@c04fd7})
05-20 10:12:58.831  1271  1271 D MI-SF   : [FpsStat] distroy...
05-20 10:12:58.832  1336  1336 D DeferrableSurface: Surface created[total_surfaces=3, used_surfaces=1](androidx.camera.core.impl.ImmediateSurface@17fb0c4}
05-20 10:12:58.835  1336  1931 D Camera2CameraImpl: {Camera@1ffd1ae[id=1]} Use case androidx.camera.core.ImageCapture-3b5c9c17-1e4d-4960-bff7-6b15f33a64ba237010187 ACTIVE
05-20 10:12:58.835  1336  1336 D PreviewView: Surface requested by Preview.
05-20 10:12:58.836  1336  1931 D UseCaseAttachState: Active and attached use case: [] for camera: 1
05-20 10:12:58.837  1336  1931 D Camera2CameraImpl: {Camera@1ffd1ae[id=1]} Use case androidx.camera.core.Preview-f56c369f-3ddb-4acb-b024-07efbf1b710e151327962 ACTIVE
05-20 10:12:58.837  1336  1931 D UseCaseAttachState: Active and attached use case: [] for camera: 1
05-20 10:12:58.838  1336  1336 D PreviewView: Preview transformation info updated. TransformationInfo{getCropRect=Rect(0, 217 - 1600, 983), getRotationDegrees=270, getTargetRotation=-1, hasCameraTransform=true, getSensorToBufferTransform=Matrix{[0.6185567, 0.0, -1.6494594][0.0, 0.6185567, -0.0][0.0, 0.0, 1.0]}, getMirroring=true}
05-20 10:12:58.838  1336  1336 D PreviewTransform: Transformation info set: TransformationInfo{getCropRect=Rect(0, 217 - 1600, 983), getRotationDegrees=270, getTargetRotation=-1, hasCameraTransform=true, getSensorToBufferTransform=Matrix{[0.6185567, 0.0, -1.6494594][0.0, 0.6185567, -0.0][0.0, 0.0, 1.0]}, getMirroring=true} 1600x1200 true
05-20 10:12:58.838  1336  1336 D CameraOrientationUtil: getRelativeImageRotation: destRotationDegrees=0, sourceRotationDegrees=270, isOppositeFacing=false, result=270
05-20 10:12:58.838  1336  1931 D Camera2CameraImpl: {Camera@1ffd1ae[id=1]} Use case androidx.camera.core.ImageCapture-3b5c9c17-1e4d-4960-bff7-6b15f33a64ba237010187 ACTIVE
05-20 10:12:58.839  1336  1931 D UseCaseAttachState: Active and attached use case: [] for camera: 1
05-20 10:12:58.840  1336  1931 D UseCaseAttachState: Active and attached use case: [] for camera: 1
05-20 10:12:58.840  1336  1931 D Camera2CameraImpl: {Camera@1ffd1ae[id=1]} Use cases [androidx.camera.core.Preview-f56c369f-3ddb-4acb-b024-07efbf1b710e151327962, androidx.camera.core.ImageCapture-3b5c9c17-1e4d-4960-bff7-6b15f33a64ba237010187] now ATTACHED
05-20 10:12:58.841  1336  1931 D UseCaseAttachState: All use case: [androidx.camera.core.ImageCapture-3b5c9c17-1e4d-4960-bff7-6b15f33a64ba237010187, androidx.camera.core.Preview-f56c369f-3ddb-4acb-b024-07efbf1b710e151327962] for camera: 1
05-20 10:12:58.841  1336  1931 D Camera2CameraImpl: mMeteringRepeating is ATTACHED, SessionConfig Surfaces: 2, CaptureConfig Surfaces: 1
05-20 10:12:58.841  1336  1931 D UseCaseAttachState: Active and attached use case: [androidx.camera.core.ImageCapture-3b5c9c17-1e4d-4960-bff7-6b15f33a64ba237010187, androidx.camera.core.Preview-f56c369f-3ddb-4acb-b024-07efbf1b710e151327962] for camera: 1
05-20 10:12:58.842  1336  1931 D Camera2CameraImpl: {Camera@1ffd1ae[id=1]} Resetting Capture Session
05-20 10:12:58.843  1336  1931 D Camera2CameraImpl: {Camera@1ffd1ae[id=1]} Releasing session in state INITIALIZED
05-20 10:12:58.843  1336  1931 D Camera2CameraImpl: {Camera@1ffd1ae[id=1]} Attempting to force open the camera.
05-20 10:12:58.843  1336  1931 D CameraStateRegistry: tryOpenCamera(Camera@1ffd1ae[id=1]) [Available Cameras: 1, Already Open: false (Previous state: null)] --> SUCCESS
05-20 10:12:58.844  1336  1931 D CameraStateRegistry: Recalculating open cameras:
05-20 10:12:58.844  1336  1931 D CameraStateRegistry: Camera                                       State
05-20 10:12:58.844  1336  1931 D CameraStateRegistry: -------------------------------------------------------------------
05-20 10:12:58.844  1336  1931 D CameraStateRegistry: Camera@1ffd1ae[id=1]                         OPENING
05-20 10:12:58.844  1336  1931 D CameraStateRegistry: Camera@aaf0162[id=0]                         UNKNOWN
05-20 10:12:58.844  1336  1931 D CameraStateRegistry: -------------------------------------------------------------------
05-20 10:12:58.844  1336  1931 D CameraStateRegistry: Open count: 1 (Max allowed: 1)
05-20 10:12:58.844  1336  1931 D Camera2CameraImpl: {Camera@1ffd1ae[id=1]} Opening camera.
05-20 10:12:58.844  1336  1931 D Camera2CameraImpl: {Camera@1ffd1ae[id=1]} Transitioning camera internal state: INITIALIZED --> OPENING
05-20 10:12:58.844  1336  1931 D CameraStateMachine: New public camera state CameraState{type=OPENING, error=null} from OPENING and null
05-20 10:12:58.844  1336  1931 D CameraStateMachine: Publishing new public camera state CameraState{type=OPENING, error=null}
05-20 10:12:58.844  1336  1931 D UseCaseAttachState: All use case: [androidx.camera.core.ImageCapture-3b5c9c17-1e4d-4960-bff7-6b15f33a64ba237010187, androidx.camera.core.Preview-f56c369f-3ddb-4acb-b024-07efbf1b710e151327962] for camera: 1
05-20 10:12:58.845  1879  9562 W ServiceManager: Permission failure: android.permission.CAMERA from uid=10335 pid=1336
05-20 10:12:58.848  1336  1336 D SurfaceViewImpl: Wait for new Surface creation.
05-20 10:12:58.848  1336  1931 W libc    : Access denied finding property "persist.vendor.camera.privapp.list"
05-20 10:12:58.848  1336  1931 D CameraExtImplXiaoMi: initCameraDevice: 1
05-20 10:12:58.850  7192  7952 D ThermalIECHandler: storeDataStyle: thermal_iec_monitor_persistence_data_style_iec_state; startIECTime: -1; IECScreenOffOverPeriodTime: 4915456
05-20 10:12:58.850  7192  7192 I DisplayFrameSetting: onReceive camera uid=10335 state=1 pkg=com.yp2048.repositories
05-20 10:12:58.850  7192  7952 D ThermalIECHandler: storeDataStyle: thermal_iec_monitor_persistence_data_style_iec_state; startIECTime: -1; IECScreenOffOverPeriodTime: 4915456
05-20 10:12:58.850  7192  7952 I DisplayFrameSetting: setScreenEffect pkg=com.yp2048.repositories fps=60 cookie=252
05-20 10:12:58.851  7192  7192 I CpuDdrHandler: onReceive camera uid=10335 state=1 pkg=com.yp2048.repositories
05-20 10:12:58.852  7192  7952 D ThermalIECHandler: IECAll48Allowed: false; IECMonitorAllowed: false; IECTestState: false
05-20 10:12:58.852  1336  1336 D SurfaceView: UPDATE null, mIsCastMode = false
05-20 10:12:58.852  7192  7952 I CpuDdrHandler: MSG_CAMERA_STATE_CHANGED cameraState=1
05-20 10:12:58.852  1271  2575 D MI-SF   : [FpsStat] construct...
05-20 10:12:58.853  1084  1084 E vendor.qti.hardware.perf@2.2-service: Unknown params
05-20 10:12:58.853  1336  1931 D IS_CTS_MODE: true
05-20 10:12:58.854  1336  1931 D MULTI_WINDOW_SWITCH_ENABLED: false
05-20 10:12:58.854  1336  1336 D SurfaceViewImpl: Surface created.
05-20 10:12:58.854  1336  1336 D SurfaceViewImpl: Surface changed. Size: 1600x1200
05-20 10:12:58.854  1336  1336 D SurfaceViewImpl: Surface set on Preview.
05-20 10:12:58.855  1879  9562 D CameraService: CameraPerf: getpriority success, tid is 9562, priority is 0
05-20 10:12:58.855  1879  9562 D CameraService: CameraPerf: setpriority success, tid is 9562, priority is -19
05-20 10:12:58.855  1336  1336 D SurfaceView: UPDATE Surface(name=SurfaceView[com.yp2048.repositories/androidx.activity.ComponentActivity])/@0xfe36492, mIsProjectionMode = false
05-20 10:12:58.855  1336  1336 D SurfaceControl: nativeSetScreenProjection ===> setScreenProjection
05-20 10:12:58.855  1336  1336 D SurfaceControl: nativeSetScreenProjection ===> setScreenProjection
05-20 10:12:58.855  1336  1336 D SurfaceControl: nativeSetScreenProjection ===> setScreenProjection
05-20 10:12:58.856  1879  9562 I CameraService: CameraService::connect call (PID -1 "com.yp2048.repositories", camera ID 1) and Camera API version 2
05-20 10:12:58.856  1879  9562 W ServiceManager: Permission failure: android.permission.CAMERA from uid=10335 pid=1336
05-20 10:12:58.856  1879  9562 E CameraService: Permission Denial: can't use the camera pid=1336, uid=10335
05-20 10:12:58.856  1879  9562 D CameraService: CameraPerf: setpriority success, tid is 9562, priority is 0
05-20 10:12:58.857  1336  1931 D Camera2CameraImpl: {Camera@1ffd1ae[id=1]} Unable to open camera due to validateClientPermissionsLocked:1293: Caller "com.yp2048.repositories" (PID 10335, UID 1336) cannot open camera "1" without camera permission
05-20 10:12:58.857  1336  1931 D Camera2CameraImpl: {Camera@1ffd1ae[id=1]} Transitioning camera internal state: OPENING --> REOPENING
05-20 10:12:58.857  1336  1931 D CameraStateMachine: New public camera state CameraState{type=OPENING, error=null} from OPENING and null
05-20 10:12:58.857  1336  1931 D Camera2CameraImpl: {Camera@1ffd1ae[id=1]} Attempting camera re-open in 700ms: androidx.camera.camera2.internal.Camera2CameraImpl$StateCallback$ScheduledReopen@f18c8c activeResuming = true
05-20 10:12:58.858  1336  1931 D Camera2CameraImpl: {Camera@1ffd1ae[id=1]} Use case androidx.camera.core.Preview-f56c369f-3ddb-4acb-b024-07efbf1b710e151327962 ACTIVE
05-20 10:12:58.859  1336  1931 D UseCaseAttachState: Active and attached use case: [androidx.camera.core.ImageCapture-3b5c9c17-1e4d-4960-bff7-6b15f33a64ba237010187, androidx.camera.core.Preview-f56c369f-3ddb-4acb-b024-07efbf1b710e151327962] for camera: 1
05-20 10:12:58.859  1336  1931 D Camera2CameraImpl: {Camera@1ffd1ae[id=1]} Use case androidx.camera.core.ImageCapture-3b5c9c17-1e4d-4960-bff7-6b15f33a64ba237010187 ACTIVE
05-20 10:12:58.860  1336  1931 D UseCaseAttachState: Active and attached use case: [androidx.camera.core.ImageCapture-3b5c9c17-1e4d-4960-bff7-6b15f33a64ba237010187, androidx.camera.core.Preview-f56c369f-3ddb-4acb-b024-07efbf1b710e151327962] for camera: 1
05-20 10:12:58.861  1336  1931 D UseCaseAttachState: Active and attached use case: [androidx.camera.core.ImageCapture-3b5c9c17-1e4d-4960-bff7-6b15f33a64ba237010187, androidx.camera.core.Preview-f56c369f-3ddb-4acb-b024-07efbf1b710e151327962] for camera: 1
05-20 10:12:58.888  1336  1336 D ImageCapture: takePictureInternal
05-20 10:12:58.889  1336  1336 D CameraOrientationUtil: getRelativeImageRotation: destRotationDegrees=0, sourceRotationDegrees=270, isOppositeFacing=false, result=270
05-20 10:12:58.889  1336  1336 D TakePictureManager: Issue the next TakePictureRequest.
05-20 10:12:58.967  1084  1084 E vendor.qti.hardware.perf@2.2-service: Unknown params
05-20 10:12:58.967  1084  1084 E vendor.qti.hardware.perf@2.2-service: Unknown params
05-20 10:12:58.967  1084  1084 E vendor.qti.hardware.perf@2.2-service: Unknown params
05-20 10:12:58.968  2140  7330 D MiGgameTypeIdentificationImpl: checkIfGameBeSupported app:com.yp2048.repositories.test
05-20 10:12:58.968  1084  1166 E ANDR-PERF-LM: MetaMeter: handleAsync() 166: AdaptLaunch Invalid Async
05-20 10:12:58.969  1084  1084 E vendor.qti.hardware.perf@2.2-service: Unknown params
05-20 10:12:58.969  1084  1166 E ANDR-PERF-LM: MetaMeter: handleAsync() 166: AdaptLaunch Invalid Async
05-20 10:12:58.969  2140  7330 E ANDR-PERF-JNI: com_qualcomm_qtiperformance_native_perf_io_prefetch_start
05-20 10:12:58.969  2140  7330 E CellBroadcastUtils: getDefaultCellBroadcastReceiverPackageName: no package found
05-20 10:12:58.971  1084  1084 E vendor.qti.hardware.perf@2.2-service: Unknown params
05-20 10:12:58.971  1082  6482 E ANDR-IOP: io prefetch is disabled
05-20 10:12:58.973  1084  1084 E vendor.qti.hardware.perf@2.2-service: Unknown params
05-20 10:12:58.973  2140  7330 D ActivityTrigger: ActivityTrigger activityPauseTrigger
05-20 10:12:58.973  1084  1084 E vendor.qti.hardware.perf@2.2-service: Unknown params
05-20 10:12:58.977  3423 15538 D TaskStackChangeListeners: onTaskDisplayChanged =  taskId = 1569 newDisplayId = 0
05-20 10:12:58.977  3423 15538 D TaskStackChangeListeners: onTaskDescriptionChanged =  taskId = 1569
05-20 10:12:58.979  1336  1336 D LifecycleMonitor: Lifecycle status change: androidx.activity.ComponentActivity@6a06f6 in: PAUSED
05-20 10:12:58.979  1336  1336 V ActivityScenario: Update currentActivityStage to PAUSED, currentActivity=androidx.activity.ComponentActivity@6a06f6
05-20 10:12:58.981  1084  1084 E vendor.qti.hardware.perf@2.2-service: Unknown params
05-20 10:12:58.981  2140  2586 I SettingsImpl: notify first launch
05-20 10:12:58.982  2140  2586 W ActivityManager: Sending non-protected broadcast miui.intent.action.PACKAGE_FIRST_LAUNCH from system uid 1000 pkg null. Callers=com.android.server.am.ActivityManagerService.broadcastIntentLocked:14877 com.android.server.am.ActivityManagerService.broadcastIntentLocked:14163 com.android.server.am.ActivityManagerService.broadcastIntentWithFeature:15037 com.android.server.pm.SettingsImpl.lambda$noftifyFirstLaunch$0:109 com.android.server.pm.SettingsImpl$$ExternalSyntheticLambda0.run:4
05-20 10:12:58.982  3423  4135 D RecentsModel: onTaskStackChangedBackground
05-20 10:12:58.982  3423  4135 D EventBus: No subscribers registered for event class com.miui.home.recents.messages.RecentTasksChangedEvent
05-20 10:12:58.982  3423  4135 D EventBus: No subscribers registered for event class org.greenrobot.eventbus.NoSubscriberEvent
05-20 10:12:58.982  3423  4485 D RecentsModel: onTaskStackChangedBackground    MSG_TASK_STACK_CHANGE
05-20 10:12:58.982  3423  4485 D RecentsModel: preloadRecents
05-20 10:12:58.982  3423  4485 W RecentsModel: getRunningTask
05-20 10:12:58.982  3423  3902 D RecentsModel: onTaskStackChangedBackground
05-20 10:12:58.983  3423  3902 D EventBus: No subscribers registered for event class com.miui.home.recents.messages.RecentTasksChangedEvent
05-20 10:12:58.983  3423  3902 D EventBus: No subscribers registered for event class org.greenrobot.eventbus.NoSubscriberEvent
05-20 10:12:58.983  1084  1084 E vendor.qti.hardware.perf@2.2-service: Unknown params
05-20 10:12:58.983  1084  1166 E ANDR-PERF-LM: MetaMeter: handleAsync() 166: AdaptLaunch Invalid Async
05-20 10:12:58.983  1084  1084 E vendor.qti.hardware.perf@2.2-service: Unknown params
05-20 10:12:58.984  2140  2898 I MiuiNetworkPolicy: updateUidState uid = 10107, uidState = 11
05-20 10:12:58.984  3423 15538 D RecentsModel: onTaskStackChangedBackground
05-20 10:12:58.984  3423 15538 D EventBus: No subscribers registered for event class com.miui.home.recents.messages.RecentTasksChangedEvent
05-20 10:12:58.984  3423 15538 D EventBus: No subscribers registered for event class org.greenrobot.eventbus.NoSubscriberEvent
05-20 10:12:58.986  2140  2453 D CompatibilityInfo: mCompatibilityFlags - 0
05-20 10:12:58.986  2140  2453 D CompatibilityInfo: applicationDensity - 560
05-20 10:12:58.986  2140  2453 D CompatibilityInfo: applicationScale - 1.0
05-20 10:12:58.987  3423  4485 W RecentsModel: getRunningTask   taskInfo=TaskInfo{userId=0 taskId=1568 displayId=0 isRunning=true baseIntent=Intent { act=android.intent.action.MAIN cat=[android.intent.category.LAUNCHER] flg=0x10008000 cmp=com.yp2048.repositories/androidx.activity.ComponentActivity } baseActivity=ComponentInfo{com.yp2048.repositories/androidx.activity.ComponentActivity} topActivity=ComponentInfo{com.yp2048.repositories/androidx.activity.ComponentActivity} origActivity=null realActivity=ComponentInfo{com.yp2048.repositories/androidx.activity.ComponentActivity} numActivities=1 lastActiveTime=9153718 supportsSplitScreenMultiWindow=true supportsMultiWindow=true resizeMode=1 isResizeable=true minWidth=-1 minHeight=-1 defaultMinSize=200 token=WCT{android.window.IWindowContainerToken$Stub$Proxy@a9e399b} topActivityType=1 pictureInPictureParams=null shouldDockBigOverlays=false launchIntoPipHostTaskId=0 displayCutoutSafeInsets=Rect(0, 137 - 0, 0) topActivityInfo=ActivityInfo{3cdf138 androidx.activity.ComponentActivity} launchCookies=[] positionInParent=Point(0, 0) parentTaskId=-1 isFocused=true isVisible=true isSleeping=false topActivityInSizeCompat=false topActivityInMiuiSizeCompat=false topActivityEligibleForLetterboxEducation= false locusId=null displayAreaFeatureId=1 cameraCompatControlState=hidden mIsCastMode=false}
05-20 10:12:58.987  3423  4485 W RecentsModel: getTaskInfoIgnoreHomeAndFreeform   taskInfo=ComponentInfo{com.yp2048.repositories/androidx.activity.ComponentActivity}
05-20 10:12:58.989  3423  4485 E ActivityManagerWrapper: get all recent tasks force including 1568
05-20 10:12:58.989  1271  4388 D MI-SF   : [FpsStat] construct...
05-20 10:12:58.990  2140  6074 D SurfaceControl: nativeSetScreenProjection ===> setScreenProjection
05-20 10:12:58.990  2140  2898 I MiuiNetworkPolicy: updateUidState uid = 10336, uidState = 19
05-20 10:12:58.990  2140  6074 D SurfaceControl: nativeSetScreenProjection ===> setScreenProjection
05-20 10:12:58.991 22843 22843 I positories.test: Late-enabling -Xcheck:jni
05-20 10:12:58.993  2140  2227 D CompatibilityInfo: mCompatibilityFlags - 0
05-20 10:12:58.993  2140  2227 D CompatibilityInfo: applicationDensity - 560
05-20 10:12:58.993  2140  2227 D CompatibilityInfo: applicationScale - 1.0
05-20 10:12:58.993  2140  2898 I MiuiNetworkPolicy: updateUidState uid = 10107, uidState = 19
05-20 10:12:58.994  5472 10336 W SQLiteLog: (28) double-quoted string literal: "com.yp2048.repositories.test"
05-20 10:12:58.995  2140  2227 D CompatibilityInfo: mCompatibilityFlags - 0
05-20 10:12:58.995  2140  2227 D CompatibilityInfo: applicationDensity - 560
05-20 10:12:58.995  2140  2227 D CompatibilityInfo: applicationScale - 1.0
05-20 10:12:58.997  3423  4485 E ActivityManagerWrapper: getRecentTasks: size=5
05-20 10:12:58.998  5916  6047 D AppStatChecker: first launch package: com.yp2048.repositories.test
05-20 10:12:58.998  3423  4485 E ActivityManagerWrapper: getRecentTasks: mainTaskId=1569   userId=0   baseIntent=Intent { act=android.intent.action.MAIN flag=268435456 cmp=ComponentInfo{com.yp2048.repositories.test/androidx.test.core.app.InstrumentationActivityInvoker$EmptyActivity} }
05-20 10:12:58.998  3423  4485 E ActivityManagerWrapper: getRecentTasks: mainTaskId=1568   userId=0   baseIntent=Intent { act=android.intent.action.MAIN flag=268468224 cmp=ComponentInfo{com.yp2048.repositories/androidx.activity.ComponentActivity} }
05-20 10:12:58.998  5916  6047 D IdProviderImpl: getOAID from com.miui.analytics
05-20 10:12:58.998  3423  4485 E ActivityManagerWrapper: getRecentTasks: mainTaskId=1539   userId=0   baseIntent=Intent { act=android.settings.WIFI_SETTINGS flag=335544320 cmp=ComponentInfo{com.android.settings/com.android.settings.Settings$WifiSettingsActivity} }
05-20 10:12:58.998  3423  4485 E ActivityManagerWrapper: getRecentTasks: mainTaskId=1538   userId=0   baseIntent=Intent { act=android.intent.action.SEARCH flag=268468224 cmp=ComponentInfo{com.android.quicksearchbox/com.android.quicksearchbox.SearchActivityTransparent} }
05-20 10:12:58.998  3423  4485 E ActivityManagerWrapper: getRecentTasks: mainTaskId=1526   userId=0   baseIntent=Intent { act=android.intent.action.MAIN flag=270532608 cmp=ComponentInfo{com.android.settings/com.android.settings.MainSettings} }
05-20 10:12:58.998  1336  1336 D DecorView[]: onWindowFocusChanged hasWindowFocus false
05-20 10:12:58.999  2140  5175 D CompatibilityInfo: mCompatibilityFlags - 0
05-20 10:12:58.999  2140  5175 D CompatibilityInfo: applicationDensity - 560
05-20 10:12:58.999  2140  5175 D CompatibilityInfo: applicationScale - 1.0
05-20 10:12:59.000  3844  4157 W Parcel  : Expecting binder but got null!
05-20 10:12:59.003  2140  2898 I MiuiNetworkPolicy: updateUidState uid = 10138, uidState = 11
05-20 10:12:59.003  2140  2898 I MiuiNetworkPolicy: updateUidState uid = 10088, uidState = 11
05-20 10:12:59.006  5916  6047 D IdProviderImpl: getOAID from com.miui.analytics
05-20 10:12:59.009  1735  1753 I adbd    : jdwp connection from 22843
05-20 10:12:59.014 22843 22843 I MessageMonitor: Load libmiui_runtime
05-20 10:12:59.016  3423  3423 D EventBus: No subscribers registered for event class com.miui.home.recents.messages.TaskSnapshotChangedEvent
05-20 10:12:59.016  3423  3423 D EventBus: No subscribers registered for event class org.greenrobot.eventbus.NoSubscriberEvent
05-20 10:12:59.017  2140  4200 D SymlinkUtils: attachApplication file op go pass: 0 ms
05-20 10:12:59.018  2140  5175 D CompatibilityInfo: mCompatibilityFlags - 0
05-20 10:12:59.018  2140  5175 D CompatibilityInfo: applicationDensity - 560
05-20 10:12:59.018  2140  5175 D CompatibilityInfo: applicationScale - 1.0
05-20 10:12:59.018  1084  1084 E vendor.qti.hardware.perf@2.2-service: Unknown params
05-20 10:12:59.019 11000  1025 I Market-AppActiveReceiver: use miui action receive app active broadcast for: AppActiveStatRecord{packageName='com.yp2048.repositories.test', installer='null', miuiActiveId='null', miuiActiveTime=-1, activeTime=1716171179019, activeType=1, userId=0, activationSource='null', reportSource='null'}
05-20 10:12:59.019  1084  1166 E ANDR-PERF-LM: MetaMeter: handleAsync() 166: AdaptLaunch Invalid Async
05-20 10:12:59.020  2140  4200 D CompatibilityInfo: mCompatibilityFlags - 0
05-20 10:12:59.020  2140  4200 D CompatibilityInfo: applicationDensity - 560
05-20 10:12:59.020  2140  4200 D CompatibilityInfo: applicationScale - 1.0
05-20 10:12:59.020  3423  4485 D RecentsModel: onTaskStackChangedBackground    MSG_TASK_STACK_CHANGE
05-20 10:12:59.020  3423  4485 D RecentsModel: preloadRecents
05-20 10:12:59.020  3423  4485 W RecentsModel: getRunningTask
05-20 10:12:59.021  3423  4485 W RecentsModel: getRunningTask   taskInfo=TaskInfo{userId=0 taskId=1569 displayId=0 isRunning=true baseIntent=Intent { act=android.intent.action.MAIN cat=[android.intent.category.LAUNCHER] flg=0x10000000 cmp=com.yp2048.repositories.test/androidx.test.core.app.InstrumentationActivityInvoker$EmptyActivity } baseActivity=ComponentInfo{com.yp2048.repositories.test/androidx.test.core.app.InstrumentationActivityInvoker$EmptyActivity} topActivity=ComponentInfo{com.yp2048.repositories.test/androidx.test.core.app.InstrumentationActivityInvoker$EmptyActivity} origActivity=null realActivity=ComponentInfo{com.yp2048.repositories.test/androidx.test.core.app.InstrumentationActivityInvoker$EmptyActivity} numActivities=1 lastActiveTime=9153753 supportsSplitScreenMultiWindow=true supportsMultiWindow=true resizeMode=1 isResizeable=true minWidth=-1 minHeight=-1 defaultMinSize=200 token=WCT{android.window.IWindowContainerToken$Stub$Proxy@77ef511} topActivityType=1 pictureInPictureParams=null shouldDockBigOverlays=false launchIntoPipHostTaskId=0 displayCutoutSafeInsets=Rect(0, 137 - 0, 0) topActivityInfo=ActivityInfo{bdfb676 androidx.test.core.app.InstrumentationActivityInvoker$EmptyActivity} launchCookies=[] positionInParent=Point(0, 0) parentTaskId=-1 isFocused=false isVisible=true isSleeping=false topActivityInSizeCompat=false topActivityInMiuiSizeCompat=false topActivityEligibleForLetterboxEducation= false locusId=null displayAreaFeatureId=1 cameraCompatControlState=hidden mIsCastMode=false}
05-20 10:12:59.021  3423  4485 W RecentsModel: getTaskInfoIgnoreHomeAndFreeform   taskInfo=ComponentInfo{com.yp2048.repositories.test/androidx.test.core.app.InstrumentationActivityInvoker$EmptyActivity}
05-20 10:12:59.022  2140  4200 D CompatibilityInfo: mCompatibilityFlags - 0
05-20 10:12:59.022  2140  4200 D CompatibilityInfo: applicationDensity - 560
05-20 10:12:59.022  2140  4200 D CompatibilityInfo: applicationScale - 1.0
05-20 10:12:59.022  3423  4485 E ActivityManagerWrapper: get all recent tasks force including 1569
05-20 10:12:59.024  2140  2898 I MiuiNetworkPolicy: updateUidState uid = 10138, uidState = 19
05-20 10:12:59.025  2140  2898 I MiuiNetworkPolicy: updateUidState uid = 10088, uidState = 19
05-20 10:12:59.025  7192  7598 I ThermalInfoCollector: collectForgroundAppsInfo: com.yp2048.repositories
05-20 10:12:59.025  7192  7892 D BL-BatteryLifeChecker:  onMessage. what = -10
05-20 10:12:59.025  7192  7892 D BL-BatteryLifeChecker:  onMessage. Foreground uid = 10335, isForeground = false
05-20 10:12:59.025  7192  7892 D BL-BatteryLifeChecker:  onMessage. what = -10
05-20 10:12:59.025  7192  7892 D BL-BatteryLifeChecker:  onMessage. Foreground uid = 10336, isForeground = true
05-20 10:12:59.025  3635  3654 D A2dpLatencyMode: ForegroundInfo{mForegroundPackageName='com.yp2048.repositories.test', mForegroundUid=10336, mForegroundPid=22843, mLastForegroundPackageName='com.yp2048.repositories', mLastForegroundUid=10335, mLastForegroundPid=1336, mMultiWindowForegroundPackageName='com.yp2048.repositories.test', mMultiWindowForegroundUid=10336, mFlags=1}
05-20 10:12:59.026  5778 28787 I ProcessMonitor: onForegroundInfoChanged: ForegroundInfo{mForegroundPackageName='com.yp2048.repositories.test', mForegroundUid=10336, mForegroundPid=22843, mLastForegroundPackageName='com.yp2048.repositories', mLastForegroundUid=10335, mLastForegroundPid=1336, mMultiWindowForegroundPackageName='com.yp2048.repositories.test', mMultiWindowForegroundUid=10336, mFlags=1}
05-20 10:12:59.026  7192  7682 D PerfEngineController: ForegroundInfo{mForegroundPackageName='com.yp2048.repositories.test', mForegroundUid=10336, mForegroundPid=22843, mLastForegroundPackageName='com.yp2048.repositories', mLastForegroundUid=10335, mLastForegroundPid=1336, mMultiWindowForegroundPackageName='com.yp2048.repositories.test', mMultiWindowForegroundUid=10336, mFlags=1}
05-20 10:12:59.026 29239 29263 I AICall_MemoryTrim: binder:29239_3 onAppBackground()
05-20 10:12:59.026  2140  5175 D CompatibilityInfo: mCompatibilityFlags - 0
05-20 10:12:59.026  2140  5175 D CompatibilityInfo: applicationDensity - 560
05-20 10:12:59.026  2140  5175 D CompatibilityInfo: applicationScale - 1.0
05-20 10:12:59.027  5551  5572 I NetworkBoostStatusManager: onForegroundInfoChanged uid:10336, isColdStart:true
05-20 10:12:59.027  5551  5572 I SLM-SRV-SLAToast: foreground uid:10336, isColdStart:true, isLinkTurboEnable:false
05-20 10:12:59.027  7227  7261 I GST     : forePkg: com.yp2048.repositories.test, preForePkg: com.yp2048.repositories
05-20 10:12:59.027  3423  3902 D AppObserver: ForegroundInfo{mForegroundPackageName='com.yp2048.repositories.test', mForegroundUid=10336, mForegroundPid=22843, mLastForegroundPackageName='com.yp2048.repositories', mLastForegroundUid=10335, mLastForegroundPid=1336, mMultiWindowForegroundPackageName='com.yp2048.repositories.test', mMultiWindowForegroundUid=10336, mFlags=1}
05-20 10:12:59.027  2140  2898 I MiuiNetworkPolicy: updateUidState uid = 10138, uidState = 10
05-20 10:12:59.027  2140  2898 I MiuiNetworkPolicy: updateUidState uid = 10088, uidState = 10
05-20 10:12:59.027  5239 22028 W MQSService: CallerName:com.yp2048.repositories.test,calling Uid:10336
05-20 10:12:59.027  5239 22028 D MQSService: registerApplicationScoutThread pid = 22843, packageName = com.yp2048.repositories.test
05-20 10:12:59.028  7192  7952 D ThermalIECHandler: IECAll48Allowed: false; IECMonitorAllowed: false; IECTestState: false
05-20 10:12:59.028  2140  2898 I MiuiNetworkPolicy: updateUidState uid = 10336, uidState = 2
05-20 10:12:59.029  3635  3654 D A2dpLatencyMode: onForegroundActivitiesChanged, pid: 22843 uid: 10336 foregroundActivities: true
05-20 10:12:59.029  5778  6131 D p1      : myUserId = 0	currentUserId0
05-20 10:12:59.029  3423  4485 E ActivityManagerWrapper: getRecentTasks: size=5
05-20 10:12:59.029  3423  4485 E ActivityManagerWrapper: getRecentTasks: mainTaskId=1569   userId=0   baseIntent=Intent { act=android.intent.action.MAIN flag=268435456 cmp=ComponentInfo{com.yp2048.repositories.test/androidx.test.core.app.InstrumentationActivityInvoker$EmptyActivity} }
05-20 10:12:59.029  3423  4485 E ActivityManagerWrapper: getRecentTasks: mainTaskId=1568   userId=0   baseIntent=Intent { act=android.intent.action.MAIN flag=268468224 cmp=ComponentInfo{com.yp2048.repositories/androidx.activity.ComponentActivity} }
05-20 10:12:59.029  3423  4485 E ActivityManagerWrapper: getRecentTasks: mainTaskId=1539   userId=0   baseIntent=Intent { act=android.settings.WIFI_SETTINGS flag=335544320 cmp=ComponentInfo{com.android.settings/com.android.settings.Settings$WifiSettingsActivity} }
