05-20 10:12:59.235  3423  3423 D LauncherClient.Service: service already connected:com.miui.personalassistant
05-20 10:12:59.237  3479  3479 I MiuiWallpaper-ImageWallpaper: onVisibilityChanged, visible = true
05-20 10:12:59.238  3479 15554 W OpenGLRenderer: Surface doesn't have any previously queued frames, nothing to readback from
05-20 10:12:59.238  3423  3423 D Launcher.Lifecycle: onWindowFocusChanged:true,UserHandle{0},c2c3c97,false
05-20 10:12:59.238  3423  3423 D Launcher_UnlockAnimationStateMachine: onWindowFocus:IDLE
05-20 10:12:59.238  3423  3423 D Launcher_UnlockAnimationStateMachine: showAnimation = IDLE
05-20 10:12:59.238  3423  3423 D DecorView[Launcher]: onWindowFocusChanged hasWindowFocus true
05-20 10:12:59.239  1079  1481 E SDM     : HWCSession::GetClientTargetProperty: GetClinetTargetProperty interface enter
05-20 10:12:59.239  3423  3423 I HandWritingStubImpl: refreshLastKeyboardType: 1
05-20 10:12:59.239  3423  3423 I HandWritingStubImpl: getCurrentKeyboardType: 1
05-20 10:12:59.239  3479 15554 W OpenGLRenderer: Surface doesn't have any previously queued frames, nothing to readback from
05-20 10:12:59.240  1084  1165 E ANDR-PERF-OPTSHANDLER: Cannot open/create foreground cgroup file
05-20 10:12:59.240  8853  8853 E BaseInputMethodService: onUnbindInput
05-20 10:12:59.242  1271  1271 I MI-SF   : surfaceflinger setAffinity mode=1
05-20 10:12:59.242  1271  1271 I MI-SF   : surfaceflinger setreAffinity reTid=1505
05-20 10:12:59.243  3844  3844 D NotifBadge: recevie broadbcast ACTION_APPLICATION_MESSAGE_QUERY, requestFirstTime=false
05-20 10:12:59.243  8853  8853 E BaseInputMethodService: onBindInput
05-20 10:12:59.244  2140  2898 I MiuiNetworkPolicy: updateUidState uid = 10261, uidState = 19
05-20 10:12:59.244  8853  8853 E BaseInputMethodService: onFinishInput
05-20 10:12:59.244  8853  8853 E BaseInputMethodService: onStartInput
05-20 10:12:59.244   875   875 D Zygote  : Forked child process 2365
05-20 10:12:59.247  1079  1481 E SDM     : HWCSession::GetClientTargetProperty: GetClinetTargetProperty interface enter
05-20 10:12:59.248  1084  1165 E ANDR-PERF-OPTSHANDLER: Cannot open/create foreground cgroup file
05-20 10:12:59.255  1079  1481 E SDM     : HWCSession::GetClientTargetProperty: GetClinetTargetProperty interface enter
05-20 10:12:59.255  2365  2365 I libc    : SetHeapTaggingLevel: tag level set to 0
05-20 10:12:59.255  1084  1165 E ANDR-PERF-OPTSHANDLER: Cannot open/create foreground cgroup file
05-20 10:12:59.263  2365  2365 E m.miui.weather2: Not starting debugger since process cannot load the jdwp agent.
05-20 10:12:59.263  1079  1481 E SDM     : HWCSession::GetClientTargetProperty: GetClinetTargetProperty interface enter
05-20 10:12:59.264  1084  1165 E ANDR-PERF-OPTSHANDLER: Cannot open/create foreground cgroup file
05-20 10:12:59.267  2365  2365 I MessageMonitor: Load libmiui_runtime
05-20 10:12:59.270  2140  7330 D SymlinkUtils: attachApplication file op go pass: 0 ms
05-20 10:12:59.271  2140  7330 D CompatibilityInfo: mCompatibilityFlags - 0
05-20 10:12:59.271  2140  7330 D CompatibilityInfo: applicationDensity - 560
05-20 10:12:59.271  2140  7330 D CompatibilityInfo: applicationScale - 1.0
05-20 10:12:59.271  1079  1481 E SDM     : HWCSession::GetClientTargetProperty: GetClinetTargetProperty interface enter
05-20 10:12:59.272  1084  1165 E ANDR-PERF-OPTSHANDLER: Cannot open/create foreground cgroup file
05-20 10:12:59.273  2140  2898 I MiuiNetworkPolicy: updateUidState uid = 10261, uidState = 3
05-20 10:12:59.276  2140  2898 I MiuiNetworkPolicyTrafficLimit: updateWhiteListUidForMobileTraffic uid=10261,add=true
05-20 10:12:59.276  2140  2898 D MiuiNetworkPolicyTrafficLimit: updateWhiteListUidForMobileTraffic rst=true
05-20 10:12:59.277  2365  2365 I ActivityThread: Relaunch all activities: onCoreSettingsChange
05-20 10:12:59.277  5239 22028 W MQSService: CallerName:com.miui.weather2,calling Uid:10261
05-20 10:12:59.277  5239 22028 D MQSService: registerApplicationScoutThread pid = 2365, packageName = com.miui.weather2
05-20 10:12:59.277  2365  2365 D CompatibilityChangeReporter: Compat change id reported: 171979766; UID 10261; state: ENABLED
05-20 10:12:59.280  1079  1481 E SDM     : HWCSession::GetClientTargetProperty: GetClinetTargetProperty interface enter
05-20 10:12:59.280  1084  1165 E ANDR-PERF-OPTSHANDLER: Cannot open/create foreground cgroup file
05-20 10:12:59.288  1079  1481 E SDM     : HWCSession::GetClientTargetProperty: GetClinetTargetProperty interface enter
05-20 10:12:59.288  1084  1165 E ANDR-PERF-OPTSHANDLER: Cannot open/create foreground cgroup file
05-20 10:12:59.292  2365  2365 I Perf    : Connecting to perf service.
05-20 10:12:59.293  3423 15538 D RecentsModel: onTaskStackChangedBackground
05-20 10:12:59.293  3423 15538 D EventBus: No subscribers registered for event class com.miui.home.recents.messages.RecentTasksChangedEvent
05-20 10:12:59.293  3423 15538 D EventBus: No subscribers registered for event class org.greenrobot.eventbus.NoSubscriberEvent
05-20 10:12:59.293  3423  3902 D RecentsModel: onTaskStackChangedBackground
05-20 10:12:59.293  3423  3902 D EventBus: No subscribers registered for event class com.miui.home.recents.messages.RecentTasksChangedEvent
05-20 10:12:59.293  3423  3902 D EventBus: No subscribers registered for event class org.greenrobot.eventbus.NoSubscriberEvent
05-20 10:12:59.294  3423 10927 D RecentsModel: onTaskStackChangedBackground
05-20 10:12:59.294  3423 10927 D EventBus: No subscribers registered for event class com.miui.home.recents.messages.RecentTasksChangedEvent
05-20 10:12:59.294  3423 10927 D EventBus: No subscribers registered for event class org.greenrobot.eventbus.NoSubscriberEvent
05-20 10:12:59.294  3423  4135 D RecentsModel: onTaskStackChangedBackground
05-20 10:12:59.294  7192  7682 I MultiScreenObserver: onTaskStackChanged, splitScreenMode: false isCameraFloat: true isSmallScreen: false
05-20 10:12:59.294  3423  4485 D RecentsModel: onTaskStackChangedBackground    MSG_TASK_STACK_CHANGE
05-20 10:12:59.294  5778 26286 I SCTaskStackListener: onTaskStackChanged! inSplit = false
05-20 10:12:59.294  3423  4485 D RecentsModel: preloadRecents
05-20 10:12:59.294  3423  4485 W RecentsModel: getRunningTask
05-20 10:12:59.294  5778  5820 I SCTaskStackListener: onTaskStackChanged! inSplit = false
05-20 10:12:59.295  3423  4485 W RecentsModel: getRunningTask   taskInfo=TaskInfo{userId=0 taskId=2 displayId=0 isRunning=true baseIntent=Intent { act=android.intent.action.MAIN cat=[android.intent.category.HOME] flg=0x10800100 cmp=com.miui.home/.launcher.Launcher } baseActivity=ComponentInfo{com.miui.home/com.miui.home.launcher.Launcher} topActivity=ComponentInfo{com.miui.home/com.miui.home.launcher.Launcher} origActivity=null realActivity=ComponentInfo{com.miui.home/com.miui.home.launcher.Launcher} numActivities=1 lastActiveTime=9154025 supportsSplitScreenMultiWindow=true supportsMultiWindow=true resizeMode=2 isResizeable=true minWidth=-1 minHeight=-1 defaultMinSize=200 token=WCT{android.window.IWindowContainerToken$Stub$Proxy@a584ff1} topActivityType=2 pictureInPictureParams=null shouldDockBigOverlays=false launchIntoPipHostTaskId=0 displayCutoutSafeInsets=null topActivityInfo=ActivityInfo{55ba7d6 com.miui.home.launcher.Launcher} launchCookies=[] positionInParent=Point(0, 0) parentTaskId=-1 isFocused=true isVisible=true isSleeping=false topActivityInSizeCompat=false topActivityInMiuiSizeCompat=false topActivityEligibleForLetterboxEducation= false locusId=null displayAreaFeatureId=1 cameraCompatControlState=hidden mIsCastMode=false}
05-20 10:12:59.295  3423  4485 W RecentsModel: getTaskInfoIgnoreHomeAndFreeform   taskInfo=ComponentInfo{com.miui.home/com.miui.home.launcher.Launcher}
05-20 10:12:59.295  3423  4485 E ActivityManagerWrapper: get all recent tasks force including 2
05-20 10:12:59.296  2365  2365 V GraphicsEnvironment: ANGLE Developer option for 'com.miui.weather2' set to: 'default'
05-20 10:12:59.296  2365  2365 V GraphicsEnvironment: ANGLE GameManagerService for com.miui.weather2: false
05-20 10:12:59.296  1079  1481 E SDM     : HWCSession::GetClientTargetProperty: GetClinetTargetProperty interface enter
05-20 10:12:59.296  2365  2365 V GraphicsEnvironment: Updatable production driver is not supported on the device.
05-20 10:12:59.296  3423  4485 E ActivityManagerWrapper: getRecentTasks: size=5
05-20 10:12:59.296  3423  4485 E ActivityManagerWrapper: getRecentTasks: mainTaskId=1569   userId=0   baseIntent=Intent { act=android.intent.action.MAIN flag=268435456 cmp=ComponentInfo{com.yp2048.repositories.test/androidx.test.core.app.InstrumentationActivityInvoker$EmptyActivity} }
05-20 10:12:59.296  3423  4485 E ActivityManagerWrapper: getRecentTasks: mainTaskId=1568   userId=0   baseIntent=Intent { act=android.intent.action.MAIN flag=268468224 cmp=ComponentInfo{com.yp2048.repositories/androidx.activity.ComponentActivity} }
05-20 10:12:59.296  3423  4485 E ActivityManagerWrapper: getRecentTasks: mainTaskId=1539   userId=0   baseIntent=Intent { act=android.settings.WIFI_SETTINGS flag=335544320 cmp=ComponentInfo{com.android.settings/com.android.settings.Settings$WifiSettingsActivity} }
05-20 10:12:59.296  3423  4485 E ActivityManagerWrapper: getRecentTasks: mainTaskId=1538   userId=0   baseIntent=Intent { act=android.intent.action.SEARCH flag=268468224 cmp=ComponentInfo{com.android.quicksearchbox/com.android.quicksearchbox.SearchActivityTransparent} }
05-20 10:12:59.296  3423  4485 E ActivityManagerWrapper: getRecentTasks: mainTaskId=1526   userId=0   baseIntent=Intent { act=android.intent.action.MAIN flag=270532608 cmp=ComponentInfo{com.android.settings/com.android.settings.MainSettings} }
05-20 10:12:59.297  1084  1165 E ANDR-PERF-OPTSHANDLER: Cannot open/create foreground cgroup file
05-20 10:12:59.298  3423  3999 D StatusBarController: handleMessage: flag 800000  disable true
05-20 10:12:59.298  3423  3423 D Launcher_WallpaperUtils: changeStatusBarMode:false
05-20 10:12:59.298  3844  3844 D CentralSurfaces: Received new disable state: Old: enaihbcrso.qingr | New: enaihbCrso.qingr (changed: C.)
05-20 10:12:59.298  3844  3844 D CollapsedStatusBarFragment: adjustDisableFlags: PanelExpansionState = 0 mHideIconsForBouncer = false mWereIconsJustHidden = false, mWakeUpCoordinator.getNotificationsFullyHidden = false, mIsExpanded = false, mBypassController.getBypassEnabled = false, mStatusBarStateController.getState() = 0, mKeyguardStateController.isKeyguardGoingAway() = false, mHeadsUpManager.hasPinnedHeadsUp = false, mIsLaunchAnimationRunning = false, mHideIconsDuringLaunchAnimation = true, isFullWidth()true, mShowIconsWhenExpanded = true, mControlPanelExpand = false
05-20 10:12:59.298  3844  3844 D ControlCenter: disable1: 0x00000000 -> 0x00800000 (diff1: 0x00800000)
05-20 10:12:59.298  3844  3844 D ControlCenter: disable2: 0x00000000 -> 0x00000000 (diff2: 0x00000000)
05-20 10:12:59.299  2365  2365 I ForceDarkHelperStubImpl: initialize for com.miui.weather2 , ForceDarkOrigin
05-20 10:12:59.300  2365  2365 D m.miui.weather2: JNI_OnLoad success
05-20 10:12:59.300  2365  2365 I MiuiForceDarkConfig: setConfig density:3.500000, mainRule:0, secondaryRule:0, tertiaryRule:0
05-20 10:12:59.302  2365  2365 D NetworkSecurityConfig: No Network Security Config specified, using platform default
05-20 10:12:59.302  2365  2365 D NetworkSecurityConfig: No Network Security Config specified, using platform default
05-20 10:12:59.303  2365  2449 D Wth2:WeatherApplication: base.getFilesDir()=/data/user/0/com.miui.weather2/files
05-20 10:12:59.303  2365  2449 D CompatibilityChangeReporter: Compat change id reported: 183155436; UID 10261; state: ENABLED
05-20 10:12:59.304  2365  2449 D Wth2:WeatherApplication: Move the DataBaseFile and SharedPrefFile, When app attachBaseContext()
05-20 10:12:59.304  1079  1481 E SDM     : HWCSession::GetClientTargetProperty: GetClinetTargetProperty interface enter
05-20 10:12:59.305  1084  1165 E ANDR-PERF-OPTSHANDLER: Cannot open/create foreground cgroup file
05-20 10:12:59.307  2365  2433 D Wth2:ToolUtils: getCallingPackageName callingPackageName: com.miui.home
05-20 10:12:59.307  2365  2433 D Wth2:ToolUtils: packageName: com.miui.home hasAccessProvider: true
05-20 10:12:59.308  2365  2449 D Wth2:FBEUtil: moveData() hasMovedSharedPref=true
05-20 10:12:59.309  2365  2511 D Wth2:ToolUtils: getCallingPackageName callingPackageName: com.miui.home
05-20 10:12:59.309  2365  2511 D Wth2:ToolUtils: packageName: com.miui.home hasAccessProvider: true
05-20 10:12:59.309  2365  2433 D Wth2:WeatherProvider: WeatherProvider query match is:43
05-20 10:12:59.309  2365  2511 D Wth2:WeatherProvider: WeatherProvider query match is:42
05-20 10:12:59.313  1079  1481 E SDM     : HWCSession::GetClientTargetProperty: GetClinetTargetProperty interface enter
05-20 10:12:59.313  1084  1165 E ANDR-PERF-OPTSHANDLER: Cannot open/create foreground cgroup file
05-20 10:12:59.315  3635  4526 D A2dpLatencyMode: onForegroundActivitiesChanged, pid: 1336 uid: 10335 foregroundActivities: false
05-20 10:12:59.315  2365  2433 D Wth2:WeatherProvider: interfaceType=43:getActualWeatherData
05-20 10:12:59.315  2365  2511 D Wth2:WeatherProvider: getHourlyData
05-20 10:12:59.316  2365  2365 D AutoDensity: autodensity debugEnable =
05-20 10:12:59.317  1336  1336 D SurfaceViewImpl: Surface destroyed.
05-20 10:12:59.317  1336  1336 D SurfaceViewImpl: Surface closed androidx.camera.core.SurfaceRequest@e7d92f5
05-20 10:12:59.317  1336  1336 D DeferrableSurface: surface closed,  useCount=1 closed=true androidx.camera.core.SurfaceRequest$2@cbc688a
05-20 10:12:59.318  1336  1496 D OpenGLRenderer: endAllActiveAnimators on 0xb400007761a7ba00 (UnprojectedRipple) with handle 0xb4000077b7931020
05-20 10:12:59.321  2365  2511 D Wth2:WeatherProvider: getHourlyData dataType=4
05-20 10:12:59.321  2365  2433 D Wth2:WeatherProvider: widget city is current location : false
05-20 10:12:59.322  2365  2433 D Wth2:WeatherProvider: localId and city map : 636264696d61616763565e7551#currentTimeMillis=1716171179322
05-20 10:12:59.322  1079  1481 E SDM     : HWCSession::GetClientTargetProperty: GetClinetTargetProperty interface enter
05-20 10:12:59.322  1084  1165 E ANDR-PERF-OPTSHANDLER: Cannot open/create foreground cgroup file
05-20 10:12:59.324  2365  2433 D Wth2:WeatherProvider: queryOriginalWeatherData res getCount: 6
05-20 10:12:59.324  2365  2433 D Wth2:WeatherProvider: less than 10 minute, widget get local weather data
05-20 10:12:59.324  2365  2511 D Wth2:WeatherProvider: less than 10 minute, widget get local hourly data
05-20 10:12:59.325  2365  2365 W m.miui.weather2: Accessing hidden field Landroid/app/ResourcesManager;->mLock:Ljava/lang/Object; (blocked, reflection, denied)
05-20 10:12:59.326  2365  2365 W System.err: java.lang.reflect.InvocationTargetException
05-20 10:12:59.326  2365  2365 W System.err: 	at java.lang.reflect.Method.invoke(Native Method)
05-20 10:12:59.326  2365  2365 W System.err: 	at z9.a.g(SourceFile:3)
05-20 10:12:59.326  2365  2365 W System.err: 	at z9.a.i(SourceFile:3)
05-20 10:12:59.326  2365  2365 W System.err: 	at z9.a.j(SourceFile:1)
05-20 10:12:59.326  2365  2365 W System.err: 	at t8.f.<clinit>(SourceFile:7)
05-20 10:12:59.326  2365  2365 W System.err: 	at t8.a.c(SourceFile:5)
05-20 10:12:59.326  2365  2365 W System.err: 	at t8.a.b(Unknown Source:1)
05-20 10:12:59.326  2365  2365 W System.err: 	at t8.h.onCreate(SourceFile:2)
05-20 10:12:59.326  2365  2365 W System.err: 	at com.miui.weather2.WeatherApplication.onCreate(SourceFile:1)
05-20 10:12:59.326  2365  2365 W System.err: 	at android.app.Instrumentation.callApplicationOnCreate(Instrumentation.java:1278)
05-20 10:12:59.326  2365  2365 W System.err: 	at android.app.ActivityThread.handleBindApplication(ActivityThread.java:7092)
05-20 10:12:59.326  2365  2365 W System.err: 	at android.app.ActivityThread.-$$Nest$mhandleBindApplication(Unknown Source:0)
05-20 10:12:59.326  2365  2365 W System.err: 	at android.app.ActivityThread$H.handleMessage(ActivityThread.java:2215)
05-20 10:12:59.326  2365  2365 W System.err: 	at android.os.Handler.dispatchMessage(Handler.java:106)
05-20 10:12:59.326  2365  2365 W System.err: 	at android.os.Looper.loopOnce(Looper.java:210)
05-20 10:12:59.326  2365  2365 W System.err: 	at android.os.Looper.loop(Looper.java:299)
05-20 10:12:59.326  2365  2365 W System.err: 	at android.app.ActivityThread.main(ActivityThread.java:8261)
05-20 10:12:59.326  2365  2365 W System.err: 	at java.lang.reflect.Method.invoke(Native Method)
05-20 10:12:59.326  2365  2365 W System.err: 	at com.android.internal.os.RuntimeInit$MethodAndArgsCaller.run(RuntimeInit.java:559)
05-20 10:12:59.326  2365  2365 W System.err: 	at com.android.internal.os.ZygoteInit.main(ZygoteInit.java:954)
05-20 10:12:59.327  2365  2365 W System.err: Caused by: java.lang.NoSuchFieldException: No field mLock in class Landroid/app/ResourcesManager; (declaration of 'android.app.ResourcesManager' appears in /system/framework/framework.jar)
05-20 10:12:59.327  2365  2365 W System.err: 	at java.lang.Class.getDeclaredField(Native Method)
05-20 10:12:59.327  2365  2365 W System.err: 	... 20 more
05-20 10:12:59.327  1336  1336 D TakePictureManager: Issue the next TakePictureRequest.
05-20 10:12:59.328  1336  1336 D TakePictureManager: No new request.
05-20 10:12:59.328  1336  1916 D Camera2CameraImpl: {Camera@1ffd1ae[id=1]} Use cases [androidx.camera.core.Preview-f56c369f-3ddb-4acb-b024-07efbf1b710e151327962, androidx.camera.core.ImageCapture-3b5c9c17-1e4d-4960-bff7-6b15f33a64ba237010187] now DETACHED for camera
05-20 10:12:59.328  1336  1916 D UseCaseAttachState: All use case: [] for camera: 1
05-20 10:12:59.328  2365  2433 D Wth2:ToolUtils: getCallingPackageName failed: Package com.miui.weather2 does not belong to 10106
05-20 10:12:59.328  2365  2433 D Wth2:ToolUtils: getCallingPackageName callingPackageName: com.miui.weather2
05-20 10:12:59.328  2365  2433 D Wth2:ToolUtils: packageName: com.miui.weather2 hasAccessProvider: true
05-20 10:12:59.329  2365  2433 D Wth2:WeatherProvider: WeatherProvider query match is:7
05-20 10:12:59.329  1336  1916 D Camera2CameraImpl: {Camera@1ffd1ae[id=1]} Resetting Capture Session
05-20 10:12:59.329  1079  1481 E SDM     : HWCSession::GetClientTargetProperty: GetClinetTargetProperty interface enter
05-20 10:12:59.330  1336  1336 D LifecycleMonitor: Lifecycle status change: androidx.activity.ComponentActivity@6a06f6 in: STOPPED
05-20 10:12:59.330  1336  1336 V ActivityScenario: Update currentActivityStage to STOPPED, currentActivity=androidx.activity.ComponentActivity@6a06f6
05-20 10:12:59.331  2365  2433 D Wth2:ToolUtils: getCallingPackageName failed: Package com.miui.weather2 does not belong to 10106
05-20 10:12:59.331  2365  2433 D Wth2:ToolUtils: getCallingPackageName callingPackageName: com.miui.weather2
05-20 10:12:59.331  1336  1916 D Camera2CameraImpl: {Camera@1ffd1ae[id=1]} Releasing session in state REOPENING
05-20 10:12:59.331  1084  1165 E ANDR-PERF-OPTSHANDLER: Cannot open/create foreground cgroup file
05-20 10:12:59.331  1336  1916 D UseCaseAttachState: Active and attached use case: [] for camera: 1
05-20 10:12:59.331  1336  1916 D UseCaseAttachState: Active and attached use case: [] for camera: 1
05-20 10:12:59.331  2365  2365 D Wth2:UserNoticeUtil: setInitJobsAllTime()
05-20 10:12:59.331  1336  1336 D CameraOrientationUtil: getRelativeImageRotation: destRotationDegrees=0, sourceRotationDegrees=270, isOppositeFacing=false, result=270
05-20 10:12:59.332  1336  1336 D DeferrableSurface: surface closed,  useCount=0 closed=true androidx.camera.core.processing.SurfaceEdge$SettableSurface@efca27e
05-20 10:12:59.332  1336  1336 D DeferrableSurface: Surface terminated[total_surfaces=2, used_surfaces=1](androidx.camera.core.processing.SurfaceEdge$SettableSurface@efca27e}
05-20 10:12:59.332  1336  1336 D DeferrableSurface: use count-1,  useCount=0 closed=true androidx.camera.core.SurfaceRequest$2@cbc688a
05-20 10:12:59.332  1336  1336 D DeferrableSurface: Surface no longer in use[total_surfaces=2, used_surfaces=0](androidx.camera.core.SurfaceRequest$2@cbc688a}
05-20 10:12:59.332  1336  1336 D DeferrableSurface: Surface terminated[total_surfaces=1, used_surfaces=0](androidx.camera.core.SurfaceRequest$2@cbc688a}
05-20 10:12:59.332  1336  1336 D ImageCapture: clearPipeline
05-20 10:12:59.332  1336  1336 D DeferrableSurface: surface closed,  useCount=0 closed=true androidx.camera.core.impl.ImmediateSurface@17fb0c4
05-20 10:12:59.332  1336  1336 D DeferrableSurface: Surface terminated[total_surfaces=0, used_surfaces=0](androidx.camera.core.impl.ImmediateSurface@17fb0c4}
05-20 10:12:59.332  2365  2449 D Wth2:OneTrackHelper: init()
05-20 10:12:59.332  2365  2525 D Wth2:UserNoticeUtil: APPInitAsyncTask doInBackground()
05-20 10:12:59.332  2365  2525 D Wth2:UserNoticeUtil: initJobsWhenHaveUserNoticeAgreed()
05-20 10:12:59.332  2365  2365 D Wth2:WeatherApplication: init all app task
05-20 10:12:59.333  1336  1916 D Camera2CameraImpl: {Camera@1ffd1ae[id=1]} Closing camera.
05-20 10:12:59.333  1336  1916 D Camera2CameraImpl: {Camera@1ffd1ae[id=1]} Cancelling scheduled re-open: androidx.camera.camera2.internal.Camera2CameraImpl$StateCallback$ScheduledReopen@f18c8c
05-20 10:12:59.333  2365  2449 D OneTrackSdk: updateDebugSwitch sEnable: false sDebugMode：false sDebugProperty：false
05-20 10:12:59.333  2365  2449 D OneTrackSdk: updateTestSwitch sTestEnable: false sTestMode：false sTestProperty：false
05-20 10:12:59.333  2365  2449 D OneTrackSdk: log on: false, quick upload on: false
05-20 10:12:59.334  1336  1916 D Camera2CameraImpl: {Camera@1ffd1ae[id=1]} Transitioning camera internal state: REOPENING --> CLOSING
05-20 10:12:59.335  1049  1049 I sensors-hal: activate:209, android.sensor.accelerometer/11 en=0
05-20 10:12:59.335  2365  2449 W m.miui.weather2: Accessing hidden method Landroid/provider/MiuiSettings$Secure;->isUserExperienceProgramEnable(Landroid/content/ContentResolver;)Z (blocked, reflection, denied)
05-20 10:12:59.335  1336  1916 D CameraStateRegistry: Recalculating open cameras:
05-20 10:12:59.335  1336  1916 D CameraStateRegistry: Camera                                       State
05-20 10:12:59.335  1336  1916 D CameraStateRegistry: -------------------------------------------------------------------
05-20 10:12:59.335  1336  1916 D CameraStateRegistry: Camera@1ffd1ae[id=1]                         CLOSING
05-20 10:12:59.335  1336  1916 D CameraStateRegistry: Camera@aaf0162[id=0]                         UNKNOWN
05-20 10:12:59.335  1336  1916 D CameraStateRegistry: -------------------------------------------------------------------
05-20 10:12:59.335  1336  1916 D CameraStateRegistry: Open count: 1 (Max allowed: 1)
05-20 10:12:59.335  1336  1916 D CameraStateMachine: New public camera state CameraState{type=CLOSING, error=null} from CLOSING and null
05-20 10:12:59.335  1336  1916 D CameraStateMachine: Publishing new public camera state CameraState{type=CLOSING, error=null}
05-20 10:12:59.335  1004  1337 E minksocket: MinkIPC_QRTR_Service: client with node 1 port 515c went down
05-20 10:12:59.336  1049  1049 I sensors-hal: activate:220, android.sensor.accelerometer/11 en=0 completed
05-20 10:12:59.336  2365  2433 D Wth2:ToolUtils: getCallingPackageName callingPackageName: com.miui.home
05-20 10:12:59.336  1336  1916 D Camera2CameraImpl: {Camera@1ffd1ae[id=1]} Transitioning camera internal state: CLOSING --> INITIALIZED
05-20 10:12:59.336  2365  2433 D Wth2:ToolUtils: getCallingPackageName callingPackageName: com.miui.home
05-20 10:12:59.337  1336  1916 D CameraStateRegistry: Recalculating open cameras:
05-20 10:12:59.337  1336  1916 D CameraStateRegistry: Camera                                       State
05-20 10:12:59.337  1336  1916 D CameraStateRegistry: -------------------------------------------------------------------
05-20 10:12:59.337  1336  1916 D CameraStateRegistry: Camera@1ffd1ae[id=1]                         CLOSED
05-20 10:12:59.337  1336  1916 D CameraStateRegistry: Camera@aaf0162[id=0]                         UNKNOWN
05-20 10:12:59.337  1336  1916 D CameraStateRegistry: -------------------------------------------------------------------
05-20 10:12:59.337  1336  1916 D CameraStateRegistry: Open count: 0 (Max allowed: 1)
05-20 10:12:59.337  1336  1916 D CameraStateMachine: New public camera state CameraState{type=CLOSED, error=null} from CLOSED and null
05-20 10:12:59.337  1336  1916 D CameraStateMachine: Publishing new public camera state CameraState{type=CLOSED, error=null}
05-20 10:12:59.338  1079  1481 E SDM     : HWCSession::GetClientTargetProperty: GetClinetTargetProperty interface enter
05-20 10:12:59.338  1336  1916 D UseCaseAttachState: Active and attached use case: [] for camera: 1
05-20 10:12:59.338  2365  2433 D Wth2:WeatherProvider: Temperature high: 21
05-20 10:12:59.338  2365  2433 D Wth2:WeatherProvider: Temperature low: 11
05-20 10:12:59.339  2365  2433 D Wth2:ToolUtils: getCallingPackageName failed: Package com.miui.weather2 does not belong to 10106
05-20 10:12:59.339  2365  2433 D Wth2:ToolUtils: getCallingPackageName callingPackageName: com.miui.weather2
05-20 10:12:59.339  2365  2433 D Wth2:ToolUtils: packageName: com.miui.weather2 hasAccessProvider: true
05-20 10:12:59.339  2365  2433 D Wth2:WeatherProvider: WeatherProvider query match is:7
05-20 10:12:59.339  1084  1165 E ANDR-PERF-OPTSHANDLER: Cannot open/create foreground cgroup file
05-20 10:12:59.339  2365  2433 D Wth2:ToolUtils: getCallingPackageName failed: Package com.miui.weather2 does not belong to 10106
05-20 10:12:59.339  2365  2433 D Wth2:ToolUtils: getCallingPackageName callingPackageName: com.miui.weather2
05-20 10:12:59.339  2365  2433 D Wth2:ToolUtils: getCallingPackageName callingPackageName: com.miui.home
05-20 10:12:59.339  2365  2433 D Wth2:ToolUtils: getCallingPackageName callingPackageName: com.miui.home
05-20 10:12:59.339  2365  2433 D Wth2:WeatherProvider: Temperature high: 28
05-20 10:12:59.339  2365  2433 D Wth2:WeatherProvider: Temperature low: 11
05-20 10:12:59.340  2365  2433 D Wth2:ToolUtils: getCallingPackageName failed: Package com.miui.weather2 does not belong to 10106
05-20 10:12:59.340  2365  2433 D Wth2:ToolUtils: getCallingPackageName callingPackageName: com.miui.weather2
05-20 10:12:59.340  2365  2433 D Wth2:ToolUtils: packageName: com.miui.weather2 hasAccessProvider: true
05-20 10:12:59.340  2365  2433 D Wth2:WeatherProvider: WeatherProvider query match is:7
05-20 10:12:59.341  2365  2433 D Wth2:ToolUtils: getCallingPackageName failed: Package com.miui.weather2 does not belong to 10106
05-20 10:12:59.341  2365  2433 D Wth2:ToolUtils: getCallingPackageName callingPackageName: com.miui.weather2
05-20 10:12:59.341  1336  1336 D LifecycleMonitor: Lifecycle status change: androidx.activity.ComponentActivity@6a06f6 in: DESTROYED
05-20 10:12:59.341  2365  2433 D Wth2:ToolUtils: getCallingPackageName callingPackageName: com.miui.home
05-20 10:12:59.341  1336  1336 V ActivityScenario: Update currentActivityStage to DESTROYED, currentActivity=null
05-20 10:12:59.341  2365  2433 D Wth2:ToolUtils: getCallingPackageName callingPackageName: com.miui.home
05-20 10:12:59.343  2365  2433 D Wth2:WeatherProvider: Temperature high: 28
05-20 10:12:59.343  2365  2433 D Wth2:WeatherProvider: Temperature low: 12
05-20 10:12:59.344  2365  2449 D OneTrackImp: OneTrackImp init : Configuration{appId='28***************49', pluginId='null', channel='default channel', international=false, region='null', overrideMiuiRegionSetting=false, mode=APP, GAIDEnable=true, IMSIEnable=true, IMEIEnable=true, ExceptionCatcherEnable=true, instanceId=null}
05-20 10:12:59.344  2365  2449 D OneTrackImp: OneTrackImp sdk ver : 2.1.4
05-20 10:12:59.344  2140  4201 W InputManager-JNI: Input channel object 'a5695d5 com.yp2048.repositories/androidx.activity.ComponentActivity (client)' was disposed without first being removed with the input manager!
05-20 10:12:59.344  2365  2449 D Wth2:OneTrackHelper: init() done, isChildAccount=false
05-20 10:12:59.344  2365  2449 D OneTrackSdk: updateDebugSwitch sEnable: false sDebugMode：false sDebugProperty：false
05-20 10:12:59.345  2365  2433 D Wth2:ToolUtils: getCallingPackageName failed: Package com.miui.weather2 does not belong to 10106
05-20 10:12:59.345  2365  2433 D Wth2:ToolUtils: getCallingPackageName callingPackageName: com.miui.weather2
05-20 10:12:59.345  2365  2433 D Wth2:ToolUtils: packageName: com.miui.weather2 hasAccessProvider: true
05-20 10:12:59.345  2365  2433 D Wth2:WeatherProvider: WeatherProvider query match is:7
05-20 10:12:59.345  2365  2433 D Wth2:ToolUtils: getCallingPackageName failed: Package com.miui.weather2 does not belong to 10106
05-20 10:12:59.346  2365  2433 D Wth2:ToolUtils: getCallingPackageName callingPackageName: com.miui.weather2
05-20 10:12:59.346  1079  1481 E SDM     : HWCSession::GetClientTargetProperty: GetClinetTargetProperty interface enter
05-20 10:12:59.346  2365  2433 D Wth2:ToolUtils: getCallingPackageName callingPackageName: com.miui.home
05-20 10:12:59.346  2365  2433 D Wth2:ToolUtils: getCallingPackageName callingPackageName: com.miui.home
05-20 10:12:59.346  2365  2433 D Wth2:WeatherProvider: Temperature high: 22
05-20 10:12:59.346  2365  2433 D Wth2:WeatherProvider: Temperature low: 11
05-20 10:12:59.347  2365  2433 D Wth2:ToolUtils: getCallingPackageName failed: Package com.miui.weather2 does not belong to 10106
05-20 10:12:59.347  2365  2433 D Wth2:ToolUtils: getCallingPackageName callingPackageName: com.miui.weather2
05-20 10:12:59.347  2365  2433 D Wth2:ToolUtils: packageName: com.miui.weather2 hasAccessProvider: true
05-20 10:12:59.347  2365  2433 D Wth2:WeatherProvider: WeatherProvider query match is:7
05-20 10:12:59.347  2365  2433 D Wth2:ToolUtils: getCallingPackageName failed: Package com.miui.weather2 does not belong to 10106
05-20 10:12:59.347  2365  2433 D Wth2:ToolUtils: getCallingPackageName callingPackageName: com.miui.weather2
05-20 10:12:59.347  2365  2433 D Wth2:ToolUtils: getCallingPackageName callingPackageName: com.miui.home
05-20 10:12:59.347  2365  2433 D Wth2:ToolUtils: getCallingPackageName callingPackageName: com.miui.home
05-20 10:12:59.347  2365  2433 D Wth2:WeatherProvider: Temperature high: 24
05-20 10:12:59.347  2365  2433 D Wth2:WeatherProvider: Temperature low: 13
05-20 10:12:59.348  1336  1336 E Camera  : Couldn't take photo:
05-20 10:12:59.348  1336  1336 E Camera  : androidx.camera.core.ImageCaptureException: Camera is closed.
05-20 10:12:59.348  1336  1336 E Camera  : 	at androidx.camera.core.imagecapture.TakePictureManager.abortRequests(TakePictureManager.java:161)
05-20 10:12:59.348  1336  1336 E Camera  : 	at androidx.camera.core.ImageCapture.abortImageCaptureRequests(ImageCapture.java:787)
05-20 10:12:59.348  1336  1336 E Camera  : 	at androidx.camera.core.ImageCapture.onStateDetached(ImageCapture.java:781)
05-20 10:12:59.348  1336  1336 E Camera  : 	at androidx.camera.camera2.internal.Camera2CameraImpl.notifyStateDetachedToUseCases(Camera2CameraImpl.java:879)
05-20 10:12:59.348  1336  1336 E Camera  : 	at androidx.camera.camera2.internal.Camera2CameraImpl.detachUseCases(Camera2CameraImpl.java:898)
05-20 10:12:59.348  1336  1336 E Camera  : 	at androidx.camera.core.internal.CameraUseCaseAdapter.detachUseCases(CameraUseCaseAdapter.java:603)
05-20 10:12:59.348  1336  1336 E Camera  : 	at androidx.camera.lifecycle.LifecycleCamera.onStop(LifecycleCamera.java:97)
05-20 10:12:59.348  1336  1336 E Camera  : 	at androidx.camera.lifecycle.LifecycleCamera.suspend(LifecycleCamera.java:140)
05-20 10:12:59.348  1336  1336 E Camera  : 	at androidx.camera.lifecycle.LifecycleCameraRepository.suspendUseCases(LifecycleCameraRepository.java:472)
05-20 10:12:59.348  1336  1336 E Camera  : 	at androidx.camera.lifecycle.LifecycleCameraRepository.setInactive(LifecycleCameraRepository.java:417)
05-20 10:12:59.348  1336  1336 E Camera  : 	at androidx.camera.lifecycle.LifecycleCameraRepository$LifecycleCameraRepositoryObserver.onStop(LifecycleCameraRepository.java:545)
05-20 10:12:59.348  1336  1336 E Camera  : 	at java.lang.reflect.Method.invoke(Native Method)
05-20 10:12:59.348  1336  1336 E Camera  : 	at androidx.lifecycle.ClassesInfoCache$MethodReference.invokeCallback(ClassesInfoCache.java:225)
05-20 10:12:59.348  1336  1336 E Camera  : 	at androidx.lifecycle.ClassesInfoCache$CallbackInfo.invokeMethodsForEvent(ClassesInfoCache.java:199)
05-20 10:12:59.348  1336  1336 E Camera  : 	at androidx.lifecycle.ClassesInfoCache$CallbackInfo.invokeCallbacks(ClassesInfoCache.java:190)
05-20 10:12:59.348  1336  1336 E Camera  : 	at androidx.lifecycle.ReflectiveGenericLifecycleObserver.onStateChanged(ReflectiveGenericLifecycleObserver.java:40)
05-20 10:12:59.348  1336  1336 E Camera  : 	at androidx.lifecycle.LifecycleRegistry$ObserverWithState.dispatchEvent(LifecycleRegistry.jvm.kt:320)
05-20 10:12:59.348  1336  1336 E Camera  : 	at androidx.lifecycle.LifecycleRegistry.backwardPass(LifecycleRegistry.jvm.kt:272)
05-20 10:12:59.348  1336  1336 E Camera  : 	at androidx.lifecycle.LifecycleRegistry.sync(LifecycleRegistry.jvm.kt:289)
05-20 10:12:59.348  1336  1336 E Camera  : 	at androidx.lifecycle.LifecycleRegistry.moveToState(LifecycleRegistry.jvm.kt:142)
05-20 10:12:59.348  1336  1336 E Camera  : 	at androidx.lifecycle.LifecycleRegistry.handleLifecycleEvent(LifecycleRegistry.jvm.kt:124)
05-20 10:12:59.348  1336  1336 E Camera  : 	at androidx.lifecycle.ReportFragment$Companion.dispatch$lifecycle_runtime_release(ReportFragment.android.kt:190)
05-20 10:12:59.348  1336  1336 E Camera  : 	at androidx.lifecycle.ReportFragment$LifecycleCallbacks.onActivityPreStopped(ReportFragment.android.kt:135)
05-20 10:12:59.348  1336  1336 E Camera  : 	at android.app.Activity.dispatchActivityPreStopped(Activity.java:1565)
05-20 10:12:59.348  1336  1336 E Camera  : 	at android.app.Activity.performStop(Activity.java:8755)
05-20 10:12:59.348  1336  1336 E Camera  : 	at android.app.ActivityThread.callActivityOnStop(ActivityThread.java:5369)
05-20 10:12:59.348  1336  1336 E Camera  : 	at android.app.ActivityThread.performStopActivityInner(ActivityThread.java:5349)
05-20 10:12:59.348  1336  1336 E Camera  : 	at android.app.ActivityThread.handleStopActivity(ActivityThread.java:5414)
05-20 10:12:59.348  1336  1336 E Camera  : 	at android.app.servertransaction.TransactionExecutor.performLifecycleSequence(TransactionExecutor.java:234)
05-20 10:12:59.348  1336  1336 E Camera  : 	at android.app.servertransaction.TransactionExecutor.cycleToPath(TransactionExecutor.java:201)
05-20 10:12:59.348  1336  1336 E Camera  : 	at android.app.servertransaction.TransactionExecutor.executeLifecycleState(TransactionExecutor.java:173)
05-20 10:12:59.348  1336  1336 E Camera  : 	at android.app.servertransaction.TransactionExecutor.execute(TransactionExecutor.java:97)
05-20 10:12:59.348  1336  1336 E Camera  : 	at android.app.ActivityThread$H.handleMessage(ActivityThread.java:2389)
05-20 10:12:59.348  1336  1336 E Camera  : 	at android.os.Handler.dispatchMessage(Handler.java:106)
05-20 10:12:59.348  1336  1336 E Camera  : 	at android.os.Looper.loopOnce(Looper.java:210)
05-20 10:12:59.348  1336  1336 E Camera  : 	at android.os.Looper.loop(Looper.java:299)
05-20 10:12:59.348  1336  1336 E Camera  : 	at android.app.ActivityThread.main(ActivityThread.java:8261)
05-20 10:12:59.348  1336  1336 E Camera  : 	at java.lang.reflect.Method.invoke(Native Method)
05-20 10:12:59.348  1336  1336 E Camera  : 	at com.android.internal.os.RuntimeInit$MethodAndArgsCaller.run(RuntimeInit.java:559)
05-20 10:12:59.348  1336  1336 E Camera  : 	at com.android.internal.os.ZygoteInit.main(ZygoteInit.java:954)
05-20 10:12:59.348  2365  2433 D Wth2:ToolUtils: getCallingPackageName failed: Package com.miui.weather2 does not belong to 10106
05-20 10:12:59.348  2365  2433 D Wth2:ToolUtils: getCallingPackageName callingPackageName: com.miui.weather2
05-20 10:12:59.348  2365  2433 D Wth2:ToolUtils: packageName: com.miui.weather2 hasAccessProvider: true
05-20 10:12:59.348  2365  2433 D Wth2:WeatherProvider: WeatherProvider query match is:7
05-20 10:12:59.348  1084  1165 E ANDR-PERF-OPTSHANDLER: Cannot open/create foreground cgroup file
05-20 10:12:59.348  2365  2433 D Wth2:ToolUtils: getCallingPackageName failed: Package com.miui.weather2 does not belong to 10106
05-20 10:12:59.348  2365  2433 D Wth2:ToolUtils: getCallingPackageName callingPackageName: com.miui.weather2
05-20 10:12:59.348  1336  1336 D SurfaceViewImpl: Safe to release surface.
05-20 10:12:59.348  2365  2433 D Wth2:ToolUtils: getCallingPackageName callingPackageName: com.miui.home
05-20 10:12:59.348  2365  2525 D Wth2:WeatherPushManager: registerPush
05-20 10:12:59.348  2365  2525 D Wth2:FeedStaticUtil: init
05-20 10:12:59.348  2365  2433 D Wth2:ToolUtils: getCallingPackageName callingPackageName: com.miui.home
05-20 10:12:59.350  2365  2433 D Wth2:WeatherProvider: Temperature high: 24
05-20 10:12:59.350  2365  2433 D Wth2:WeatherProvider: Temperature low: 14
05-20 10:12:59.351  2365  2590 W XMPush-2365: [Tid:1878] sdk_version = 5_1_0-C
05-20 10:12:59.352  1084  1165 E ANDR-PERF-OPTSHANDLER: Cannot open/create foreground cgroup file
05-20 10:12:59.353  1271  1271 D MI-SF   : [FpsStat] distroy...
05-20 10:12:59.353  2365  2590 V XMPush-2365: [Tid:1878] create id manager is: 1
05-20 10:12:59.354  3423  4135 D RecentsModel: onTaskStackChangedBackground
05-20 10:12:59.354  3423  4135 D EventBus: No subscribers registered for event class com.miui.home.recents.messages.RecentTasksChangedEvent
05-20 10:12:59.354  3423  4135 D EventBus: No subscribers registered for event class org.greenrobot.eventbus.NoSubscriberEvent
05-20 10:12:59.355  3423 10927 D RecentsModel: onTaskStackChangedBackground
05-20 10:12:59.355  3423 10927 D EventBus: No subscribers registered for event class com.miui.home.recents.messages.RecentTasksChangedEvent
05-20 10:12:59.355  3423 10927 D EventBus: No subscribers registered for event class org.greenrobot.eventbus.NoSubscriberEvent
05-20 10:12:59.355  3423  3902 D RecentsModel: onTaskStackChangedBackground
05-20 10:12:59.355  3423  3902 D EventBus: No subscribers registered for event class com.miui.home.recents.messages.RecentTasksChangedEvent
05-20 10:12:59.355  3423  3902 D EventBus: No subscribers registered for event class org.greenrobot.eventbus.NoSubscriberEvent
05-20 10:12:59.355  3423  4485 D RecentsModel: onTaskStackChangedBackground    MSG_TASK_STACK_CHANGE
05-20 10:12:59.355  3423  4485 D RecentsModel: preloadRecents
05-20 10:12:59.355  3423  4485 W RecentsModel: getRunningTask
05-20 10:12:59.355  1079  1481 E SDM     : HWCSession::GetClientTargetProperty: GetClinetTargetProperty interface enter
05-20 10:12:59.356  3423  4485 W RecentsModel: getRunningTask   taskInfo=TaskInfo{userId=0 taskId=2 displayId=0 isRunning=true baseIntent=Intent { act=android.intent.action.MAIN cat=[android.intent.category.HOME] flg=0x10800100 cmp=com.miui.home/.launcher.Launcher } baseActivity=ComponentInfo{com.miui.home/com.miui.home.launcher.Launcher} topActivity=ComponentInfo{com.miui.home/com.miui.home.launcher.Launcher} origActivity=null realActivity=ComponentInfo{com.miui.home/com.miui.home.launcher.Launcher} numActivities=1 lastActiveTime=9154086 supportsSplitScreenMultiWindow=true supportsMultiWindow=true resizeMode=2 isResizeable=true minWidth=-1 minHeight=-1 defaultMinSize=200 token=WCT{android.window.IWindowContainerToken$Stub$Proxy@390fa2d} topActivityType=2 pictureInPictureParams=null shouldDockBigOverlays=false launchIntoPipHostTaskId=0 displayCutoutSafeInsets=null topActivityInfo=ActivityInfo{cc26b62 com.miui.home.launcher.Launcher} launchCookies=[] positionInParent=Point(0, 0) parentTaskId=-1 isFocused=true isVisible=true isSleeping=false topActivityInSizeCompat=false topActivityInMiuiSizeCompat=false topActivityEligibleForLetterboxEducation= false locusId=null displayAreaFeatureId=1 cameraCompatControlState=hidden mIsCastMode=false}
05-20 10:12:59.356  3423  4485 W RecentsModel: getTaskInfoIgnoreHomeAndFreeform   taskInfo=ComponentInfo{com.miui.home/com.miui.home.launcher.Launcher}
05-20 10:12:59.356  2365  2449 D Wth2:MiCloudConfig: init sIsStaging:false
05-20 10:12:59.356  1084  1165 E ANDR-PERF-OPTSHANDLER: Cannot open/create foreground cgroup file
05-20 10:12:59.358  3423  4485 E ActivityManagerWrapper: get all recent tasks force including 2
05-20 10:12:59.361  3423  4485 E ActivityManagerWrapper: getRecentTasks: size=5
05-20 10:12:59.361  3423  4485 E ActivityManagerWrapper: getRecentTasks: mainTaskId=1569   userId=0   baseIntent=Intent { act=android.intent.action.MAIN flag=268435456 cmp=ComponentInfo{com.yp2048.repositories.test/androidx.test.core.app.InstrumentationActivityInvoker$EmptyActivity} }
05-20 10:12:59.361  3423  4485 E ActivityManagerWrapper: getRecentTasks: mainTaskId=1568   userId=0   baseIntent=Intent { act=android.intent.action.MAIN flag=268468224 cmp=ComponentInfo{com.yp2048.repositories/androidx.activity.ComponentActivity} }
05-20 10:12:59.361  3423  4485 E ActivityManagerWrapper: getRecentTasks: mainTaskId=1539   userId=0   baseIntent=Intent { act=android.settings.WIFI_SETTINGS flag=335544320 cmp=ComponentInfo{com.android.settings/com.android.settings.Settings$WifiSettingsActivity} }
05-20 10:12:59.361  3423  4485 E ActivityManagerWrapper: getRecentTasks: mainTaskId=1538   userId=0   baseIntent=Intent { act=android.intent.action.SEARCH flag=268468224 cmp=ComponentInfo{com.android.quicksearchbox/com.android.quicksearchbox.SearchActivityTransparent} }
05-20 10:12:59.362  3423  4485 E ActivityManagerWrapper: getRecentTasks: mainTaskId=1526   userId=0   baseIntent=Intent { act=android.intent.action.MAIN flag=270532608 cmp=ComponentInfo{com.android.settings/com.android.settings.MainSettings} }
05-20 10:12:59.362  1336  1430 D IdlingRegistry: Unregistering idling resources: [androidx.compose.ui.test.junit4.EspressoLink@e52316e]
05-20 10:12:59.363  1336  1430 E TestRunner: failed: test_MainScreen_takePicture_navigatesToMenu(com.yp2048.repositories.MainScreenInstrumentedTest)
05-20 10:12:59.363  1079  1481 E SDM     : HWCSession::GetClientTargetProperty: GetClinetTargetProperty interface enter
05-20 10:12:59.363  1336  1430 E TestRunner: ----- begin exception -----
05-20 10:12:59.363  2365  2449 D IdProviderImpl: getOAID from com.miui.weather2
05-20 10:12:59.363  6364  6364 W PushService: [Tid:2] [XMPushService] onStart() with intent.Action = null, chid = null, pkg = null|com.miui.weather2
05-20 10:12:59.363  1336  1430 E TestRunner: java.lang.AssertionError: Assert failed: The component is not displayed!
05-20 10:12:59.363  1336  1430 E TestRunner: 	at androidx.compose.ui.test.AssertionsKt.assertIsDisplayed(Assertions.kt:34)
05-20 10:12:59.363  1336  1430 E TestRunner: 	at com.yp2048.repositories.MainScreenInstrumentedTest.test_MainScreen_takePicture_navigatesToMenu(MainScreenInstrumentedTest.kt:47)
05-20 10:12:59.363  1336  1430 E TestRunner: 	at java.lang.reflect.Method.invoke(Native Method)
05-20 10:12:59.363  1336  1430 E TestRunner: 	at org.junit.runners.model.FrameworkMethod$1.runReflectiveCall(FrameworkMethod.java:59)
05-20 10:12:59.363  1336  1430 E TestRunner: 	at org.junit.internal.runners.model.ReflectiveCallable.run(ReflectiveCallable.java:12)
05-20 10:12:59.363  1336  1430 E TestRunner: 	at org.junit.runners.model.FrameworkMethod.invokeExplosively(FrameworkMethod.java:56)
05-20 10:12:59.363  1336  1430 E TestRunner: 	at org.junit.internal.runners.statements.InvokeMethod.evaluate(InvokeMethod.java:17)
05-20 10:12:59.363  1336  1430 E TestRunner: 	at org.junit.rules.ExternalResource$1.evaluate(ExternalResource.java:54)
05-20 10:12:59.363  1336  1430 E TestRunner: 	at androidx.compose.ui.test.junit4.AndroidComposeTestRule$apply$1$evaluate$1.invoke(AndroidComposeTestRule.android.kt:272)
05-20 10:12:59.363  1336  1430 E TestRunner: 	at androidx.compose.ui.test.junit4.AndroidComposeTestRule$apply$1$evaluate$1.invoke(AndroidComposeTestRule.android.kt:271)
05-20 10:12:59.363  1336  1430 E TestRunner: 	at androidx.compose.ui.test.AndroidComposeUiTestEnvironment$AndroidComposeUiTestImpl.withDisposableContent(ComposeUiTest.android.kt:495)
05-20 10:12:59.363  1336  1430 E TestRunner: 	at androidx.compose.ui.test.AndroidComposeUiTestEnvironment$runTest$1$1$1$1$1$1.invoke(ComposeUiTest.android.kt:327)
05-20 10:12:59.363  1336  1430 E TestRunner: 	at androidx.compose.ui.test.AndroidComposeUiTestEnvironment.withComposeIdlingResource(ComposeUiTest.android.kt:379)
05-20 10:12:59.363  1336  1430 E TestRunner: 	at androidx.compose.ui.test.AndroidComposeUiTestEnvironment.access$withComposeIdlingResource(ComposeUiTest.android.kt:230)
05-20 10:12:59.363  1336  1430 E TestRunner: 	at androidx.compose.ui.test.AndroidComposeUiTestEnvironment$runTest$1$1$1$1$1.invoke(ComposeUiTest.android.kt:326)
05-20 10:12:59.363  1336  1430 E TestRunner: 	at androidx.compose.ui.test.AndroidComposeUiTestEnvironment.withWindowRecomposer(ComposeUiTest.android.kt:353)
05-20 10:12:59.363  1336  1430 E TestRunner: 	at androidx.compose.ui.test.AndroidComposeUiTestEnvironment.access$withWindowRecomposer(ComposeUiTest.android.kt:230)
05-20 10:12:59.363  1336  1430 E TestRunner: 	at androidx.compose.ui.test.AndroidComposeUiTestEnvironment$runTest$1$1$1$1.invoke(ComposeUiTest.android.kt:325)
05-20 10:12:59.363  1336  1430 E TestRunner: 	at androidx.compose.ui.test.AndroidComposeUiTestEnvironment.withTestCoroutines(ComposeUiTest.android.kt:366)
05-20 10:12:59.363  1336  1430 E TestRunner: 	at androidx.compose.ui.test.AndroidComposeUiTestEnvironment.access$withTestCoroutines(ComposeUiTest.android.kt:230)
05-20 10:12:59.363  1336  1430 E TestRunner: 	at androidx.compose.ui.test.AndroidComposeUiTestEnvironment$runTest$1$1$1.invoke(ComposeUiTest.android.kt:324)
05-20 10:12:59.363  1336  1430 E TestRunner: 	at androidx.compose.ui.test.junit4.EspressoLink.withStrategy(EspressoLink.android.kt:66)
05-20 10:12:59.363  1336  1430 E TestRunner: 	at androidx.compose.ui.test.AndroidComposeUiTestEnvironment$runTest$1$1.invoke(ComposeUiTest.android.kt:323)
05-20 10:12:59.363  1336  1430 E TestRunner: 	at androidx.compose.ui.test.junit4.IdlingResourceRegistry.withRegistry(IdlingResourceRegistry.jvm.kt:157)
05-20 10:12:59.363  1336  1430 E TestRunner: 	at androidx.compose.ui.test.AndroidComposeUiTestEnvironment$runTest$1.invoke(ComposeUiTest.android.kt:322)
05-20 10:12:59.363  1336  1430 E TestRunner: 	at androidx.compose.ui.test.junit4.ComposeRootRegistry.withRegistry(ComposeRootRegistry.android.kt:146)
05-20 10:12:59.363  1336  1430 E TestRunner: 	at androidx.compose.ui.test.AndroidComposeUiTestEnvironment.runTest(ComposeUiTest.android.kt:321)
05-20 10:12:59.363  1336  1430 E TestRunner: 	at androidx.compose.ui.test.junit4.AndroidComposeTestRule$apply$1.evaluate(AndroidComposeTestRule.android.kt:271)
05-20 10:12:59.363  1336  1430 E TestRunner: 	at org.junit.runners.ParentRunner$3.evaluate(ParentRunner.java:306)
05-20 10:12:59.363  1336  1430 E TestRunner: 	at org.junit.runners.BlockJUnit4ClassRunner$1.evaluate(BlockJUnit4ClassRunner.java:100)
05-20 10:12:59.363  1336  1430 E TestRunner: 	at org.junit.runners.ParentRunner.runLeaf(ParentRunner.java:366)
05-20 10:12:59.363  1336  1430 E TestRunner: 	at org.junit.runners.BlockJUnit4ClassRunner.runChild(BlockJUnit4ClassRunner.java:103)
05-20 10:12:59.363  1336  1430 E TestRunner: 	at org.junit.runners.BlockJUnit4ClassRunner.runChild(BlockJUnit4ClassRunner.java:63)
05-20 10:12:59.363  1336  1430 E TestRunner: 	at org.junit.runners.ParentRunner$4.run(ParentRunner.java:331)
05-20 10:12:59.363  1336  1430 E TestRunner: 	at org.junit.runners.ParentRunner$1.schedule(ParentRunner.java:79)
05-20 10:12:59.363  1336  1430 E TestRunner: 	at org.junit.runners.ParentRunner.runChildren(ParentRunner.java:329)
05-20 10:12:59.363  1336  1430 E TestRunner: 	at org.junit.runners.ParentRunner.access$100(ParentRunner.java:66)
05-20 10:12:59.363  1336  1430 E TestRunner: 	at org.junit.runners.ParentRunner$2.evaluate(ParentRunner.java:293)
05-20 10:12:59.363  1336  1430 E TestRunner: 	at org.junit.runners.ParentRunner$3.evaluate(ParentRunner.java:306)
05-20 10:12:59.363  1336  1430 E TestRunner: 	at org.junit.runners.ParentRunner.run(ParentRunner.java:413)
05-20 10:12:59.363  1336  1430 E TestRunner: 	at org.junit.runners.Suite.runChild(Suite.java:128)
05-20 10:12:59.363  1336  1430 E TestRunner: 	at org.junit.runners.Suite.runChild(Suite.java:27)
05-20 10:12:59.363  1336  1430 E TestRunner: 	at org.junit.runners.ParentRunner$4.run(ParentRunner.java:331)
05-20 10:12:59.363  1336  1430 E TestRunner: 	at org.junit.runners.ParentRunner$1.schedule(ParentRunner.java:79)
05-20 10:12:59.363  1336  1430 E TestRunner: 	at org.junit.runners.ParentRunner.runChildren(ParentRunner.java:329)
05-20 10:12:59.363  1336  1430 E TestRunner: 	at org.junit.runners.ParentRunner.access$100(ParentRunner.java:66)
05-20 10:12:59.363  1336  1430 E TestRunner: 	at org.junit.runners.ParentRunner$2.evaluate(ParentRunner.java:293)
05-20 10:12:59.363  1336  1430 E TestRunner: 	at org.junit.runners.ParentRunner$3.evaluate(ParentRunner.java:306)
05-20 10:12:59.363  1336  1430 E TestRunner: 	at org.junit.runners.ParentRunner.run(ParentRunner.java:413)
05-20 10:12:59.363  1336  1430 E TestRunner: 	at org.junit.runner.JUnitCore.run(JUnitCore.java:137)
05-20 10:12:59.363  1336  1430 E TestRunner: 	at org.junit.runner.JUnitCore.run(JUnitCore.java:115)
05-20 10:12:59.363  1336  1430 E TestRunner: 	at androidx.test.internal.runner.TestExecutor.execute(TestExecutor.java:67)
05-20 10:12:59.363  1336  1430 E TestRunner: 	at androidx.test.internal.runner.TestExecutor.execute(TestExecutor.java:58)
05-20 10:12:59.363  1336  1430 E TestRunner: 	at androidx.test.runner.AndroidJUnitRunner.onStart(AndroidJUnitRunner.java:446)
05-20 10:12:59.363  1336  1430 E TestRunner: 	at android.app.Instrumentation$InstrumentationThread.run(Instrumentation.java:2367)
05-20 10:12:59.363  1336  1430 E TestRunner: ----- end exception -----
