05-20 10:12:58.164  1336  1430 I TestRunner: started: test_MainScreen_takePicture_navigatesToMenu(com.yp2048.repositories.MainScreenInstrumentedTest)
05-20 10:12:58.196  1336  1430 W FileTestStorage: Output properties is not supported.
05-20 10:12:58.196  1336  1430 I Tracing : Tracer added: class androidx.test.platform.tracing.AndroidXTracer
05-20 10:12:58.200  1336  1336 D EventInjectionStrategy: Creating injection strategy with input manager.
05-20 10:12:58.200  1336  1336 W 48.repositories: Accessing hidden method Landroid/hardware/input/InputManager;->getInstance()Landroid/hardware/input/InputManager; (unsupported, reflection, allowed)
05-20 10:12:58.200  1336  1336 W 48.repositories: Accessing hidden method Landroid/hardware/input/InputManager;->injectInputEvent(Landroid/view/InputEvent;I)Z (unsupported, reflection, allowed)
05-20 10:12:58.200  1336  1336 W 48.repositories: Accessing hidden field Landroid/hardware/input/InputManager;->INJECT_INPUT_EVENT_MODE_WAIT_FOR_FINISH:I (unsupported, reflection, allowed)
05-20 10:12:58.205  1336  1336 W 48.repositories: Accessing hidden method Landroid/os/MessageQueue;->next()Landroid/os/Message; (unsupported, reflection, allowed)
05-20 10:12:58.205  1336  1336 W 48.repositories: Accessing hidden field Landroid/os/MessageQueue;->mMessages:Landroid/os/Message; (unsupported, reflection, allowed)
05-20 10:12:58.205  1336  1336 W 48.repositories: Accessing hidden method Landroid/os/Message;->recycleUnchecked()V (unsupported, reflection, allowed)
05-20 10:12:58.206  1336  1430 D IdlingRegistry: Registering idling resources: [androidx.compose.ui.test.junit4.EspressoLink@e52316e]
05-20 10:12:58.222  1336  1430 W Settings: Setting always_finish_activities has moved from android.provider.Settings.System to android.provider.Settings.Global, returning read-only value.
05-20 10:12:58.233  1084  1084 E vendor.qti.hardware.perf@2.2-service: Unknown params
05-20 10:12:58.234  1084  1084 E vendor.qti.hardware.perf@2.2-service: Unknown params
05-20 10:12:58.235  1084  1084 E vendor.qti.hardware.perf@2.2-service: Unknown params
05-20 10:12:58.235  1084  1084 E vendor.qti.hardware.perf@2.2-service: Unknown params
05-20 10:12:58.236  1084  1166 E ANDR-PERF-LM: MetaMeter: handleAsync() 166: AdaptLaunch Invalid Async
05-20 10:12:58.236  1084  1166 E ANDR-PERF-LM: MetaMeter: handleAsync() 166: AdaptLaunch Invalid Async
05-20 10:12:58.236  2140  7330 D MiGgameTypeIdentificationImpl: checkIfGameBeSupported app:com.yp2048.repositories
05-20 10:12:58.236  1084  1084 E vendor.qti.hardware.perf@2.2-service: Unknown params
05-20 10:12:58.237  1084  1166 E ANDR-PERF-LM: MetaMeter: handleAsync() 166: AdaptLaunch Invalid Async
05-20 10:12:58.237  2140  7330 E ANDR-PERF-JNI: com_qualcomm_qtiperformance_native_perf_io_prefetch_start
05-20 10:12:58.237  2140  7330 E CellBroadcastUtils: getDefaultCellBroadcastReceiverPackageName: no package found
05-20 10:12:58.238  1084  1084 E vendor.qti.hardware.perf@2.2-service: Unknown params
05-20 10:12:58.239  1084  1084 E vendor.qti.hardware.perf@2.2-service: Unknown params
05-20 10:12:58.240  1082  6482 E ANDR-IOP: io prefetch is disabled
05-20 10:12:58.242  2140  7330 D PerfStubImpl: perfWarmLaunchBoost: com.yp2048.repositories, -1, 1
05-20 10:12:58.242  1084  1084 E vendor.qti.hardware.perf@2.2-service: Unknown params
05-20 10:12:58.242  1084  1084 E vendor.qti.hardware.perf@2.2-service: Unknown params
05-20 10:12:58.242  2140  7330 D ActivityTrigger: ActivityTrigger activityPauseTrigger
05-20 10:12:58.242  1084  1084 E vendor.qti.hardware.perf@2.2-service: Unknown params
05-20 10:12:58.246  3423  4135 D TaskStackChangeListeners: onTaskDisplayChanged =  taskId = 1568 newDisplayId = 0
05-20 10:12:58.247  3423  4135 D TaskStackChangeListeners: onTaskDescriptionChanged =  taskId = 1568
05-20 10:12:58.249  3423  4135 D RecentsModel: onTaskStackChangedBackground
05-20 10:12:58.249  3423  4135 D EventBus: No subscribers registered for event class com.miui.home.recents.messages.RecentTasksChangedEvent
05-20 10:12:58.249  3423  4135 D EventBus: No subscribers registered for event class org.greenrobot.eventbus.NoSubscriberEvent
05-20 10:12:58.249  3423 15538 D RecentsModel: onTaskStackChangedBackground
05-20 10:12:58.249  3423 15538 D EventBus: No subscribers registered for event class com.miui.home.recents.messages.RecentTasksChangedEvent
05-20 10:12:58.249  3423 15538 D EventBus: No subscribers registered for event class org.greenrobot.eventbus.NoSubscriberEvent
05-20 10:12:58.249  3423  4485 D RecentsModel: onTaskStackChangedBackground    MSG_TASK_STACK_CHANGE
05-20 10:12:58.249  3423  4485 D RecentsModel: preloadRecents
05-20 10:12:58.249  3423  4485 W RecentsModel: getRunningTask
05-20 10:12:58.249  3423  3423 D Launcher.Lifecycle: onPause:UserHandle{0},c2c3c97,true
05-20 10:12:58.249  3423  3423 D Launcher_UnlockAnimationStateMachine: onPause = IDLE
05-20 10:12:58.249  3423  3423 D Launcher_UnlockAnimationStateMachine: setState:PAUSE_WAIT
05-20 10:12:58.249  3423  3423 D MamlView: onPause
05-20 10:12:58.249  3423  3423 D MamlView: onPause
05-20 10:12:58.249  3423  4485 W RecentsModel: getRunningTask   taskInfo=TaskInfo{userId=0 taskId=2 displayId=0 isRunning=true baseIntent=Intent { act=android.intent.action.MAIN cat=[android.intent.category.HOME] flg=0x10800100 cmp=com.miui.home/.launcher.Launcher } baseActivity=ComponentInfo{com.miui.home/com.miui.home.launcher.Launcher} topActivity=ComponentInfo{com.miui.home/com.miui.home.launcher.Launcher} origActivity=null realActivity=ComponentInfo{com.miui.home/com.miui.home.launcher.Launcher} numActivities=1 lastActiveTime=9152980 supportsSplitScreenMultiWindow=true supportsMultiWindow=true resizeMode=2 isResizeable=true minWidth=-1 minHeight=-1 defaultMinSize=200 token=WCT{android.window.IWindowContainerToken$Stub$Proxy@e748a31} topActivityType=2 pictureInPictureParams=null shouldDockBigOverlays=false launchIntoPipHostTaskId=0 displayCutoutSafeInsets=null topActivityInfo=ActivityInfo{c9ff516 com.miui.home.launcher.Launcher} launchCookies=[] positionInParent=Point(0, 0) parentTaskId=-1 isFocused=true isVisible=true isSleeping=false topActivityInSizeCompat=false topActivityInMiuiSizeCompat=false topActivityEligibleForLetterboxEducation= false locusId=null displayAreaFeatureId=1 cameraCompatControlState=hidden mIsCastMode=false}
05-20 10:12:58.249  3423  4485 W RecentsModel: getTaskInfoIgnoreHomeAndFreeform   taskInfo=ComponentInfo{com.miui.home/com.miui.home.launcher.Launcher}
05-20 10:12:58.249  3423  3902 D RecentsModel: onTaskStackChangedBackground
05-20 10:12:58.249  3423  3902 D EventBus: No subscribers registered for event class com.miui.home.recents.messages.RecentTasksChangedEvent
05-20 10:12:58.250  3423  3902 D EventBus: No subscribers registered for event class org.greenrobot.eventbus.NoSubscriberEvent
05-20 10:12:58.250  6023  7648 D LauncherOverlay: setActivityState:1
05-20 10:12:58.250  6023  6023 D LauncherOverlay.Window: onPause
05-20 10:12:58.250 30574 30594 D LauncherOverlay: setActivityState:1
05-20 10:12:58.250  3423  4485 E ActivityManagerWrapper: get all recent tasks force including 2
05-20 10:12:58.250 30574 30574 D LauncherOverlay.Window: onPause
05-20 10:12:58.250 30574 30574 V Launch:NewHomeSlidingPanelWind: onPause() called
05-20 10:12:58.250 30574 30574 V Launch:NewHomeRootView: onPause() called
05-20 10:12:58.250  1084  1165 E ANDR-PERF-OPTSHANDLER: Can't process request: noroot_thread is not running
05-20 10:12:58.250  1084  1165 E ANDR-PERF-RESOURCEQS: Failed to apply optimization [7, 3]
05-20 10:12:58.251  1084  1165 E ANDR-PERF-OPTSHANDLER: Perflock resource /sys/class/devfreq/soc:qcom,cpubw/max_freq not supported
05-20 10:12:58.251  1084  1165 E ANDR-PERF-RESOURCEQS: Failed to apply optimization [6, 6]
05-20 10:12:58.251  1084  1165 E ANDR-PERF-OPTSHANDLER: Perflock resource /sys/class/devfreq/soc:qcom,cpubw/min_freq not supported
05-20 10:12:58.251  1084  1165 E ANDR-PERF-RESOURCEQS: Failed to apply optimization [6, 0]
05-20 10:12:58.252  3423  4485 E ActivityManagerWrapper: getRecentTasks: size=4
05-20 10:12:58.252  3423  4485 E ActivityManagerWrapper: getRecentTasks: mainTaskId=1568   userId=0   baseIntent=Intent { act=android.intent.action.MAIN flag=268468224 cmp=ComponentInfo{com.yp2048.repositories/androidx.activity.ComponentActivity} }
05-20 10:12:58.252  3423  4485 E ActivityManagerWrapper: getRecentTasks: mainTaskId=1539   userId=0   baseIntent=Intent { act=android.settings.WIFI_SETTINGS flag=335544320 cmp=ComponentInfo{com.android.settings/com.android.settings.Settings$WifiSettingsActivity} }
05-20 10:12:58.252  3423  4485 E ActivityManagerWrapper: getRecentTasks: mainTaskId=1538   userId=0   baseIntent=Intent { act=android.intent.action.SEARCH flag=268468224 cmp=ComponentInfo{com.android.quicksearchbox/com.android.quicksearchbox.SearchActivityTransparent} }
05-20 10:12:58.252  3423  4485 E ActivityManagerWrapper: getRecentTasks: mainTaskId=1526   userId=0   baseIntent=Intent { act=android.intent.action.MAIN flag=270532608 cmp=ComponentInfo{com.android.settings/com.android.settings.MainSettings} }
05-20 10:12:58.252  3423  3423 I Launcher.widget: onInvisible null
05-20 10:12:58.252  3423  3423 I Launcher.widget: onInvisible null
05-20 10:12:58.253  1271  4388 D MI-SF   : [FpsStat] construct...
05-20 10:12:58.253  2140  2227 D SurfaceControl: nativeSetScreenProjection ===> setScreenProjection
05-20 10:12:58.253  2140  2227 D SurfaceControl: nativeSetScreenProjection ===> setScreenProjection
05-20 10:12:58.255  5916  6047 D IdProviderImpl: getOAID from com.miui.analytics
05-20 10:12:58.255  1084  1084 E vendor.qti.hardware.perf@2.2-service: Unknown params
05-20 10:12:58.255  2140  4200 D PerfStubImpl: perfWarmLaunchBoost: com.yp2048.repositories, -1, 1
05-20 10:12:58.255  1084  1084 E vendor.qti.hardware.perf@2.2-service: Unknown params
05-20 10:12:58.255  1084  1165 E ANDR-PERF-OPTSHANDLER: Perflock resource /sys/class/devfreq/soc:qcom,cpubw/max_freq not supported
05-20 10:12:58.255  1084  1165 E ANDR-PERF-RESOURCEQS: Failed to apply optimization [6, 6]
05-20 10:12:58.255  1084  1165 E ANDR-PERF-OPTSHANDLER: Perflock resource /sys/class/devfreq/soc:qcom,cpubw/min_freq not supported
05-20 10:12:58.255  1084  1165 E ANDR-PERF-RESOURCEQS: Failed to apply optimization [6, 0]
05-20 10:12:58.255  1084  1084 E vendor.qti.hardware.perf@2.2-service: Unknown params
05-20 10:12:58.256  1084  1166 E ANDR-PERF-LM: MetaMeter: handleAsync() 166: AdaptLaunch Invalid Async
05-20 10:12:58.257  2140  4200 D CompatibilityInfo: mCompatibilityFlags - 0
05-20 10:12:58.257  2140  4200 D CompatibilityInfo: applicationDensity - 560
05-20 10:12:58.257  2140  4200 D CompatibilityInfo: applicationScale - 1.0
05-20 10:12:58.260  3423  4485 D RecentsModel: onTaskStackChangedBackground    MSG_TASK_STACK_CHANGE
05-20 10:12:58.260  3423  4485 D RecentsModel: preloadRecents
05-20 10:12:58.260  3423  4485 W RecentsModel: getRunningTask
05-20 10:12:58.260  5916  6047 D IdProviderImpl: getOAID from com.miui.analytics
05-20 10:12:58.262  5778 31236 I ProcessMonitor: onForegroundInfoChanged: ForegroundInfo{mForegroundPackageName='com.yp2048.repositories', mForegroundUid=10335, mForegroundPid=1336, mLastForegroundPackageName='com.miui.home', mLastForegroundUid=10106, mLastForegroundPid=3423, mMultiWindowForegroundPackageName='com.yp2048.repositories', mMultiWindowForegroundUid=10335, mFlags=0}
05-20 10:12:58.263  3635  9944 D A2dpLatencyMode: onForegroundActivitiesChanged, pid: 1336 uid: 10335 foregroundActivities: true
05-20 10:12:58.263  7192  7226 D PerfEngineController: ForegroundInfo{mForegroundPackageName='com.yp2048.repositories', mForegroundUid=10335, mForegroundPid=1336, mLastForegroundPackageName='com.miui.home', mLastForegroundUid=10106, mLastForegroundPid=3423, mMultiWindowForegroundPackageName='com.yp2048.repositories', mMultiWindowForegroundUid=10335, mFlags=0}
05-20 10:12:58.263  2140  2898 I MiuiNetworkPolicy: updateUidState uid = 10335, uidState = 2
05-20 10:12:58.263 29239 29263 I AICall_MemoryTrim: binder:29239_3 onAppBackground()
05-20 10:12:58.263  5551  5572 I NetworkBoostStatusManager: onForegroundInfoChanged uid:10335, isColdStart:false
05-20 10:12:58.263  5551  5572 I SLM-SRV-SLAToast: foreground uid:10335, isColdStart:false, isLinkTurboEnable:false
05-20 10:12:58.263  1271  1487 I SurfaceFlinger: setTransactionState focusRequest transactionId:9191230024344 frontWin:<null>
05-20 10:12:58.263  7227  7261 I GST     : forePkg: com.yp2048.repositories, preForePkg: com.miui.home
05-20 10:12:58.263  3635 19690 D A2dpLatencyMode: ForegroundInfo{mForegroundPackageName='com.yp2048.repositories', mForegroundUid=10335, mForegroundPid=1336, mLastForegroundPackageName='com.miui.home', mLastForegroundUid=10106, mLastForegroundPid=3423, mMultiWindowForegroundPackageName='com.yp2048.repositories', mMultiWindowForegroundUid=10335, mFlags=0}
05-20 10:12:58.264  7192  7598 I ThermalInfoCollector: collectForgroundAppsInfo: com.miui.home
05-20 10:12:58.264  7192  7892 D BL-BatteryLifeChecker:  onMessage. what = -10
05-20 10:12:58.264  7192  7892 D BL-BatteryLifeChecker:  onMessage. Foreground uid = 10106, isForeground = false
05-20 10:12:58.264  7192  7892 D BL-BatteryLifeChecker:  onMessage. what = -10
05-20 10:12:58.264  7192  7892 D BL-BatteryLifeChecker:  onMessage. Foreground uid = 10335, isForeground = true
05-20 10:12:58.266  1271  1271 I SurfaceFlinger: transactionIsReadyToBeApplied focusRequest transactionId:9191230024344
05-20 10:12:58.266  7192  7952 D ThermalIECHandler: IECAll48Allowed: false; IECMonitorAllowed: false; IECTestState: false
05-20 10:12:58.266  1271  1271 I SurfaceFlinger: addInputWindowCommands hasChanges
05-20 10:12:58.266  5778 31236 I GameBoosterService: onForegroundInfoChanged: Cur=com.yp2048.repositories	 last=com.miui.home
05-20 10:12:58.266  5778  5822 D p1      : myUserId = 0	currentUserId0
05-20 10:12:58.266  3423 15538 D AppObserver: ForegroundInfo{mForegroundPackageName='com.yp2048.repositories', mForegroundUid=10335, mForegroundPid=1336, mLastForegroundPackageName='com.miui.home', mLastForegroundUid=10106, mLastForegroundPid=3423, mMultiWindowForegroundPackageName='com.yp2048.repositories', mMultiWindowForegroundUid=10335, mFlags=0}
05-20 10:12:58.267  1084  1084 E vendor.qti.hardware.perf@2.2-service: Unknown params
05-20 10:12:58.267  1084  1084 E vendor.qti.hardware.perf@2.2-service: Unknown params
05-20 10:12:58.267  1084  1084 E vendor.qti.hardware.perf@2.2-service: Unknown params
05-20 10:12:58.268  3844  4157 W Parcel  : Expecting binder but got null!
05-20 10:12:58.269  3423  4485 W RecentsModel: getRunningTask   taskInfo=TaskInfo{userId=0 taskId=1568 displayId=0 isRunning=true baseIntent=Intent { act=android.intent.action.MAIN cat=[android.intent.category.LAUNCHER] flg=0x10008000 cmp=com.yp2048.repositories/androidx.activity.ComponentActivity } baseActivity=ComponentInfo{com.yp2048.repositories/androidx.activity.ComponentActivity} topActivity=ComponentInfo{com.yp2048.repositories/androidx.activity.ComponentActivity} origActivity=null realActivity=ComponentInfo{com.yp2048.repositories/androidx.activity.ComponentActivity} numActivities=1 lastActiveTime=9153000 supportsSplitScreenMultiWindow=true supportsMultiWindow=true resizeMode=1 isResizeable=true minWidth=-1 minHeight=-1 defaultMinSize=200 token=WCT{android.window.IWindowContainerToken$Stub$Proxy@ed2d884} topActivityType=1 pictureInPictureParams=null shouldDockBigOverlays=false launchIntoPipHostTaskId=0 displayCutoutSafeInsets=Rect(0, 137 - 0, 0) topActivityInfo=ActivityInfo{7d6986d androidx.activity.ComponentActivity} launchCookies=[] positionInParent=Point(0, 0) parentTaskId=-1 isFocused=true isVisible=false isSleeping=false topActivityInSizeCompat=false topActivityInMiuiSizeCompat=false topActivityEligibleForLetterboxEducation= false locusId=null displayAreaFeatureId=1 cameraCompatControlState=hidden mIsCastMode=false}
05-20 10:12:58.269  3423  4485 W RecentsModel: getTaskInfoIgnoreHomeAndFreeform   taskInfo=ComponentInfo{com.yp2048.repositories/androidx.activity.ComponentActivity}
05-20 10:12:58.269  5778 31236 D GameBoosterService: onGameStatusChange foreground:ForegroundInfo{mForegroundPackageName='com.yp2048.repositories', mForegroundUid=10335, mForegroundPid=1336, mLastForegroundPackageName='com.miui.home', mLastForegroundUid=10106, mLastForegroundPid=3423, mMultiWindowForegroundPackageName='com.yp2048.repositories', mMultiWindowForegroundUid=10335, mFlags=0}
05-20 10:12:58.269  5778 31236 I VideoBoxUtils: isSupportVideoBox: true
05-20 10:12:58.270  3423  3423 D Launcher.Lifecycle: onWindowFocusChanged:false,UserHandle{0},c2c3c97,true
05-20 10:12:58.270  3423  3423 D DecorView[Launcher]: onWindowFocusChanged hasWindowFocus false
05-20 10:12:58.271  2140  2898 I MiuiNetworkPolicy: updateUidState uid = 10261, uidState = 19
05-20 10:12:58.271  2140  2898 I MiuiNetworkPolicy: updateUidState uid = 10083, uidState = 19
05-20 10:12:58.273  6805  6910 D MyLog   : -->log(1): [Tid:394] [ActivationManager_ac] -->onPackageGoForeground(): packageName=com.yp2048.repositories, uid10335, myUid=0, pkgUserId=0
05-20 10:12:58.275  3423  4485 E ActivityManagerWrapper: get all recent tasks force including 1568
05-20 10:12:58.275  2140  2468 I libprocessgroup: Successfully killed process cgroup uid 10261 pid 27770 in 12ms
05-20 10:12:58.275  5916  6047 D IdProviderImpl: getOAID from com.miui.analytics
05-20 10:12:58.276  1336  1495 D AppScoutStateMachine: 1336-ScoutStateMachinecreated
05-20 10:12:58.278  7192  7952 D ThermalIECHandler: storeDataStyle: thermal_iec_monitor_persistence_data_style_iec_state; startIECTime: -1; IECScreenOffOverPeriodTime: 4915456
05-20 10:12:58.278  7192  7952 D ThermalScenarioManager: handleMessage -9
05-20 10:12:58.278  7192  7952 D ThermalScenarioManager: current: ScenarioName: 0
05-20 10:12:58.278  7192  7952 D ThermalScenarioManager: Element list : 97	97	98	98	99	99	99	99	99	99	99	99	99	99	99	99	99	99
05-20 10:12:58.278  7192  7952 D ThermalScenarioManager: match scenario 0
05-20 10:12:58.279  7192  7952 D ThermalIECHandler: storeDataStyle: thermal_iec_monitor_persistence_data_style_iec_state; startIECTime: -1; IECScreenOffOverPeriodTime: 4915456
05-20 10:12:58.280  5778 31236 I VideoToolBoxService: splitMode: onfalse
05-20 10:12:58.280  6805  6910 D MyLog   : -->log(1): [Tid:394] [ActivationDAO_ac] -->insertRecord(): result=true, record=ActivationRecord{id=0, packageName='com.yp2048.repositories', pageName='null', activeTime=1716171178275, caller='com.miui.home', activationSource='com.miui.home', installer='null', firstInstallTime=1716171176411, lastUpdateTime=1716171176411, versionName='1.0', versionCode=1, spaceId=0, traceId='null', activeId='null', uploadFlag=0, syncOneTrackFlag=0, isCachedItem=false}
05-20 10:12:58.280  2140  7367 D MiuiMultiWindowAdapter: MiuiMultiWindowAdapter::getFreeformVideoWhiteList::sSmallWindowWhiteList = [com.hunantv.imgo.activity, com.tencent.qqlive, com.qiyi.video, com.hunantv.imgo.activity.inter, com.tencent.qqlivei18n, com.iqiyi.i18n, tv.danmaku.bili]
05-20 10:12:58.280  1336  1336 D MiuiMultiWindowAdapter: MiuiMultiWindowAdapter::getFreeformVideoWhiteListInSystem::LIST_ABOUT_SUPPORT_LANDSCAPE_VIDEO = [com.hunantv.imgo.activity, com.tencent.qqlive, com.qiyi.video, com.hunantv.imgo.activity.inter, com.tencent.qqlivei18n, com.iqiyi.i18n, tv.danmaku.bili]
05-20 10:12:58.280  6805  6910 D MyLog   : -->log(1): [Tid:394] [OneTrackWrapper] -->appActiveBroadcast(): activationIntent=Intent { (has extras) }
05-20 10:12:58.281  3423  4485 E ActivityManagerWrapper: getRecentTasks: size=4
05-20 10:12:58.281  3423  4485 E ActivityManagerWrapper: getRecentTasks: mainTaskId=1568   userId=0   baseIntent=Intent { act=android.intent.action.MAIN flag=268468224 cmp=ComponentInfo{com.yp2048.repositories/androidx.activity.ComponentActivity} }
05-20 10:12:58.281  5778 31236 D FreeformUtil: retrieveFirstNoFreeformRootTaskInfo: windowMode = 1
05-20 10:12:58.281  3423  4485 E ActivityManagerWrapper: getRecentTasks: mainTaskId=1539   userId=0   baseIntent=Intent { act=android.settings.WIFI_SETTINGS flag=335544320 cmp=ComponentInfo{com.android.settings/com.android.settings.Settings$WifiSettingsActivity} }
05-20 10:12:58.281  3423  4485 E ActivityManagerWrapper: getRecentTasks: mainTaskId=1538   userId=0   baseIntent=Intent { act=android.intent.action.SEARCH flag=268468224 cmp=ComponentInfo{com.android.quicksearchbox/com.android.quicksearchbox.SearchActivityTransparent} }
05-20 10:12:58.281  3423  4485 E ActivityManagerWrapper: getRecentTasks: mainTaskId=1526   userId=0   baseIntent=Intent { act=android.intent.action.MAIN flag=270532608 cmp=ComponentInfo{com.android.settings/com.android.settings.MainSettings} }
05-20 10:12:58.281  5778 31236 I VideoToolBoxService: onForegroundInfoChanged: Exit Vtb
05-20 10:12:58.281  5778 31236 I AppPredictService: difTIme = 898756
05-20 10:12:58.281  5778  7079 E SuggestManager: openApp name = com.yp2048.repositories
05-20 10:12:58.281  5778  7079 I NewAutoTaskManager: app use - delay = 9223372036854775807, doRemove = false, doPost = false
05-20 10:12:58.282  5778 15683 E AppPredict: insert result = 9810
05-20 10:12:58.283  1271  1757 D RefreshRateConfigs: TouchBoost - choose Fps: 120.00 Hz
05-20 10:12:58.287  5778 31236 I BeautyService: onForegroundInfoChanged: Cur=com.yp2048.repositories	 last=com.miui.home
05-20 10:12:58.289  1336  1336 D LifecycleMonitor: Lifecycle status change: androidx.activity.ComponentActivity@6a06f6 in: PRE_ON_CREATE
05-20 10:12:58.289  3423  4135 D TaskStackChangeListeners: onTaskDescriptionChanged =  taskId = 1568
05-20 10:12:58.289  1336  1336 V ActivityScenario: Activity lifecycle changed event received but ignored because the reported transition was not ON_CREATE while the last known transition was PRE_ON_CREATE
05-20 10:12:58.290  6805  6910 D MyLog   : -->log(1): [Tid:394] [ActivationManager_ac] -->onSyncToOneTrackDone(): traceId=com.yp2048.repositories-2b4e43fb4ef91f52-1716171176548
05-20 10:12:58.292  6805  6910 D MyLog   : -->log(1): [Tid:394] [ActivationManager_ac] -->uploadEventToServer():
05-20 10:12:58.293  1336  1336 W libc    : Access denied finding property "ro.vendor.df.effect.conflict"
05-20 10:12:58.294  6805  6910 D TrafficStats: tagSocket(92) with statsTag=0xffffffff, statsUid=-1
05-20 10:12:58.296  1336  1336 E 48.repositories: Invalid ID 0x00000000.
05-20 10:12:58.298  1336  1336 D IS_CTS_MODE: true
05-20 10:12:58.298  1336  1336 D MULTI_WINDOW_ENABLED: false
05-20 10:12:58.299  1336  1336 D DecorView[]: getWindowModeFromSystem  windowmode is 1
05-20 10:12:58.308  1336  1336 D LifecycleMonitor: Lifecycle status change: androidx.activity.ComponentActivity@6a06f6 in: CREATED
05-20 10:12:58.308  1336  1336 V ActivityScenario: Update currentActivityStage to CREATED, currentActivity=androidx.activity.ComponentActivity@6a06f6
05-20 10:12:58.308  1336  1521 D ViewContentFactory: initViewContentFetcherClass
05-20 10:12:58.308  1336  1521 D ViewContentFactory: getInterceptorPackageInfo
05-20 10:12:58.309  1336  1521 D ViewContentFactory: getInitialApplication took 1ms
05-20 10:12:58.309  1336  1521 D ViewContentFactory: packageInfo.packageName: com.miui.catcherpatch
05-20 10:12:58.309  1336  1336 D LifecycleMonitor: Lifecycle status change: androidx.activity.ComponentActivity@6a06f6 in: STARTED
05-20 10:12:58.309  1336  1336 V ActivityScenario: Update currentActivityStage to STARTED, currentActivity=androidx.activity.ComponentActivity@6a06f6
05-20 10:12:58.311  1336  1336 D LifecycleMonitor: Lifecycle status change: androidx.activity.ComponentActivity@6a06f6 in: RESUMED
05-20 10:12:58.311  1336  1336 V ActivityScenario: Update currentActivityStage to RESUMED, currentActivity=androidx.activity.ComponentActivity@6a06f6
05-20 10:12:58.313  1336  1521 D ViewContentFactory: initViewContentFetcherClass took 6ms
05-20 10:12:58.314  1336  1521 I ContentCatcher: ViewContentFetcher : ViewContentFetcher
05-20 10:12:58.314  1336  1521 D ViewContentFactory: createInterceptor took 6ms
05-20 10:12:58.322  6805  8703 D AppUpdateXmsfLauncher: activityResumed intent : Intent { cmp=com.yp2048.repositories/androidx.activity.ComponentActivity (has extras) }
05-20 10:12:58.322  3423  3423 D RecentsImpl: mActivityStateObserver androidx.activity.ComponentActivity
05-20 10:12:58.323  3423  3423 W RecentsImpl: onResumed className=androidx.activity.ComponentActivity   mIsInAnotherPro=false   isKeyguardLocked=false   mSecuritySpaceGuideShown=false
05-20 10:12:58.323  3423  3423 D RecentsImpl: showNavStubView
05-20 10:12:58.323  3423  3423 D NavStubView_Touch: setKeepHidden    old=false   new=false
05-20 10:12:58.323  3423  4039 W RecentsImpl: disableTouchBySwipeStatusBar    disable=false
05-20 10:12:58.323  3423  4039 D GestureStubView_Touch: disableTouchBySwipeStatusBar    old=false   new=false
05-20 10:12:58.323  3423  4039 D GestureStubView_Touch: disableTouchBySwipeStatusBar    old=false   new=false
05-20 10:12:58.323  3423  4039 W RecentsImpl: disableBackStubWindow    disableTouch=false
05-20 10:12:58.323  3423  4039 D GestureStubView_Touch: disableTouch    old=true   new=false
05-20 10:12:58.323  3423  4039 D GestureStubView_Touch: updateTouchable    old=true   new=true
05-20 10:12:58.323  3423  4039 D GestureStubView_Touch: disableTouch    old=true   new=false
05-20 10:12:58.323  3423  4039 D GestureStubView_Touch: updateTouchable    old=true   new=true
05-20 10:12:58.323  3423  4039 D RecentsImpl: showBackStubWindow  hasNavigationBar=true
05-20 10:12:58.324  1084  1084 E vendor.qti.hardware.perf@2.2-service: Unknown params
05-20 10:12:58.324  1084  1084 E vendor.qti.hardware.perf@2.2-service: Unknown params
05-20 10:12:58.324  1084  1084 E vendor.qti.hardware.perf@2.2-service: Unknown params
05-20 10:12:58.323  3423  4039 D GestureStubView_Touch: setKeepHidden    old=true   new=false
05-20 10:12:58.324  3423  4039 D GestureStubView_Touch: updateTouchable    old=true   new=false
05-20 10:12:58.324  3423  4039 D GestureStubView_Touch:   updateTouchable---requestApplyInsets
05-20 10:12:58.325  3423  4039 W GestureStubView: adaptRotation   currentRotation=0   mRotation=0
05-20 10:12:58.325  3423  4039 D GestureStubView: resetRenderProperty: showGestureStub   isLayoutParamChanged=false
05-20 10:12:58.325  3423  4039 D GestureStubView_Touch: disableTouch    old=false   new=false
05-20 10:12:58.325  3423  4039 D GestureStubView: showGestureStub
05-20 10:12:58.325  3423  4039 D GestureStubView_Touch: setKeepHidden    old=true   new=false
05-20 10:12:58.325  3423  4039 D GestureStubView_Touch: updateTouchable    old=true   new=false
05-20 10:12:58.325  3423  4039 D GestureStubView_Touch:   updateTouchable---requestApplyInsets
05-20 10:12:58.325  3423  4039 W GestureStubView: adaptRotation   currentRotation=0   mRotation=0
05-20 10:12:58.325  3423  4039 D GestureStubView: resetRenderProperty: showGestureStub   isLayoutParamChanged=false
05-20 10:12:58.325  3423  4039 D GestureStubView_Touch: disableTouch    old=false   new=false
05-20 10:12:58.325  3423  4039 D GestureStubView: showGestureStub
05-20 10:12:58.325  6805  8703 I i.xmsf:services: oneway function results for code 3 on binder at 0xb4000077b8455d80 will be dropped but finished with status UNKNOWN_TRANSACTION
05-20 10:12:58.325  6364 32083 I com.xiaomi.xmsf: oneway function results for code 3 on binder at 0xb4000077b73470c0 will be dropped but finished with status UNKNOWN_TRANSACTION
05-20 10:12:58.325   875   875 I Zygote  : Process 27770 exited due to signal 9 (Killed)
05-20 10:12:58.325  1271  2575 D MI-SF   : [FpsStat] construct...
05-20 10:12:58.326  2140  7330 D SurfaceControl: nativeSetScreenProjection ===> setScreenProjection
05-20 10:12:58.326  2140  7330 D SurfaceControl: nativeSetScreenProjection ===> setScreenProjection
05-20 10:12:58.326  2140  2898 I MiuiNetworkPolicy: removeUidState uid = 10261
05-20 10:12:58.326  5551  5572 I NetworkBoostStatusManager: onUidGone uid: 10261
05-20 10:12:58.327  2140  3528 D ConnectivityService: ConnectivityService NetworkRequestInfo binderDied(uid/pid:10083/31158, [NetworkRequest [ REQUEST id=310, [ Capabilities: INTERNET&NOT_RESTRICTED&TRUSTED&NOT_VCN_MANAGED Uid: 10083 RequestorUid: 10083 RequestorPkg: com.android.quicksearchbox UnderlyingNetworks: Null] ]], android.os.BinderProxy@5458378)
05-20 10:12:58.327  2140  2911 D ConnectivityService: releasing NetworkRequest [ REQUEST id=310, [ Capabilities: INTERNET&NOT_RESTRICTED&TRUSTED&NOT_VCN_MANAGED Uid: 10083 RequestorUid: 10083 RequestorPkg: com.android.quicksearchbox UnderlyingNetworks: Null] ] (release request)
05-20 10:12:58.327  7192  7682 D UidObserver: onUidGone entry uid = 10261
05-20 10:12:58.327   875   875 I Zygote  : Process 31158 exited due to signal 9 (Killed)
05-20 10:12:58.328  2140  2468 I libprocessgroup: Successfully killed process cgroup uid 10083 pid 31158 in 0ms
05-20 10:12:58.329  3423  4039 D GestureStubView: gatherTransparentRegion: need render w:72  h:1920
05-20 10:12:58.329  3423  4039 D GestureStubView: gatherTransparentRegion: need render w:72  h:1920
05-20 10:12:58.331  1271  1487 I SurfaceFlinger: setTransactionState focusRequest transactionId:9191230024366 frontWin:a5695d5 com.yp2048.repositories/androidx.activity.ComponentActivity
05-20 10:12:58.332  1271  1271 I SurfaceFlinger: transactionIsReadyToBeApplied focusRequest transactionId:9191230024366
05-20 10:12:58.332  1271  1271 I SurfaceFlinger: addInputWindowCommands hasChanges
05-20 10:12:58.334  1084  1084 E vendor.qti.hardware.perf@2.2-service: Unknown params
05-20 10:12:58.334  1084  1084 E vendor.qti.hardware.perf@2.2-service: Unknown params
05-20 10:12:58.334  1084  1084 E vendor.qti.hardware.perf@2.2-service: Unknown params
05-20 10:12:58.334  1271  4388 W ServiceManager: Permission failure: android.permission.ACCESS_SURFACE_FLINGER from uid=10335 pid=0
05-20 10:12:58.334  1271  4388 D PermissionCache: checking android.permission.ACCESS_SURFACE_FLINGER for uid=10335 => denied (145 us)
05-20 10:12:58.334  1271  4388 W ServiceManager: Permission failure: android.permission.ROTATE_SURFACE_FLINGER from uid=10335 pid=0
05-20 10:12:58.334  1271  4388 D PermissionCache: checking android.permission.ROTATE_SURFACE_FLINGER for uid=10335 => denied (241 us)
05-20 10:12:58.335  1271  1487 W ServiceManager: Permission failure: android.permission.INTERNAL_SYSTEM_WINDOW from uid=10335 pid=1336
05-20 10:12:58.335  1271  1487 D PermissionCache: checking android.permission.INTERNAL_SYSTEM_WINDOW for uid=10335 => denied (362 us)
05-20 10:12:58.335  1271  4388 W ServiceManager: Permission failure: android.permission.INTERNAL_SYSTEM_WINDOW from uid=10335 pid=0
05-20 10:12:58.335  1271  4388 D PermissionCache: checking android.permission.INTERNAL_SYSTEM_WINDOW for uid=10335 => denied (680 us)
05-20 10:12:58.335  1336  1496 I AdrenoGLES-0: QUALCOMM build                   : 329cf4c2a7, I63533b1e29
05-20 10:12:58.335  1336  1496 I AdrenoGLES-0: Build Date                       : 01/31/23
05-20 10:12:58.335  1336  1496 I AdrenoGLES-0: OpenGL ES Shader Compiler Version: EV031.35.01.12
05-20 10:12:58.335  1336  1496 I AdrenoGLES-0: Local Branch                     :
05-20 10:12:58.335  1336  1496 I AdrenoGLES-0: Remote Branch                    : refs/tags/AU_LINUX_ANDROID_LA.UM.9.14.11.00.00.571.148
05-20 10:12:58.335  1336  1496 I AdrenoGLES-0: Remote Branch                    : NONE
05-20 10:12:58.335  1336  1496 I AdrenoGLES-0: Reconstruct Branch               : NOTHING
05-20 10:12:58.335  1336  1496 I AdrenoGLES-0: Build Config                     : S P 10.0.7 AArch64
05-20 10:12:58.335  1336  1496 I AdrenoGLES-0: Driver Path                      : /vendor/lib64/egl/libGLESv2_adreno.so
05-20 10:12:58.335  6805  8703 I i.xmsf:services: oneway function results for code 3 on binder at 0xb4000077b8455d80 will be dropped but finished with status UNKNOWN_TRANSACTION
05-20 10:12:58.336  6364 32083 I com.xiaomi.xmsf: oneway function results for code 3 on binder at 0xb4000077b73470c0 will be dropped but finished with status UNKNOWN_TRANSACTION
05-20 10:12:58.338  1336  1496 I AdrenoGLES-0: PFP: 0x016dc094, ME: 0x00000000
05-20 10:12:58.345  1336  1496 W libc    : Access denied finding property "vendor.migl.debug"
05-20 10:12:58.346  1336  1496 E libEGL  : pre_cache appList: ,,
05-20 10:12:58.347  1079  1481 I SDM     : HWCColorModeStc::GetColorModeCount: Supported color mode count = 3
05-20 10:12:58.347  1079  1481 I SDM     : HWCColorModeStc::GetColorModes: Color mode = 0 is supported
05-20 10:12:58.347  1079  1481 I SDM     : HWCColorModeStc::GetColorModes: Color mode = 7 is supported
05-20 10:12:58.347  1079  1481 I SDM     : HWCColorModeStc::GetColorModes: Color mode = 9 is supported
05-20 10:12:58.347  1271  4388 D MI-SF   : addDolbyVisionHdr enter hdrTypes 2
05-20 10:12:58.347  1271  4388 D MI-SF   : debug.config.media.video.dolby_vision_suports == false
05-20 10:12:58.350  1336  1496 D 48.repositories: MiuiProcessManagerServiceStub setSchedFifo
05-20 10:12:58.350  1336  1496 I MiuiProcessManagerImpl: setSchedFifo pid:1336, mode:3
05-20 10:12:58.352   639   639 I servicemanager: Could not find android.hardware.graphics.allocator.IAllocator/default in the VINTF manifest.
05-20 10:12:58.358  3423  4135 D RecentsModel: onTaskStackChangedBackground
05-20 10:12:58.358  3423  4485 D RecentsModel: onTaskStackChangedBackground    MSG_TASK_STACK_CHANGE
05-20 10:12:58.358  3423  4485 D RecentsModel: preloadRecents
05-20 10:12:58.358  3423  4485 W RecentsModel: getRunningTask
05-20 10:12:58.358  3423 15538 D RecentsModel: onTaskStackChangedBackground
05-20 10:12:58.358  3423 15538 D EventBus: No subscribers registered for event class com.miui.home.recents.messages.RecentTasksChangedEvent
05-20 10:12:58.358  3423 15538 D EventBus: No subscribers registered for event class org.greenrobot.eventbus.NoSubscriberEvent
05-20 10:12:58.358  3423  3902 D RecentsModel: onTaskStackChangedBackground
05-20 10:12:58.358  3423  3902 D EventBus: No subscribers registered for event class com.miui.home.recents.messages.RecentTasksChangedEvent
05-20 10:12:58.358  3423  3902 D EventBus: No subscribers registered for event class org.greenrobot.eventbus.NoSubscriberEvent
05-20 10:12:58.358  3423  4135 D RecentsModel: onTaskStackChangedBackground
05-20 10:12:58.358  5778 31236 I SCTaskStackListener: onTaskStackChanged! inSplit = false
05-20 10:12:58.358  3423  4135 D EventBus: No subscribers registered for event class com.miui.home.recents.messages.RecentTasksChangedEvent
05-20 10:12:58.358  3423  4135 D EventBus: No subscribers registered for event class org.greenrobot.eventbus.NoSubscriberEvent
05-20 10:12:58.359  7192  7682 I MultiScreenObserver: onTaskStackChanged, splitScreenMode: false isCameraFloat: false isSmallScreen: false
05-20 10:12:58.359  5778  5822 I SCTaskStackListener: onTaskStackChanged! inSplit = false
05-20 10:12:58.361  1336  1496 E libEGL  : pre_cache appList: ,,
05-20 10:12:58.362  3844  3844 D CentralSurfaces: Received new disable state: Old: enaihbCrso.qingr | New: enaihbcrso.qingr (changed: c.)
05-20 10:12:58.362  3844  3844 D CollapsedStatusBarFragment: adjustDisableFlags: PanelExpansionState = 0 mHideIconsForBouncer = false mWereIconsJustHidden = false, mWakeUpCoordinator.getNotificationsFullyHidden = false, mIsExpanded = false, mBypassController.getBypassEnabled = false, mStatusBarStateController.getState() = 0, mKeyguardStateController.isKeyguardGoingAway() = false, mHeadsUpManager.hasPinnedHeadsUp = false, mIsLaunchAnimationRunning = false, mHideIconsDuringLaunchAnimation = true, isFullWidth()true, mShowIconsWhenExpanded = true, mControlPanelExpand = false
05-20 10:12:58.362  3844  3844 D ControlCenter: disable1: 0x00800000 -> 0x00000000 (diff1: 0x00800000)
05-20 10:12:58.362  3844  3844 D ControlCenter: disable2: 0x00000000 -> 0x00000000 (diff2: 0x00000000)
05-20 10:12:58.363  3423  4485 W RecentsModel: getRunningTask   taskInfo=TaskInfo{userId=0 taskId=1568 displayId=0 isRunning=true baseIntent=Intent { act=android.intent.action.MAIN cat=[android.intent.category.LAUNCHER] flg=0x10008000 cmp=com.yp2048.repositories/androidx.activity.ComponentActivity } baseActivity=ComponentInfo{com.yp2048.repositories/androidx.activity.ComponentActivity} topActivity=ComponentInfo{com.yp2048.repositories/androidx.activity.ComponentActivity} origActivity=null realActivity=ComponentInfo{com.yp2048.repositories/androidx.activity.ComponentActivity} numActivities=1 lastActiveTime=9153089 supportsSplitScreenMultiWindow=true supportsMultiWindow=true resizeMode=1 isResizeable=true minWidth=-1 minHeight=-1 defaultMinSize=200 token=WCT{android.window.IWindowContainerToken$Stub$Proxy@23890ee} topActivityType=1 pictureInPictureParams=null shouldDockBigOverlays=false launchIntoPipHostTaskId=0 displayCutoutSafeInsets=Rect(0, 137 - 0, 0) topActivityInfo=ActivityInfo{452698f androidx.activity.ComponentActivity} launchCookies=[] positionInParent=Point(0, 0) parentTaskId=-1 isFocused=true isVisible=true isSleeping=false topActivityInSizeCompat=false topActivityInMiuiSizeCompat=false topActivityEligibleForLetterboxEducation= false locusId=null displayAreaFeatureId=1 cameraCompatControlState=hidden mIsCastMode=false}
05-20 10:12:58.363  3423  4485 W RecentsModel: getTaskInfoIgnoreHomeAndFreeform   taskInfo=ComponentInfo{com.yp2048.repositories/androidx.activity.ComponentActivity}
05-20 10:12:58.363  3423  3999 D StatusBarController: handleMessage: flag 800000  disable false
05-20 10:12:58.364  3423  4485 E ActivityManagerWrapper: get all recent tasks force including 1568
05-20 10:12:58.364  3423  3423 D Launcher_WallpaperUtils: changeStatusBarMode:false
05-20 10:12:58.367  3423  4485 E ActivityManagerWrapper: getRecentTasks: size=4
05-20 10:12:58.367  3423  4485 E ActivityManagerWrapper: getRecentTasks: mainTaskId=1568   userId=0   baseIntent=Intent { act=android.intent.action.MAIN flag=268468224 cmp=ComponentInfo{com.yp2048.repositories/androidx.activity.ComponentActivity} }
05-20 10:12:58.367  3423  4485 E ActivityManagerWrapper: getRecentTasks: mainTaskId=1539   userId=0   baseIntent=Intent { act=android.settings.WIFI_SETTINGS flag=335544320 cmp=ComponentInfo{com.android.settings/com.android.settings.Settings$WifiSettingsActivity} }
05-20 10:12:58.367  3423  4485 E ActivityManagerWrapper: getRecentTasks: mainTaskId=1538   userId=0   baseIntent=Intent { act=android.intent.action.SEARCH flag=268468224 cmp=ComponentInfo{com.android.quicksearchbox/com.android.quicksearchbox.SearchActivityTransparent} }
05-20 10:12:58.367  3423  4485 E ActivityManagerWrapper: getRecentTasks: mainTaskId=1526   userId=0   baseIntent=Intent { act=android.intent.action.MAIN flag=270532608 cmp=ComponentInfo{com.android.settings/com.android.settings.MainSettings} }
05-20 10:12:58.369  3423  4485 D RecentsModel: onTaskStackChangedBackground    MSG_TASK_STACK_CHANGE
05-20 10:12:58.369  3423  4485 D RecentsModel: preloadRecents
05-20 10:12:58.369  3423  4485 W RecentsModel: getRunningTask
05-20 10:12:58.372  3423  4485 W RecentsModel: getRunningTask   taskInfo=TaskInfo{userId=0 taskId=1568 displayId=0 isRunning=true baseIntent=Intent { act=android.intent.action.MAIN cat=[android.intent.category.LAUNCHER] flg=0x10008000 cmp=com.yp2048.repositories/androidx.activity.ComponentActivity } baseActivity=ComponentInfo{com.yp2048.repositories/androidx.activity.ComponentActivity} topActivity=ComponentInfo{com.yp2048.repositories/androidx.activity.ComponentActivity} origActivity=null realActivity=ComponentInfo{com.yp2048.repositories/androidx.activity.ComponentActivity} numActivities=1 lastActiveTime=9153101 supportsSplitScreenMultiWindow=true supportsMultiWindow=true resizeMode=1 isResizeable=true minWidth=-1 minHeight=-1 defaultMinSize=200 token=WCT{android.window.IWindowContainerToken$Stub$Proxy@6dab41c} topActivityType=1 pictureInPictureParams=null shouldDockBigOverlays=false launchIntoPipHostTaskId=0 displayCutoutSafeInsets=Rect(0, 137 - 0, 0) topActivityInfo=ActivityInfo{7a76825 androidx.activity.ComponentActivity} launchCookies=[] positionInParent=Point(0, 0) parentTaskId=-1 isFocused=true isVisible=true isSleeping=false topActivityInSizeCompat=false topActivityInMiuiSizeCompat=false topActivityEligibleForLetterboxEducation= false locusId=null displayAreaFeatureId=1 cameraCompatControlState=hidden mIsCastMode=false}
05-20 10:12:58.372  3423  4485 W RecentsModel: getTaskInfoIgnoreHomeAndFreeform   taskInfo=ComponentInfo{com.yp2048.repositories/androidx.activity.ComponentActivity}
05-20 10:12:58.374  3423  4485 E ActivityManagerWrapper: get all recent tasks force including 1568
05-20 10:12:58.374  1336  1496 W Parcel  : Expecting binder but got null!
05-20 10:12:58.377  3423  4485 E ActivityManagerWrapper: getRecentTasks: size=4
05-20 10:12:58.377  3423  4485 E ActivityManagerWrapper: getRecentTasks: mainTaskId=1568   userId=0   baseIntent=Intent { act=android.intent.action.MAIN flag=268468224 cmp=ComponentInfo{com.yp2048.repositories/androidx.activity.ComponentActivity} }
05-20 10:12:58.377  3423  4485 E ActivityManagerWrapper: getRecentTasks: mainTaskId=1539   userId=0   baseIntent=Intent { act=android.settings.WIFI_SETTINGS flag=335544320 cmp=ComponentInfo{com.android.settings/com.android.settings.Settings$WifiSettingsActivity} }
05-20 10:12:58.377  3423  4485 E ActivityManagerWrapper: getRecentTasks: mainTaskId=1538   userId=0   baseIntent=Intent { act=android.intent.action.SEARCH flag=268468224 cmp=ComponentInfo{com.android.quicksearchbox/com.android.quicksearchbox.SearchActivityTransparent} }
05-20 10:12:58.377  3423  4485 E ActivityManagerWrapper: getRecentTasks: mainTaskId=1526   userId=0   baseIntent=Intent { act=android.intent.action.MAIN flag=270532608 cmp=ComponentInfo{com.android.settings/com.android.settings.MainSettings} }
05-20 10:12:58.380  2140  2410 W ziparchive: Unable to open '/data/app/~~HKioGD9SaiTKSJIf-u-ylg==/com.yp2048.repositories-3VdWqTP8USmeYdNG-h-7Lw==/base.dm': No such file or directory
05-20 10:12:58.381  1084  1084 E vendor.qti.hardware.perf@2.2-service: Unknown params
05-20 10:12:58.383  2140  2410 I ActivityTaskManager: Displayed com.yp2048.repositories/androidx.activity.ComponentActivity: +149ms
05-20 10:12:58.383  1084  1084 E vendor.qti.hardware.perf@2.2-service: Unknown params
05-20 10:12:58.385  1079  1481 E SDM     : HWCSession::GetClientTargetProperty: GetClinetTargetProperty interface enter
05-20 10:12:58.385  1336  1336 D DecorView[]: onWindowFocusChanged hasWindowFocus true
05-20 10:12:58.385  1336  1336 I HandWritingStubImpl: refreshLastKeyboardType: 1
05-20 10:12:58.385  1336  1336 I HandWritingStubImpl: getCurrentKeyboardType: 1
05-20 10:12:58.387  8853  8853 E BaseInputMethodService: onUnbindInput
05-20 10:12:58.387  1271  1271 I MI-SF   : surfaceflinger setAffinity mode=1
05-20 10:12:58.388  1271  1271 I MI-SF   : surfaceflinger setreAffinity reTid=1505
05-20 10:12:58.390  8853  8853 E BaseInputMethodService: onBindInput
05-20 10:12:58.390  1084  1165 E ANDR-PERF-OPTSHANDLER: Cannot open/create foreground cgroup file
05-20 10:12:58.386  1084  1084 W perf@2.2-servic: type=1400 audit(0.0:11089): avc: denied { dac_override } for capability=1 scontext=u:r:vendor_hal_perf_default:s0 tcontext=u:r:vendor_hal_perf_default:s0 tclass=capability permissive=0
05-20 10:12:58.391  8853  8853 E BaseInputMethodService: onStartInput
05-20 10:12:58.391  1336  1336 I HandWritingStubImpl: getCurrentKeyboardType: 1
05-20 10:12:58.391  1079  1481 E SDM     : HWCSession::GetClientTargetProperty: GetClinetTargetProperty interface enter
05-20 10:12:58.393  1084  1165 E ANDR-PERF-OPTSHANDLER: Cannot open/create foreground cgroup file
05-20 10:12:58.386  1084  1084 W perf@2.2-servic: type=1400 audit(0.0:11090): avc: denied { dac_override } for capability=1 scontext=u:r:vendor_hal_perf_default:s0 tcontext=u:r:vendor_hal_perf_default:s0 tclass=capability permissive=0
05-20 10:12:58.400  1079  1481 E SDM     : HWCSession::GetClientTargetProperty: GetClinetTargetProperty interface enter
05-20 10:12:58.400  1084  1165 E ANDR-PERF-OPTSHANDLER: Cannot open/create foreground cgroup file
05-20 10:12:58.394  1084  1084 W perf@2.2-servic: type=1400 audit(0.0:11091): avc: denied { dac_override } for capability=1 scontext=u:r:vendor_hal_perf_default:s0 tcontext=u:r:vendor_hal_perf_default:s0 tclass=capability permissive=0
05-20 10:12:58.408  1079  1481 E SDM     : HWCSession::GetClientTargetProperty: GetClinetTargetProperty interface enter
05-20 10:12:58.409  1084  1165 E ANDR-PERF-OPTSHANDLER: Cannot open/create foreground cgroup file
05-20 10:12:58.402  1084  1084 W perf@2.2-servic: type=1400 audit(0.0:11092): avc: denied { dac_override } for capability=1 scontext=u:r:vendor_hal_perf_default:s0 tcontext=u:r:vendor_hal_perf_default:s0 tclass=capability permissive=0
05-20 10:12:58.416  1079  1481 E SDM     : HWCSession::GetClientTargetProperty: GetClinetTargetProperty interface enter
05-20 10:12:58.416  1084  1165 E ANDR-PERF-OPTSHANDLER: Cannot open/create foreground cgroup file
05-20 10:12:58.410  1084  1084 W perf@2.2-servic: type=1400 audit(0.0:11093): avc: denied { dac_override } for capability=1 scontext=u:r:vendor_hal_perf_default:s0 tcontext=u:r:vendor_hal_perf_default:s0 tclass=capability permissive=0
05-20 10:12:58.424  1079  1481 E SDM     : HWCSession::GetClientTargetProperty: GetClinetTargetProperty interface enter
05-20 10:12:58.425  1084  1165 E ANDR-PERF-OPTSHANDLER: Cannot open/create foreground cgroup file
05-20 10:12:58.433  1079  1481 E SDM     : HWCSession::GetClientTargetProperty: GetClinetTargetProperty interface enter
05-20 10:12:58.433  1084  1165 E ANDR-PERF-OPTSHANDLER: Cannot open/create foreground cgroup file
05-20 10:12:58.441  1079  1481 E SDM     : HWCSession::GetClientTargetProperty: GetClinetTargetProperty interface enter
05-20 10:12:58.441  1084  1165 E ANDR-PERF-OPTSHANDLER: Cannot open/create foreground cgroup file
05-20 10:12:58.449  1079  1481 E SDM     : HWCSession::GetClientTargetProperty: GetClinetTargetProperty interface enter
05-20 10:12:58.449  1084  1165 E ANDR-PERF-OPTSHANDLER: Cannot open/create foreground cgroup file
05-20 10:12:58.457  1079  1481 E SDM     : HWCSession::GetClientTargetProperty: GetClinetTargetProperty interface enter
05-20 10:12:58.458  1084  1165 E ANDR-PERF-OPTSHANDLER: Cannot open/create foreground cgroup file
05-20 10:12:58.461   875   875 D Zygote  : Forked child process 1558
05-20 10:12:58.466  1079  1481 E SDM     : HWCSession::GetClientTargetProperty: GetClinetTargetProperty interface enter
05-20 10:12:58.466  1084  1165 E ANDR-PERF-OPTSHANDLER: Cannot open/create foreground cgroup file
05-20 10:12:58.472  1558  1558 E .quicksearchbox: Not starting debugger since process cannot load the jdwp agent.
05-20 10:12:58.474  1079  1481 E SDM     : HWCSession::GetClientTargetProperty: GetClinetTargetProperty interface enter
05-20 10:12:58.475  1558  1558 I MessageMonitor: Load libmiui_runtime
05-20 10:12:58.476  1084  1165 E ANDR-PERF-OPTSHANDLER: Cannot open/create foreground cgroup file
05-20 10:12:58.477  2140  7307 D SymlinkUtils: attachApplication file op go pass: 0 ms
05-20 10:12:58.478  2140  7307 D CompatibilityInfo: mCompatibilityFlags - 0
05-20 10:12:58.478  2140  7307 D CompatibilityInfo: applicationDensity - 560
05-20 10:12:58.478  2140  7307 D CompatibilityInfo: applicationScale - 1.0
05-20 10:12:58.479  2140  2898 I MiuiNetworkPolicy: updateUidState uid = 10083, uidState = 3
05-20 10:12:58.480  2140  2898 I MiuiNetworkPolicyTrafficLimit: updateWhiteListUidForMobileTraffic uid=10083,add=true
05-20 10:12:58.480  2140  2898 D MiuiNetworkPolicyTrafficLimit: updateWhiteListUidForMobileTraffic rst=true
05-20 10:12:58.481  1558  1558 I ActivityThread: Relaunch all activities: onCoreSettingsChange
05-20 10:12:58.481  1558  1558 D CompatibilityChangeReporter: Compat change id reported: 171979766; UID 10083; state: ENABLED
05-20 10:12:58.481  5239 22028 W MQSService: CallerName:com.android.quicksearchbox,calling Uid:10083
05-20 10:12:58.481  5239 22028 D MQSService: registerApplicationScoutThread pid = 1558, packageName = com.android.quicksearchbox
05-20 10:12:58.482  1079  1481 E SDM     : HWCSession::GetClientTargetProperty: GetClinetTargetProperty interface enter
05-20 10:12:58.483  1084  1165 E ANDR-PERF-OPTSHANDLER: Cannot open/create foreground cgroup file
05-20 10:12:58.491  1079  1481 E SDM     : HWCSession::GetClientTargetProperty: GetClinetTargetProperty interface enter
05-20 10:12:58.491  1084  1165 E ANDR-PERF-OPTSHANDLER: Cannot open/create foreground cgroup file
05-20 10:12:58.496  1558  1558 I Perf    : Connecting to perf service.
05-20 10:12:58.496  6805  6910 W PushService: [Tid:394] Http POST Response Code: 200
05-20 10:12:58.496  6805  6910 D MyLog   : -->log(1): [Tid:394] [ActivationUploadHelper_ac] -->uploadRecordSync(): respStr={"result":"ok","reason":"Success","trace_id":"Xcm67743716171179403O3","code":0,"description":"成功"}
05-20 10:12:58.497  6805  6910 D MyLog   : -->log(1): [Tid:394] [ActivationDAO_ac] -->updateUploadFlag(): result=true, packageName=com.yp2048.repositories
05-20 10:12:58.497  1558  1558 V GraphicsEnvironment: ANGLE Developer option for 'com.android.quicksearchbox' set to: 'default'
05-20 10:12:58.497  6805  6910 D MyLog   : -->log(1): [Tid:394] [ActivationManager_ac] <--uploadEventToServer(), request finished. result=RespInfo{reason='Success', code=0, description='成功'}
05-20 10:12:58.497  1558  1558 V GraphicsEnvironment: ANGLE GameManagerService for com.android.quicksearchbox: false
05-20 10:12:58.498  6805  6910 D MyLog   : -->log(1): [Tid:394] [ActivationDAO_ac] -->queryNotSyncedRecord(): cnt=0
05-20 10:12:58.499  1558  1558 I ForceDarkHelperStubImpl: initialize for com.android.quicksearchbox , ForceDarkOrigin
05-20 10:12:58.499  1079  1481 E SDM     : HWCSession::GetClientTargetProperty: GetClinetTargetProperty interface enter
05-20 10:12:58.500  1558  1558 D .quicksearchbox: JNI_OnLoad success
